<html>
<body>
<pre>
<h1>礦ision Build Log</h1>
<h2>Tool Versions:</h2>
IDE-Version: μVision V5.21.1.0
Copyright (C) 2016 ARM Ltd and ARM Germany GmbH. All rights reserved.
License Information: 11 Administrator, 1, LIC=V85FW-Q0Y0U-TLECD-8XJW2-Z9PMH-YMG87
 
Tool Versions:
Toolchain:       MDK-ARM Professional  Version: 5.21a
Toolchain Path:  D:\Program Files\keil_v5\ARM\ARMCC\Bin
C Compiler:      Armcc.exe V5.06 update 3 (build 300)
Assembler:       Armasm.exe V5.06 update 3 (build 300)
Linker/Locator:  ArmLink.exe V5.06 update 3 (build 300)
Library Manager: ArmAr.exe V5.06 update 3 (build 300)
Hex Converter:   FromElf.exe V5.06 update 3 (build 300)
CPU DLL:         SARMCM3.DLL V5.21a
Dialog DLL:      DCM.DLL V1.13.8.0
Target DLL:      CMSIS_AGDI.dll V1.26.5.0
Dialog DLL:      TCM.DLL V1.14.14.0
 
<h2>Project:</h2>
C:\Users\Administrator\Desktop\实验8 定时器中断实验\USER\TIMER.uvprojx
Project File Date:  12/17/2020

<h2>Output:</h2>
*** Using Compiler 'V5.06 update 3 (build 300)', folder: 'D:\Program Files\keil_v5\ARM\ARMCC\Bin'
Rebuild target 'TIMER'
assembling startup_stm32f40_41xxx.s...
compiling sys.c...
compiling stm32f4xx_gpio.c...
compiling delay.c...
compiling misc.c...
compiling stm32f4xx_it.c...
compiling main.c...
compiling usart.c...
..\SYSTEM\usart\usart.c(76): warning:  #177-D: variable "NVIC_InitStructure" was declared but never referenced
  	NVIC_InitTypeDef NVIC_InitStructure;
..\SYSTEM\usart\usart.c: 1 warning, 0 errors
compiling system_stm32f4xx.c...
compiling timer.c...
compiling key.c...
compiling led.c...
compiling stm32f4xx_rcc.c...
compiling stm32f4xx_syscfg.c...
compiling stm32f4xx_usart.c...
compiling stm32f4xx_tim.c...
linking...
Program Size: Code=9076 RO-data=424 RW-data=72 ZI-data=1832  
FromELF: creating hex file...
"..\OBJ\TIMER.axf" - 0 Error(s), 1 Warning(s).

<h2>Collection of Component include folders:</h2>
  C:\Users\Administrator\Desktop\实验8 定时器中断实验\USER\RTE
  D:\Program Files\keil_v5\ARM\PACK\Keil\STM32F4xx_DFP\2.9.0\Drivers\CMSIS\Device\ST\STM32F4xx\Include

<h2>Collection of Component Files used:</h2>
Build Time Elapsed:  00:00:06
</pre>
</body>
</html>
