Component: ARM Compiler 5.06 update 6 (build 750) Tool: armlink [4d35ed]

==============================================================================

Section Cross References

    main.o(.text) refers to usart.o(.text) for uart_init
    main.o(.text) refers to my_app.o(.text) for my_app_init
    system_stm32f4xx.o(.text) refers to system_stm32f4xx.o(.data) for SystemCoreClock
    usart.o(.text) refers to stm32f4xx_rcc.o(.text) for RCC_AHB1PeriphClockCmd
    usart.o(.text) refers to stm32f4xx_gpio.o(.text) for GPIO_PinAFConfig
    usart.o(.text) refers to stm32f4xx_usart.o(.text) for USART_Init
    usart.o(.text) refers to usart.o(.data) for USART_RX_STA
    usart.o(.text) refers to usart.o(.bss) for USART_RX_BUF
    startup_stm32f40_41xxx.o(STACK) refers (Special) to heapauxi.o(.text) for __use_two_region_memory
    startup_stm32f40_41xxx.o(HEAP) refers (Special) to heapauxi.o(.text) for __use_two_region_memory
    startup_stm32f40_41xxx.o(RESET) refers (Special) to heapauxi.o(.text) for __use_two_region_memory
    startup_stm32f40_41xxx.o(RESET) refers to startup_stm32f40_41xxx.o(STACK) for __initial_sp
    startup_stm32f40_41xxx.o(RESET) refers to startup_stm32f40_41xxx.o(.text) for Reset_Handler
    startup_stm32f40_41xxx.o(RESET) refers to stm32f4xx_it.o(.text) for NMI_Handler
    startup_stm32f40_41xxx.o(RESET) refers to usart.o(.text) for USART1_IRQHandler
    startup_stm32f40_41xxx.o(.text) refers (Special) to heapauxi.o(.text) for __use_two_region_memory
    startup_stm32f40_41xxx.o(.text) refers to system_stm32f4xx.o(.text) for SystemInit
    startup_stm32f40_41xxx.o(.text) refers to __main.o(!!!main) for __main
    startup_stm32f40_41xxx.o(.text) refers to startup_stm32f40_41xxx.o(HEAP) for Heap_Mem
    startup_stm32f40_41xxx.o(.text) refers to startup_stm32f40_41xxx.o(STACK) for Stack_Mem
    stm32f4xx_gpio.o(.text) refers to stm32f4xx_rcc.o(.text) for RCC_AHB1PeriphResetCmd
    stm32f4xx_fsmc.o(.text) refers to stm32f4xx_fsmc.o(.constdata) for FSMC_DefaultTimingStruct
    stm32f4xx_rcc.o(.text) refers to stm32f4xx_rcc.o(.data) for APBAHBPrescTable
    stm32f4xx_syscfg.o(.text) refers to stm32f4xx_rcc.o(.text) for RCC_APB2PeriphResetCmd
    stm32f4xx_usart.o(.text) refers to stm32f4xx_rcc.o(.text) for RCC_APB2PeriphResetCmd
    my_app.o(.text) refers to mcp3421.o(.text) for mcp3421_init
    my_app.o(.text) refers to lmt70.o(.text) for lmt70_init
    my_app.o(.text) refers to port_debug.o(.text) for pr
    my_app.o(.text) refers to port_delay.o(.text) for port_delay_ms
    my_app.o(.text) refers to my_app.o(.data) for mcp
    lmt70.o(.text) refers to lmt70.o(.data) for v2t_tabl
    mcp3421.o(.text) refers to port_iic.o(.text) for iic_init
    mcp3421.o(.text) refers to dflt_clz.o(x$fpl$dfltu) for __aeabi_ui2d
    mcp3421.o(.text) refers to dmul.o(x$fpl$dmul) for __aeabi_dmul
    mcp3421.o(.text) refers to d2f.o(x$fpl$d2f) for __aeabi_d2f
    port_debug.o(.rev16_text) refers (Special) to use_no_semi.o(.text) for __use_no_semihosting_swi
    port_debug.o(.revsh_text) refers (Special) to use_no_semi.o(.text) for __use_no_semihosting_swi
    port_debug.o(.text) refers (Special) to use_no_semi.o(.text) for __use_no_semihosting_swi
    port_debug.o(.text) refers to _printf_percent.o(.ARM.Collect$$_printf_percent$$00000000) for _printf_percent
    port_debug.o(.text) refers to _printf_s.o(.ARM.Collect$$_printf_percent$$00000014) for _printf_s
    port_debug.o(.text) refers to _printf_str.o(.text) for _printf_str
    port_debug.o(.text) refers to __2printf.o(.text) for __2printf
    port_debug.o(.text) refers to c89vprintf.o(.text) for __c89vprintf
    port_debug.o(.text) refers to port_debug.o(.data) for __stdout
    port_debug.o(.data) refers (Special) to use_no_semi.o(.text) for __use_no_semihosting_swi
    port_delay.o(.text) refers to misc.o(.text) for SysTick_CLKSourceConfig
    port_delay.o(.text) refers to port_delay.o(.data) for fac_us
    port_iic.o(.text) refers to port_delay.o(.text) for port_delay_us
    port_iic.o(.text) refers to stm32f4xx_rcc.o(.text) for RCC_AHB1PeriphClockCmd
    port_iic.o(.text) refers to stm32f4xx_gpio.o(.text) for GPIO_Init
    port_iic.o(.text) refers to port_iic.o(.bss) for iic_txbuf
    c89vprintf.o(.text) refers (Special) to _printf_a.o(.ARM.Collect$$_printf_percent$$00000006) for _printf_a
    c89vprintf.o(.text) refers (Special) to _printf_c.o(.ARM.Collect$$_printf_percent$$00000013) for _printf_c
    c89vprintf.o(.text) refers (Special) to _printf_charcount.o(.text) for _printf_charcount
    c89vprintf.o(.text) refers (Special) to _printf_d.o(.ARM.Collect$$_printf_percent$$00000009) for _printf_d
    c89vprintf.o(.text) refers (Special) to _printf_e.o(.ARM.Collect$$_printf_percent$$00000004) for _printf_e
    c89vprintf.o(.text) refers (Special) to _printf_f.o(.ARM.Collect$$_printf_percent$$00000003) for _printf_f
    c89vprintf.o(.text) refers (Special) to printf1.o(x$fpl$printf1) for _printf_fp_dec
[...]
    .ARM.Collect$$_printf_percent$$00000004  0x0800020e   Section        6  _printf_e.o(.ARM.Collect$$_printf_percent$$00000004)
    .ARM.Collect$$_printf_percent$$00000005  0x08000214   Section        6  _printf_g.o(.ARM.Collect$$_printf_percent$$00000005)
    .ARM.Collect$$_printf_percent$$00000006  0x0800021a   Section        6  _printf_a.o(.ARM.Collect$$_printf_percent$$00000006)
    .ARM.Collect$$_printf_percent$$00000007  0x08000220   Section       10  _printf_ll.o(.ARM.Collect$$_printf_percent$$00000007)
    .ARM.Collect$$_printf_percent$$00000008  0x0800022a   Section        6  _printf_i.o(.ARM.Collect$$_printf_percent$$00000008)
    .ARM.Collect$$_printf_percent$$00000009  0x08000230   Section        6  _printf_d.o(.ARM.Collect$$_printf_percent$$00000009)
    .ARM.Collect$$_printf_percent$$0000000A  0x08000236   Section        6  _printf_u.o(.ARM.Collect$$_printf_percent$$0000000A)
    .ARM.Collect$$_printf_percent$$0000000B  0x0800023c   Section        6  _printf_o.o(.ARM.Collect$$_printf_percent$$0000000B)
    .ARM.Collect$$_printf_percent$$0000000C  0x08000242   Section        6  _printf_x.o(.ARM.Collect$$_printf_percent$$0000000C)
    .ARM.Collect$$_printf_percent$$0000000D  0x08000248   Section        6  _printf_lli.o(.ARM.Collect$$_printf_percent$$0000000D)
    .ARM.Collect$$_printf_percent$$0000000E  0x0800024e   Section        6  _printf_lld.o(.ARM.Collect$$_printf_percent$$0000000E)
    .ARM.Collect$$_printf_percent$$0000000F  0x08000254   Section        6  _printf_llu.o(.ARM.Collect$$_printf_percent$$0000000F)
    .ARM.Collect$$_printf_percent$$00000010  0x0800025a   Section        6  _printf_llo.o(.ARM.Collect$$_printf_percent$$00000010)
    .ARM.Collect$$_printf_percent$$00000011  0x08000260   Section        6  _printf_llx.o(.ARM.Collect$$_printf_percent$$00000011)
    .ARM.Collect$$_printf_percent$$00000012  0x08000266   Section       10  _printf_l.o(.ARM.Collect$$_printf_percent$$00000012)
    .ARM.Collect$$_printf_percent$$00000013  0x08000270   Section        6  _printf_c.o(.ARM.Collect$$_printf_percent$$00000013)
    .ARM.Collect$$_printf_percent$$00000014  0x08000276   Section        6  _printf_s.o(.ARM.Collect$$_printf_percent$$00000014)
    .ARM.Collect$$_printf_percent$$00000015  0x0800027c   Section        6  _printf_lc.o(.ARM.Collect$$_printf_percent$$00000015)
    .ARM.Collect$$_printf_percent$$00000016  0x08000282   Section        6  _printf_ls.o(.ARM.Collect$$_printf_percent$$00000016)
    .ARM.Collect$$_printf_percent$$00000017  0x08000288   Section        4  _printf_percent_end.o(.ARM.Collect$$_printf_percent$$00000017)
    .ARM.Collect$$libinit$$00000000          0x0800028c   Section        2  libinit.o(.ARM.Collect$$libinit$$00000000)
    .ARM.Collect$$libinit$$00000001          0x0800028e   Section        4  libinit2.o(.ARM.Collect$$libinit$$00000001)
    .ARM.Collect$$libinit$$00000004          0x08000292   Section        0  libinit2.o(.ARM.Collect$$libinit$$00000004)
    .ARM.Collect$$libinit$$0000000A          0x08000292   Section        0  libinit2.o(.ARM.Collect$$libinit$$0000000A)
    .ARM.Collect$$libinit$$0000000C          0x08000292   Section        0  libinit2.o(.ARM.Collect$$libinit$$0000000C)
    .ARM.Collect$$libinit$$0000000E          0x08000292   Section        0  libinit2.o(.ARM.Collect$$libinit$$0000000E)
    .ARM.Collect$$libinit$$0000000F          0x08000292   Section        6  libinit2.o(.ARM.Collect$$libinit$$0000000F)
    .ARM.Collect$$libinit$$00000011          0x08000298   Section        0  libinit2.o(.ARM.Collect$$libinit$$00000011)
    .ARM.Collect$$libinit$$00000012          0x08000298   Section       12  libinit2.o(.ARM.Collect$$libinit$$00000012)
    .ARM.Collect$$libinit$$00000013          0x080002a4   Section        0  libinit2.o(.ARM.Collect$$libinit$$00000013)
    .ARM.Collect$$libinit$$00000015          0x080002a4   Section        0  libinit2.o(.ARM.Collect$$libinit$$00000015)
    .ARM.Collect$$libinit$$00000016          0x080002a4   Section       10  libinit2.o(.ARM.Collect$$libinit$$00000016)
    .ARM.Collect$$libinit$$00000017          0x080002ae   Section        0  libinit2.o(.ARM.Collect$$libinit$$00000017)
    .ARM.Collect$$libinit$$00000019          0x080002ae   Section        0  libinit2.o(.ARM.Collect$$libinit$$00000019)
    .ARM.Collect$$libinit$$0000001B          0x080002ae   Section        0  libinit2.o(.ARM.Collect$$libinit$$0000001B)
    .ARM.Collect$$libinit$$0000001D          0x080002ae   Section        0  libinit2.o(.ARM.Collect$$libinit$$0000001D)
    .ARM.Collect$$libinit$$0000001F          0x080002ae   Section        0  libinit2.o(.ARM.Collect$$libinit$$0000001F)
    .ARM.Collect$$libinit$$00000021          0x080002ae   Section        0  libinit2.o(.ARM.Collect$$libinit$$00000021)
    .ARM.Collect$$libinit$$00000023          0x080002ae   Section        0  libinit2.o(.ARM.Collect$$libinit$$00000023)
    .ARM.Collect$$libinit$$00000025          0x080002ae   Section        0  libinit2.o(.ARM.Collect$$libinit$$00000025)
    .ARM.Collect$$libinit$$0000002C          0x080002ae   Section        0  libinit2.o(.ARM.Collect$$libinit$$0000002C)
    .ARM.Collect$$libinit$$0000002E          0x080002ae   Section        0  libinit2.o(.ARM.Collect$$libinit$$0000002E)
    .ARM.Collect$$libinit$$00000030          0x080002ae   Section        0  libinit2.o(.ARM.Collect$$libinit$$00000030)
    .ARM.Collect$$libinit$$00000032          0x080002ae   Section        0  libinit2.o(.ARM.Collect$$libinit$$00000032)
    .ARM.Collect$$libinit$$00000033          0x080002ae   Section        2  libinit2.o(.ARM.Collect$$libinit$$00000033)
    .ARM.Collect$$libshutdown$$00000000      0x080002b0   Section        2  libshutdown.o(.ARM.Collect$$libshutdown$$00000000)
    .ARM.Collect$$libshutdown$$00000002      0x080002b2   Section        0  libshutdown2.o(.ARM.Collect$$libshutdown$$00000002)
    .ARM.Collect$$libshutdown$$00000004      0x080002b2   Section        0  libshutdown2.o(.ARM.Collect$$libshutdown$$00000004)
    .ARM.Collect$$libshutdown$$00000007      0x080002b2   Section        0  libshutdown2.o(.ARM.Collect$$libshutdown$$00000007)
    .ARM.Collect$$libshutdown$$0000000A      0x080002b2   Section        0  libshutdown2.o(.ARM.Collect$$libshutdown$$0000000A)
    .ARM.Collect$$libshutdown$$0000000C      0x080002b2   Section        0  libshutdown2.o(.ARM.Collect$$libshutdown$$0000000C)
    .ARM.Collect$$libshutdown$$0000000F      0x080002b2   Section        0  libshutdown2.o(.ARM.Collect$$libshutdown$$0000000F)
    .ARM.Collect$$libshutdown$$00000010      0x080002b2   Section        2  libshutdown2.o(.ARM.Collect$$libshutdown$$00000010)
    .ARM.Collect$$rtentry$$00000000          0x080002b4   Section        0  __rtentry.o(.ARM.Collect$$rtentry$$00000000)
    .ARM.Collect$$rtentry$$00000002          0x080002b4   Section        0  __rtentry2.o(.ARM.Collect$$rtentry$$00000002)
    .ARM.Collect$$rtentry$$00000004          0x080002b4   Section        6  __rtentry4.o(.ARM.Collect$$rtentry$$00000004)
    .ARM.Collect$$rtentry$$00000009          0x080002ba   Section        0  __rtentry2.o(.ARM.Collect$$rtentry$$00000009)
    .ARM.Collect$$rtentry$$0000000A          0x080002ba   Section        4  __rtentry2.o(.ARM.Collect$$rtentry$$0000000A)
    .ARM.Collect$$rtentry$$0000000C          0x080002be   Section        0  __rtentry2.o(.ARM.Collect$$rtentry$$0000000C)
    .ARM.Collect$$rtentry$$0000000D          0x080002be   Section        8  __rtentry2.o(.ARM.Collect$$rtentry$$0000000D)
    .ARM.Collect$$rtexit$$00000000           0x080002c6   Section        2  rtexit.o(.ARM.Collect$$rtexit$$00000000)
    .ARM.Collect$$rtexit$$00000002           0x080002c8   Section        0  rtexit2.o(.ARM.Collect$$rtexit$$00000002)
    .ARM.Collect$$rtexit$$00000003           0x080002c8   Section        4  rtexit2.o(.ARM.Collect$$rtexit$$00000003)
    .ARM.Collect$$rtexit$$00000004           0x080002cc   Section        6  rtexit2.o(.ARM.Collect$$rtexit$$00000004)
    .text                                    0x080002d2   Section        0  main.o(.text)
    .text                                    0x080002e6   Section        0  stm32f4xx_it.o(.text)
    .text                                    0x08000300   Section        0  system_stm32f4xx.o(.text)
    SetSysClock                              0x08000301   Thumb Code   220  system_stm32f4xx.o(.text)
    .text                                    0x08000510   Section        0  usart.o(.text)
    .text                                    0x08000618   Section       64  startup_stm32f40_41xxx.o(.text)
    $v0                                      0x08000618   Number         0  startup_stm32f40_41xxx.o(.text)
    .text                                    0x08000658   Section        0  misc.o(.text)
    .text                                    0x08000738   Section        0  stm32f4xx_gpio.o(.text)
    .text                                    0x080009cc   Section        0  stm32f4xx_rcc.o(.text)
    .text                                    0x08001028   Section        0  stm32f4xx_usart.o(.text)
    .text                                    0x0800147c   Section        0  my_app.o(.text)
    .text                                    0x080014e0   Section        0  lmt70.o(.text)
    haltserach                               0x080014e1   Thumb Code    74  lmt70.o(.text)
    .text                                    0x080015a0   Section        0  mcp3421.o(.text)
    .text                                    0x080018a0   Section        0  port_debug.o(.text)
    .text                                    0x08001920   Section        0  port_delay.o(.text)
    port_delay_init                          0x08001921   Thumb Code    52  port_delay.o(.text)
    .text                                    0x08001a18   Section        0  port_iic.o(.text)
    iic_start                                0x08001a19   Thumb Code    64  port_iic.o(.text)
    iic_stop                                 0x08001a59   Thumb Code    66  port_iic.o(.text)
    iic_send_byte                            0x08001a9b   Thumb Code   106  port_iic.o(.text)
    iic_read_byte                            0x08001b05   Thumb Code    82  port_iic.o(.text)
    iic_wait_ack                             0x08001b57   Thumb Code    80  port_iic.o(.text)
    iic_send_ack                             0x08001ba7   Thumb Code    70  port_iic.o(.text)
    iic_send_nack                            0x08001bed   Thumb Code    70  port_iic.o(.text)
    iic_memcpy                               0x08001c33   Thumb Code    22  port_iic.o(.text)
    .text                                    0x08001d90   Section        2  use_no_semi.o(.text)
    .text                                    0x08001d94   Section        0  c89vprintf.o(.text)
    .text                                    0x08001da0   Section        0  __2printf.o(.text)
    .text                                    0x08001db8   Section        0  _printf_str.o(.text)
    .text                                    0x08001e0c   Section        0  __printf_flags_ss_wp.o(.text)
    .text                                    0x08001f94   Section        0  heapauxi.o(.text)
    .text                                    0x08001f9a   Section        0  _printf_pad.o(.text)
    .text                                    0x08001fe8   Section        0  _printf_truncate.o(.text)
    .text                                    0x0800200c   Section        0  _printf_dec.o(.text)
    .text                                    0x08002084   Section        0  _printf_charcount.o(.text)
    .text                                    0x080020ac   Section        0  _printf_char.o(.text)
    .text                                    0x080020d8   Section        0  _printf_char_file.o(.text)
    .text                                    0x080020fc   Section        0  _printf_wctomb.o(.text)
    .text                                    0x080021b8   Section        0  _printf_longlong_dec.o(.text)
    .text                                    0x08002234   Section        0  _printf_oct_int_ll.o(.text)
    _printf_longlong_oct_internal            0x08002235   Thumb Code     0  _printf_oct_int_ll.o(.text)
    .text                                    0x080022a4   Section        0  _printf_hex_int_ll_ptr.o(.text)
    _printf_hex_common                       0x080022a5   Thumb Code     0  _printf_hex_int_ll_ptr.o(.text)
    .text                                    0x08002338   Section      138  lludiv10.o(.text)
    .text                                    0x080023c2   Section        0  _printf_intcommon.o(.text)
    .text                                    0x08002474   Section        0  _printf_fp_dec.o(.text)
    _fp_digits                               0x08002477   Thumb Code   432  _printf_fp_dec.o(.text)
    .text                                    0x08002894   Section        0  _printf_char_common.o(.text)
    _printf_input_char                       0x08002895   Thumb Code    10  _printf_char_common.o(.text)
    .text                                    0x080028c4   Section        0  _printf_wchar.o(.text)
    .text                                    0x080028f0   Section        0  _wcrtomb.o(.text)
    .text                                    0x08002930   Section       74  sys_stackheap_outer.o(.text)
    .text                                    0x0800297c   Section       16  rt_ctype_table.o(.text)
    .text                                    0x0800298c   Section        8  rt_locale_intlibspace.o(.text)
    .text                                    0x08002994   Section        0  _printf_fp_infnan.o(.text)
    .text                                    0x08002a14   Section        0  bigflt0.o(.text)
    .text                                    0x08002af8   Section        0  exit.o(.text)
    .text                                    0x08002b0c   Section        8  libspace.o(.text)
    .text                                    0x08002b14   Section      128  strcmpv7m.o(.text)
    CL$$btod_d2e                             0x08002b94   Section       62  btod.o(CL$$btod_d2e)
    CL$$btod_d2e_denorm_low                  0x08002bd2   Section       70  btod.o(CL$$btod_d2e_denorm_low)
    CL$$btod_d2e_norm_op1                    0x08002c18   Section       96  btod.o(CL$$btod_d2e_norm_op1)
    CL$$btod_div_common                      0x08002c78   Section      824  btod.o(CL$$btod_div_common)
    CL$$btod_e2e                             0x08002fb0   Section      220  btod.o(CL$$btod_e2e)
    CL$$btod_ediv                            0x0800308c   Section       42  btod.o(CL$$btod_ediv)
    CL$$btod_emul                            0x080030b6   Section       42  btod.o(CL$$btod_emul)
    CL$$btod_mult_common                     0x080030e0   Section      580  btod.o(CL$$btod_mult_common)
    i.__ARM_fpclassify                       0x08003324   Section        0  fpclassify.o(i.__ARM_fpclassify)
    i._is_digit                              0x08003354   Section        0  __printf_wp.o(i._is_digit)
    locale$$code                             0x08003364   Section       44  lc_numeric_c.o(locale$$code)
    locale$$code                             0x08003390   Section       44  lc_ctype_c.o(locale$$code)
    x$fpl$d2f                                0x080033bc   Section       98  d2f.o(x$fpl$d2f)
    $v0                                      0x080033bc   Number         0  d2f.o(x$fpl$d2f)
    x$fpl$dfltu                              0x0800341e   Section       38  dflt_clz.o(x$fpl$dfltu)
    $v0                                      0x0800341e   Number         0  dflt_clz.o(x$fpl$dfltu)
    x$fpl$dmul                               0x08003444   Section      340  dmul.o(x$fpl$dmul)
    $v0                                      0x08003444   Number         0  dmul.o(x$fpl$dmul)
    x$fpl$dnaninf                            0x08003598   Section      156  dnaninf.o(x$fpl$dnaninf)
    $v0                                      0x08003598   Number         0  dnaninf.o(x$fpl$dnaninf)
    x$fpl$dretinf                            0x08003634   Section       12  dretinf.o(x$fpl$dretinf)
    $v0                                      0x08003634   Number         0  dretinf.o(x$fpl$dretinf)
    x$fpl$fpinit                             0x08003640   Section       10  fpinit.o(x$fpl$fpinit)
    $v0                                      0x08003640   Number         0  fpinit.o(x$fpl$fpinit)
    x$fpl$fretinf                            0x0800364a   Section       10  fretinf.o(x$fpl$fretinf)
    $v0                                      0x0800364a   Number         0  fretinf.o(x$fpl$fretinf)
    x$fpl$printf1                            0x08003654   Section        4  printf1.o(x$fpl$printf1)
    $v0                                      0x08003654   Number         0  printf1.o(x$fpl$printf1)
    .constdata                               0x08003658   Section       17  __printf_flags_ss_wp.o(.constdata)
    x$fpl$usenofp                            0x08003658   Section        0  usenofp.o(x$fpl$usenofp)
    maptable                                 0x08003658   Data          17  __printf_flags_ss_wp.o(.constdata)
    .constdata                               0x0800366c   Section        8  _printf_wctomb.o(.constdata)
    initial_mbstate                          0x0800366c   Data           8  _printf_wctomb.o(.constdata)
    .constdata                               0x08003674   Section       40  _printf_hex_int_ll_ptr.o(.constdata)
    uc_hextab                                0x08003674   Data          20  _printf_hex_int_ll_ptr.o(.constdata)
    lc_hextab                                0x08003688   Data          20  _printf_hex_int_ll_ptr.o(.constdata)
    .constdata                               0x0800369c   Section      148  bigflt0.o(.constdata)
    tenpwrs_x                                0x0800369c   Data          60  bigflt0.o(.constdata)
    tenpwrs_i                                0x080036d8   Data          64  bigflt0.o(.constdata)
    locale$$data                             0x08003750   Section       28  lc_numeric_c.o(locale$$data)
    __lcnum_c_name                           0x08003754   Data           2  lc_numeric_c.o(locale$$data)
    __lcnum_c_start                          0x0800375c   Data           0  lc_numeric_c.o(locale$$data)
    __lcnum_c_point                          0x08003768   Data           0  lc_numeric_c.o(locale$$data)
    __lcnum_c_thousands                      0x0800376a   Data           0  lc_numeric_c.o(locale$$data)
    __lcnum_c_grouping                       0x0800376b   Data           0  lc_numeric_c.o(locale$$data)
    locale$$data                             0x0800376c   Section      272  lc_ctype_c.o(locale$$data)
    __lcnum_c_end                            0x0800376c   Data           0  lc_numeric_c.o(locale$$data)
    __lcctype_c_name                         0x08003770   Data           2  lc_ctype_c.o(locale$$data)
    __lcctype_c_start                        0x08003778   Data           0  lc_ctype_c.o(locale$$data)
    __lcctype_c_end                          0x0800387c   Data           0  lc_ctype_c.o(locale$$data)
    .data                                    0x20000000   Section       20  system_stm32f4xx.o(.data)
    .data                                    0x20000014   Section        2  usart.o(.data)
    .data                                    0x20000016   Section       16  stm32f4xx_rcc.o(.data)
    APBAHBPrescTable                         0x20000016   Data          16  stm32f4xx_rcc.o(.data)
    .data                                    0x20000028   Section       21  my_app.o(.data)
    .data                                    0x20000040   Section      168  lmt70.o(.data)
    .data                                    0x200000e8   Section       12  port_debug.o(.data)
    .data                                    0x200000f4   Section        5  port_delay.o(.data)
    fac_us                                   0x200000f4   Data           1  port_delay.o(.data)
    fac_ms                                   0x200000f6   Data           2  port_delay.o(.data)
    delay_init_flag                          0x200000f8   Data           1  port_delay.o(.data)
    .bss                                     0x200000fc   Section      200  usart.o(.bss)
    .bss                                     0x200001c4   Section      256  port_iic.o(.bss)
    .bss                                     0x200002c4   Section       96  libspace.o(.bss)
    HEAP                                     0x20000328   Section      512  startup_stm32f40_41xxx.o(HEAP)
    Heap_Mem                                 0x20000328   Data         512  startup_stm32f40_41xxx.o(HEAP)
    STACK                                    0x20000528   Section     1024  startup_stm32f40_41xxx.o(STACK)
    Stack_Mem                                0x20000528   Data        1024  startup_stm32f40_41xxx.o(STACK)
    __initial_sp                             0x20000928   Data           0  startup_stm32f40_41xxx.o(STACK)

    Global Symbols

    Symbol Name                              Value     Ov Type        Size  Object(Section)

    BuildAttributes$$THM_ISAv4$E$P$D$K$B$S$7EM$VFPi3$EXTD16$VFPS$VFMA$PE$A:L22UL41UL21$X:L11$S22US41US21$IEEE1$IW$USESV6$~STKCKD$USESV7$~SHL$OTIME$ROPI$IEEEJ$EBA8$UX$STANDARDLIB$REQ8$PRES8$EABIv2 0x00000000   Number         0  anon$$obj.o ABSOLUTE
    __ARM_use_no_argv                        0x00000000   Number         0  main.o ABSOLUTE
    _printf_flags                            0x00000000   Number         0  printf_stubs.o ABSOLUTE
    _printf_return_value                     0x00000000   Number         0  printf_stubs.o ABSOLUTE
    _printf_sizespec                         0x00000000   Number         0  printf_stubs.o ABSOLUTE
    _printf_widthprec                        0x00000000   Number         0  printf_stubs.o ABSOLUTE
    __ARM_exceptions_init                     - Undefined Weak Reference
    __alloca_initialize                       - Undefined Weak Reference
    __arm_preinit_                            - Undefined Weak Reference
    __cpp_initialize__aeabi_                  - Undefined Weak Reference
    __cxa_finalize                            - Undefined Weak Reference
    __sigvec_lookup                           - Undefined Weak Reference
    _atexit_init                              - Undefined Weak Reference
    _call_atexit_fns                          - Undefined Weak Reference
    _clock_init                               - Undefined Weak Reference
    _fp_trap_init                             - Undefined Weak Reference
    _fp_trap_shutdown                         - Undefined Weak Reference
    _get_lc_collate                           - Undefined Weak Reference
    _get_lc_monetary                          - Undefined Weak Reference
    _get_lc_time                              - Undefined Weak Reference
    _getenv_init                              - Undefined Weak Reference
    _handle_redirection                       - Undefined Weak Reference
    _init_alloc                               - Undefined Weak Reference
    _init_user_alloc                          - Undefined Weak Reference
    _initio                                   - Undefined Weak Reference
    _printf_fp_hex                            - Undefined Weak Reference
    _printf_mbtowc                            - Undefined Weak Reference
    _printf_wc                                - Undefined Weak Reference
    _rand_init                                - Undefined Weak Reference
    _signal_finish                            - Undefined Weak Reference
    _signal_init                              - Undefined Weak Reference
    _terminate_alloc                          - Undefined Weak Reference
    _terminate_user_alloc                     - Undefined Weak Reference
    _terminateio                              - Undefined Weak Reference
    __Vectors_Size                           0x00000188   Number         0  startup_stm32f40_41xxx.o ABSOLUTE
    __Vectors                                0x08000000   Data           4  startup_stm32f40_41xxx.o(RESET)
    __Vectors_End                            0x08000188   Data           0  startup_stm32f40_41xxx.o(RESET)
    __main                                   0x08000189   Thumb Code     8  __main.o(!!!main)
    __scatterload                            0x08000191   Thumb Code     0  __scatter.o(!!!scatter)
    __scatterload_rt2                        0x08000191   Thumb Code    44  __scatter.o(!!!scatter)
    __scatterload_rt2_thumb_only             0x08000191   Thumb Code     0  __scatter.o(!!!scatter)
    __scatterload_null                       0x0800019f   Thumb Code     0  __scatter.o(!!!scatter)
    __scatterload_copy                       0x080001c5   Thumb Code    26  __scatter_copy.o(!!handler_copy)
    __scatterload_zeroinit                   0x080001e1   Thumb Code    28  __scatter_zi.o(!!handler_zi)
    _printf_n                                0x080001fd   Thumb Code     0  _printf_n.o(.ARM.Collect$$_printf_percent$$00000001)
    _printf_percent                          0x080001fd   Thumb Code     0  _printf_percent.o(.ARM.Collect$$_printf_percent$$00000000)
    _printf_p                                0x08000203   Thumb Code     0  _printf_p.o(.ARM.Collect$$_printf_percent$$00000002)
    _printf_f                                0x08000209   Thumb Code     0  _printf_f.o(.ARM.Collect$$_printf_percent$$00000003)
    _printf_e                                0x0800020f   Thumb Code     0  _printf_e.o(.ARM.Collect$$_printf_percent$$00000004)
    _printf_g                                0x08000215   Thumb Code     0  _printf_g.o(.ARM.Collect$$_printf_percent$$00000005)
    _printf_a                                0x0800021b   Thumb Code     0  _printf_a.o(.ARM.Collect$$_printf_percent$$00000006)
    _printf_ll                               0x08000221   Thumb Code     0  _printf_ll.o(.ARM.Collect$$_printf_percent$$00000007)
    _printf_i                                0x0800022b   Thumb Code     0  _printf_i.o(.ARM.Collect$$_printf_percent$$00000008)
    _printf_d                                0x08000231   Thumb Code     0  _printf_d.o(.ARM.Collect$$_printf_percent$$00000009)
    _printf_u                                0x08000237   Thumb Code     0  _printf_u.o(.ARM.Collect$$_printf_percent$$0000000A)
    _printf_o                                0x0800023d   Thumb Code     0  _printf_o.o(.ARM.Collect$$_printf_percent$$0000000B)
    _printf_x                                0x08000243   Thumb Code     0  _printf_x.o(.ARM.Collect$$_printf_percent$$0000000C)
    _printf_lli                              0x08000249   Thumb Code     0  _printf_lli.o(.ARM.Collect$$_printf_percent$$0000000D)
    _printf_lld                              0x0800024f   Thumb Code     0  _printf_lld.o(.ARM.Collect$$_printf_percent$$0000000E)
    _printf_llu                              0x08000255   Thumb Code     0  _printf_llu.o(.ARM.Collect$$_printf_percent$$0000000F)
    _printf_llo                              0x0800025b   Thumb Code     0  _printf_llo.o(.ARM.Collect$$_printf_percent$$00000010)
    _printf_llx                              0x08000261   Thumb Code     0  _printf_llx.o(.ARM.Collect$$_printf_percent$$00000011)
    _printf_l                                0x08000267   Thumb Code     0  _printf_l.o(.ARM.Collect$$_printf_percent$$00000012)
    _printf_c                                0x08000271   Thumb Code     0  _printf_c.o(.ARM.Collect$$_printf_percent$$00000013)
    _printf_s                                0x08000277   Thumb Code     0  _printf_s.o(.ARM.Collect$$_printf_percent$$00000014)
    _printf_lc                               0x0800027d   Thumb Code     0  _printf_lc.o(.ARM.Collect$$_printf_percent$$00000015)
    _printf_ls                               0x08000283   Thumb Code     0  _printf_ls.o(.ARM.Collect$$_printf_percent$$00000016)
    _printf_percent_end                      0x08000289   Thumb Code     0  _printf_percent_end.o(.ARM.Collect$$_printf_percent$$00000017)
    __rt_lib_init                            0x0800028d   Thumb Code     0  libinit.o(.ARM.Collect$$libinit$$00000000)
    __rt_lib_init_fp_1                       0x0800028f   Thumb Code     0  libinit2.o(.ARM.Collect$$libinit$$00000001)
    __rt_lib_init_heap_1                     0x08000293   Thumb Code     0  libinit2.o(.ARM.Collect$$libinit$$0000000A)
    __rt_lib_init_lc_common                  0x08000293   Thumb Code     0  libinit2.o(.ARM.Collect$$libinit$$0000000F)
    __rt_lib_init_preinit_1                  0x08000293   Thumb Code     0  libinit2.o(.ARM.Collect$$libinit$$00000004)
    __rt_lib_init_rand_1                     0x08000293   Thumb Code     0  libinit2.o(.ARM.Collect$$libinit$$0000000E)
    __rt_lib_init_user_alloc_1               0x08000293   Thumb Code     0  libinit2.o(.ARM.Collect$$libinit$$0000000C)
    __rt_lib_init_lc_collate_1               0x08000299   Thumb Code     0  libinit2.o(.ARM.Collect$$libinit$$00000011)
    __rt_lib_init_lc_ctype_2                 0x08000299   Thumb Code     0  libinit2.o(.ARM.Collect$$libinit$$00000012)
    __rt_lib_init_lc_ctype_1                 0x080002a5   Thumb Code     0  libinit2.o(.ARM.Collect$$libinit$$00000013)
    __rt_lib_init_lc_monetary_1              0x080002a5   Thumb Code     0  libinit2.o(.ARM.Collect$$libinit$$00000015)
    __rt_lib_init_lc_numeric_2               0x080002a5   Thumb Code     0  libinit2.o(.ARM.Collect$$libinit$$00000016)
    __rt_lib_init_alloca_1                   0x080002af   Thumb Code     0  libinit2.o(.ARM.Collect$$libinit$$0000002E)
    __rt_lib_init_argv_1                     0x080002af   Thumb Code     0  libinit2.o(.ARM.Collect$$libinit$$0000002C)
    __rt_lib_init_atexit_1                   0x080002af   Thumb Code     0  libinit2.o(.ARM.Collect$$libinit$$0000001B)
    __rt_lib_init_clock_1                    0x080002af   Thumb Code     0  libinit2.o(.ARM.Collect$$libinit$$00000021)
    __rt_lib_init_cpp_1                      0x080002af   Thumb Code     0  libinit2.o(.ARM.Collect$$libinit$$00000032)
    __rt_lib_init_exceptions_1               0x080002af   Thumb Code     0  libinit2.o(.ARM.Collect$$libinit$$00000030)
    __rt_lib_init_fp_trap_1                  0x080002af   Thumb Code     0  libinit2.o(.ARM.Collect$$libinit$$0000001F)
    __rt_lib_init_getenv_1                   0x080002af   Thumb Code     0  libinit2.o(.ARM.Collect$$libinit$$00000023)
    __rt_lib_init_lc_numeric_1               0x080002af   Thumb Code     0  libinit2.o(.ARM.Collect$$libinit$$00000017)
    __rt_lib_init_lc_time_1                  0x080002af   Thumb Code     0  libinit2.o(.ARM.Collect$$libinit$$00000019)
    __rt_lib_init_return                     0x080002af   Thumb Code     0  libinit2.o(.ARM.Collect$$libinit$$00000033)
    __rt_lib_init_signal_1                   0x080002af   Thumb Code     0  libinit2.o(.ARM.Collect$$libinit$$0000001D)
    __rt_lib_init_stdio_1                    0x080002af   Thumb Code     0  libinit2.o(.ARM.Collect$$libinit$$00000025)
    __rt_lib_shutdown                        0x080002b1   Thumb Code     0  libshutdown.o(.ARM.Collect$$libshutdown$$00000000)
    __rt_lib_shutdown_cpp_1                  0x080002b3   Thumb Code     0  libshutdown2.o(.ARM.Collect$$libshutdown$$00000002)
    __rt_lib_shutdown_fp_trap_1              0x080002b3   Thumb Code     0  libshutdown2.o(.ARM.Collect$$libshutdown$$00000007)
    __rt_lib_shutdown_heap_1                 0x080002b3   Thumb Code     0  libshutdown2.o(.ARM.Collect$$libshutdown$$0000000F)
    __rt_lib_shutdown_return                 0x080002b3   Thumb Code     0  libshutdown2.o(.ARM.Collect$$libshutdown$$00000010)
    __rt_lib_shutdown_signal_1               0x080002b3   Thumb Code     0  libshutdown2.o(.ARM.Collect$$libshutdown$$0000000A)
    __rt_lib_shutdown_stdio_1                0x080002b3   Thumb Code     0  libshutdown2.o(.ARM.Collect$$libshutdown$$00000004)
    __rt_lib_shutdown_user_alloc_1           0x080002b3   Thumb Code     0  libshutdown2.o(.ARM.Collect$$libshutdown$$0000000C)
    __rt_entry                               0x080002b5   Thumb Code     0  __rtentry.o(.ARM.Collect$$rtentry$$00000000)
    __rt_entry_presh_1                       0x080002b5   Thumb Code     0  __rtentry2.o(.ARM.Collect$$rtentry$$00000002)
    __rt_entry_sh                            0x080002b5   Thumb Code     0  __rtentry4.o(.ARM.Collect$$rtentry$$00000004)
    __rt_entry_li                            0x080002bb   Thumb Code     0  __rtentry2.o(.ARM.Collect$$rtentry$$0000000A)
    __rt_entry_postsh_1                      0x080002bb   Thumb Code     0  __rtentry2.o(.ARM.Collect$$rtentry$$00000009)
    __rt_entry_main                          0x080002bf   Thumb Code     0  __rtentry2.o(.ARM.Collect$$rtentry$$0000000D)
    __rt_entry_postli_1                      0x080002bf   Thumb Code     0  __rtentry2.o(.ARM.Collect$$rtentry$$0000000C)
    __rt_exit                                0x080002c7   Thumb Code     0  rtexit.o(.ARM.Collect$$rtexit$$00000000)
    __rt_exit_ls                             0x080002c9   Thumb Code     0  rtexit2.o(.ARM.Collect$$rtexit$$00000003)
    __rt_exit_prels_1                        0x080002c9   Thumb Code     0  rtexit2.o(.ARM.Collect$$rtexit$$00000002)
    __rt_exit_exit                           0x080002cd   Thumb Code     0  rtexit2.o(.ARM.Collect$$rtexit$$00000004)
    main                                     0x080002d3   Thumb Code    20  main.o(.text)
    NMI_Handler                              0x080002e7   Thumb Code     2  stm32f4xx_it.o(.text)
    HardFault_Handler                        0x080002e9   Thumb Code     4  stm32f4xx_it.o(.text)
    MemManage_Handler                        0x080002ed   Thumb Code     4  stm32f4xx_it.o(.text)
    BusFault_Handler                         0x080002f1   Thumb Code     4  stm32f4xx_it.o(.text)
    UsageFault_Handler                       0x080002f5   Thumb Code     4  stm32f4xx_it.o(.text)
    SVC_Handler                              0x080002f9   Thumb Code     2  stm32f4xx_it.o(.text)
    DebugMon_Handler                         0x080002fb   Thumb Code     2  stm32f4xx_it.o(.text)
    PendSV_Handler                           0x080002fd   Thumb Code     2  stm32f4xx_it.o(.text)
    SysTick_Handler                          0x080002ff   Thumb Code     2  stm32f4xx_it.o(.text)
    SystemInit                               0x080003dd   Thumb Code    88  system_stm32f4xx.o(.text)
    SystemCoreClockUpdate                    0x08000435   Thumb Code   174  system_stm32f4xx.o(.text)
    uart_init                                0x08000511   Thumb Code   124  usart.o(.text)
    USART1_IRQHandler                        0x0800058d   Thumb Code   122  usart.o(.text)
    Reset_Handler                            0x08000619   Thumb Code     8  startup_stm32f40_41xxx.o(.text)
    ADC_IRQHandler                           0x08000633   Thumb Code     0  startup_stm32f40_41xxx.o(.text)
    CAN1_RX0_IRQHandler                      0x08000633   Thumb Code     0  startup_stm32f40_41xxx.o(.text)
    CAN1_RX1_IRQHandler                      0x08000633   Thumb Code     0  startup_stm32f40_41xxx.o(.text)
    CAN1_SCE_IRQHandler                      0x08000633   Thumb Code     0  startup_stm32f40_41xxx.o(.text)
    CAN1_TX_IRQHandler                       0x08000633   Thumb Code     0  startup_stm32f40_41xxx.o(.text)
    CAN2_RX0_IRQHandler                      0x08000633   Thumb Code     0  startup_stm32f40_41xxx.o(.text)
    CAN2_RX1_IRQHandler                      0x08000633   Thumb Code     0  startup_stm32f40_41xxx.o(.text)
    CAN2_SCE_IRQHandler                      0x08000633   Thumb Code     0  startup_stm32f40_41xxx.o(.text)
    CAN2_TX_IRQHandler                       0x08000633   Thumb Code     0  startup_stm32f40_41xxx.o(.text)
    CRYP_IRQHandler                          0x08000633   Thumb Code     0  startup_stm32f40_41xxx.o(.text)
    DCMI_IRQHandler                          0x08000633   Thumb Code     0  startup_stm32f40_41xxx.o(.text)
    DMA1_Stream0_IRQHandler                  0x08000633   Thumb Code     0  startup_stm32f40_41xxx.o(.text)
    DMA1_Stream1_IRQHandler                  0x08000633   Thumb Code     0  startup_stm32f40_41xxx.o(.text)
    DMA1_Stream2_IRQHandler                  0x08000633   Thumb Code     0  startup_stm32f40_41xxx.o(.text)
    DMA1_Stream3_IRQHandler                  0x08000633   Thumb Code     0  startup_stm32f40_41xxx.o(.text)
    DMA1_Stream4_IRQHandler                  0x08000633   Thumb Code     0  startup_stm32f40_41xxx.o(.text)
    DMA1_Stream5_IRQHandler                  0x08000633   Thumb Code     0  startup_stm32f40_41xxx.o(.text)
    DMA1_Stream6_IRQHandler                  0x08000633   Thumb Code     0  startup_stm32f40_41xxx.o(.text)
    DMA1_Stream7_IRQHandler                  0x08000633   Thumb Code     0  startup_stm32f40_41xxx.o(.text)
    DMA2_Stream0_IRQHandler                  0x08000633   Thumb Code     0  startup_stm32f40_41xxx.o(.text)
    DMA2_Stream1_IRQHandler                  0x08000633   Thumb Code     0  startup_stm32f40_41xxx.o(.text)
    DMA2_Stream2_IRQHandler                  0x08000633   Thumb Code     0  startup_stm32f40_41xxx.o(.text)
    DMA2_Stream3_IRQHandler                  0x08000633   Thumb Code     0  startup_stm32f40_41xxx.o(.text)
    DMA2_Stream4_IRQHandler                  0x08000633   Thumb Code     0  startup_stm32f40_41xxx.o(.text)
    DMA2_Stream5_IRQHandler                  0x08000633   Thumb Code     0  startup_stm32f40_41xxx.o(.text)
    DMA2_Stream6_IRQHandler                  0x08000633   Thumb Code     0  startup_stm32f40_41xxx.o(.text)
    DMA2_Stream7_IRQHandler                  0x08000633   Thumb Code     0  startup_stm32f40_41xxx.o(.text)
    ETH_IRQHandler                           0x08000633   Thumb Code     0  startup_stm32f40_41xxx.o(.text)
    ETH_WKUP_IRQHandler                      0x08000633   Thumb Code     0  startup_stm32f40_41xxx.o(.text)
    EXTI0_IRQHandler                         0x08000633   Thumb Code     0  startup_stm32f40_41xxx.o(.text)
    EXTI15_10_IRQHandler                     0x08000633   Thumb Code     0  startup_stm32f40_41xxx.o(.text)
    EXTI1_IRQHandler                         0x08000633   Thumb Code     0  startup_stm32f40_41xxx.o(.text)
    EXTI2_IRQHandler                         0x08000633   Thumb Code     0  startup_stm32f40_41xxx.o(.text)
    EXTI3_IRQHandler                         0x08000633   Thumb Code     0  startup_stm32f40_41xxx.o(.text)
    EXTI4_IRQHandler                         0x08000633   Thumb Code     0  startup_stm32f40_41xxx.o(.text)
    EXTI9_5_IRQHandler                       0x08000633   Thumb Code     0  startup_stm32f40_41xxx.o(.text)
    FLASH_IRQHandler                         0x08000633   Thumb Code     0  startup_stm32f40_41xxx.o(.text)
    FPU_IRQHandler                           0x08000633   Thumb Code     0  startup_stm32f40_41xxx.o(.text)
    FSMC_IRQHandler                          0x08000633   Thumb Code     0  startup_stm32f40_41xxx.o(.text)
    HASH_RNG_IRQHandler                      0x08000633   Thumb Code     0  startup_stm32f40_41xxx.o(.text)
    I2C1_ER_IRQHandler                       0x08000633   Thumb Code     0  startup_stm32f40_41xxx.o(.text)
    I2C1_EV_IRQHandler                       0x08000633   Thumb Code     0  startup_stm32f40_41xxx.o(.text)
    I2C2_ER_IRQHandler                       0x08000633   Thumb Code     0  startup_stm32f40_41xxx.o(.text)
    I2C2_EV_IRQHandler                       0x08000633   Thumb Code     0  startup_stm32f40_41xxx.o(.text)
    I2C3_ER_IRQHandler                       0x08000633   Thumb Code     0  startup_stm32f40_41xxx.o(.text)
    I2C3_EV_IRQHandler                       0x08000633   Thumb Code     0  startup_stm32f40_41xxx.o(.text)
    OTG_FS_IRQHandler                        0x08000633   Thumb Code     0  startup_stm32f40_41xxx.o(.text)
    OTG_FS_WKUP_IRQHandler                   0x08000633   Thumb Code     0  startup_stm32f40_41xxx.o(.text)
    OTG_HS_EP1_IN_IRQHandler                 0x08000633   Thumb Code     0  startup_stm32f40_41xxx.o(.text)
    OTG_HS_EP1_OUT_IRQHandler                0x08000633   Thumb Code     0  startup_stm32f40_41xxx.o(.text)
    OTG_HS_IRQHandler                        0x08000633   Thumb Code     0  startup_stm32f40_41xxx.o(.text)
    OTG_HS_WKUP_IRQHandler                   0x08000633   Thumb Code     0  startup_stm32f40_41xxx.o(.text)
    PVD_IRQHandler                           0x08000633   Thumb Code     0  startup_stm32f40_41xxx.o(.text)
    RCC_IRQHandler                           0x08000633   Thumb Code     0  startup_stm32f40_41xxx.o(.text)
    RTC_Alarm_IRQHandler                     0x08000633   Thumb Code     0  startup_stm32f40_41xxx.o(.text)
    RTC_WKUP_IRQHandler                      0x08000633   Thumb Code     0  startup_stm32f40_41xxx.o(.text)
    SDIO_IRQHandler                          0x08000633   Thumb Code     0  startup_stm32f40_41xxx.o(.text)
    SPI1_IRQHandler                          0x08000633   Thumb Code     0  startup_stm32f40_41xxx.o(.text)
    SPI2_IRQHandler                          0x08000633   Thumb Code     0  startup_stm32f40_41xxx.o(.text)
    SPI3_IRQHandler                          0x08000633   Thumb Code     0  startup_stm32f40_41xxx.o(.text)
    TAMP_STAMP_IRQHandler                    0x08000633   Thumb Code     0  startup_stm32f40_41xxx.o(.text)
    TIM1_BRK_TIM9_IRQHandler                 0x08000633   Thumb Code     0  startup_stm32f40_41xxx.o(.text)
    TIM1_CC_IRQHandler                       0x08000633   Thumb Code     0  startup_stm32f40_41xxx.o(.text)
    TIM1_TRG_COM_TIM11_IRQHandler            0x08000633   Thumb Code     0  startup_stm32f40_41xxx.o(.text)
    TIM1_UP_TIM10_IRQHandler                 0x08000633   Thumb Code     0  startup_stm32f40_41xxx.o(.text)
    TIM2_IRQHandler                          0x08000633   Thumb Code     0  startup_stm32f40_41xxx.o(.text)
    TIM3_IRQHandler                          0x08000633   Thumb Code     0  startup_stm32f40_41xxx.o(.text)
    TIM4_IRQHandler                          0x08000633   Thumb Code     0  startup_stm32f40_41xxx.o(.text)
    TIM5_IRQHandler                          0x08000633   Thumb Code     0  startup_stm32f40_41xxx.o(.text)
    TIM6_DAC_IRQHandler                      0x08000633   Thumb Code     0  startup_stm32f40_41xxx.o(.text)
    TIM7_IRQHandler                          0x08000633   Thumb Code     0  startup_stm32f40_41xxx.o(.text)
    TIM8_BRK_TIM12_IRQHandler                0x08000633   Thumb Code     0  startup_stm32f40_41xxx.o(.text)
    TIM8_CC_IRQHandler                       0x08000633   Thumb Code     0  startup_stm32f40_41xxx.o(.text)
    TIM8_TRG_COM_TIM14_IRQHandler            0x08000633   Thumb Code     0  startup_stm32f40_41xxx.o(.text)
    TIM8_UP_TIM13_IRQHandler                 0x08000633   Thumb Code     0  startup_stm32f40_41xxx.o(.text)
    UART4_IRQHandler                         0x08000633   Thumb Code     0  startup_stm32f40_41xxx.o(.text)
    UART5_IRQHandler                         0x08000633   Thumb Code     0  startup_stm32f40_41xxx.o(.text)
    USART2_IRQHandler                        0x08000633   Thumb Code     0  startup_stm32f40_41xxx.o(.text)
    USART3_IRQHandler                        0x08000633   Thumb Code     0  startup_stm32f40_41xxx.o(.text)
    USART6_IRQHandler                        0x08000633   Thumb Code     0  startup_stm32f40_41xxx.o(.text)
    WWDG_IRQHandler                          0x08000633   Thumb Code     0  startup_stm32f40_41xxx.o(.text)
    __user_initial_stackheap                 0x08000635   Thumb Code     0  startup_stm32f40_41xxx.o(.text)
    NVIC_PriorityGroupConfig                 0x08000659   Thumb Code    10  misc.o(.text)
    NVIC_Init                                0x08000663   Thumb Code   106  misc.o(.text)
    NVIC_SetVectorTable                      0x080006cd   Thumb Code    14  misc.o(.text)
    NVIC_SystemLPConfig                      0x080006db   Thumb Code    34  misc.o(.text)
    SysTick_CLKSourceConfig                  0x080006fd   Thumb Code    40  misc.o(.text)
    GPIO_DeInit                              0x08000739   Thumb Code   268  stm32f4xx_gpio.o(.text)
    GPIO_Init                                0x08000845   Thumb Code   144  stm32f4xx_gpio.o(.text)
    GPIO_StructInit                          0x080008d5   Thumb Code    18  stm32f4xx_gpio.o(.text)
    GPIO_PinLockConfig                       0x080008e7   Thumb Code    34  stm32f4xx_gpio.o(.text)
    GPIO_ReadInputDataBit                    0x08000909   Thumb Code    18  stm32f4xx_gpio.o(.text)
    GPIO_ReadInputData                       0x0800091b   Thumb Code     8  stm32f4xx_gpio.o(.text)
    GPIO_ReadOutputDataBit                   0x08000923   Thumb Code    18  stm32f4xx_gpio.o(.text)
    GPIO_ReadOutputData                      0x08000935   Thumb Code     8  stm32f4xx_gpio.o(.text)
    GPIO_SetBits                             0x0800093d   Thumb Code     4  stm32f4xx_gpio.o(.text)
    GPIO_ResetBits                           0x08000941   Thumb Code     4  stm32f4xx_gpio.o(.text)
    GPIO_WriteBit                            0x08000945   Thumb Code    10  stm32f4xx_gpio.o(.text)
    GPIO_Write                               0x0800094f   Thumb Code     4  stm32f4xx_gpio.o(.text)
    GPIO_ToggleBits                          0x08000953   Thumb Code     8  stm32f4xx_gpio.o(.text)
    GPIO_PinAFConfig                         0x0800095b   Thumb Code    70  stm32f4xx_gpio.o(.text)
    RCC_DeInit                               0x080009cd   Thumb Code    82  stm32f4xx_rcc.o(.text)
    RCC_HSEConfig                            0x08000a1f   Thumb Code    14  stm32f4xx_rcc.o(.text)
    RCC_GetFlagStatus                        0x08000a2d   Thumb Code    60  stm32f4xx_rcc.o(.text)
    RCC_WaitForHSEStartUp                    0x08000a69   Thumb Code    56  stm32f4xx_rcc.o(.text)
    RCC_AdjustHSICalibrationValue            0x08000aa1   Thumb Code    20  stm32f4xx_rcc.o(.text)
    RCC_HSICmd                               0x08000ab5   Thumb Code     6  stm32f4xx_rcc.o(.text)
    RCC_LSEConfig                            0x08000abb   Thumb Code    46  stm32f4xx_rcc.o(.text)
    RCC_LSICmd                               0x08000ae9   Thumb Code     6  stm32f4xx_rcc.o(.text)
    RCC_PLLConfig                            0x08000aef   Thumb Code    32  stm32f4xx_rcc.o(.text)
    RCC_PLLCmd                               0x08000b0f   Thumb Code     6  stm32f4xx_rcc.o(.text)
    RCC_PLLI2SConfig                         0x08000b15   Thumb Code    14  stm32f4xx_rcc.o(.text)
    RCC_PLLI2SCmd                            0x08000b23   Thumb Code     6  stm32f4xx_rcc.o(.text)
    RCC_PLLSAIConfig                         0x08000b29   Thumb Code    20  stm32f4xx_rcc.o(.text)
    RCC_PLLSAICmd                            0x08000b3d   Thumb Code     6  stm32f4xx_rcc.o(.text)
    RCC_ClockSecuritySystemCmd               0x08000b43   Thumb Code     6  stm32f4xx_rcc.o(.text)
    RCC_MCO1Config                           0x08000b49   Thumb Code    28  stm32f4xx_rcc.o(.text)
    RCC_MCO2Config                           0x08000b65   Thumb Code    28  stm32f4xx_rcc.o(.text)
    RCC_SYSCLKConfig                         0x08000b81   Thumb Code    20  stm32f4xx_rcc.o(.text)
    RCC_GetSYSCLKSource                      0x08000b95   Thumb Code    12  stm32f4xx_rcc.o(.text)
    RCC_HCLKConfig                           0x08000ba1   Thumb Code    20  stm32f4xx_rcc.o(.text)
    RCC_PCLK1Config                          0x08000bb5   Thumb Code    20  stm32f4xx_rcc.o(.text)
    RCC_PCLK2Config                          0x08000bc9   Thumb Code    22  stm32f4xx_rcc.o(.text)
    RCC_GetClocksFreq                        0x08000bdf   Thumb Code   222  stm32f4xx_rcc.o(.text)
    RCC_RTCCLKConfig                         0x08000cbd   Thumb Code    54  stm32f4xx_rcc.o(.text)
    RCC_RTCCLKCmd                            0x08000cf3   Thumb Code     8  stm32f4xx_rcc.o(.text)
    RCC_BackupResetCmd                       0x08000cfb   Thumb Code     8  stm32f4xx_rcc.o(.text)
    RCC_I2SCLKConfig                         0x08000d03   Thumb Code     6  stm32f4xx_rcc.o(.text)
    RCC_SAIPLLI2SClkDivConfig                0x08000d09   Thumb Code    26  stm32f4xx_rcc.o(.text)
    RCC_SAIPLLSAIClkDivConfig                0x08000d23   Thumb Code    28  stm32f4xx_rcc.o(.text)
    RCC_SAIBlockACLKConfig                   0x08000d3f   Thumb Code    20  stm32f4xx_rcc.o(.text)
    RCC_SAIBlockBCLKConfig                   0x08000d53   Thumb Code    20  stm32f4xx_rcc.o(.text)
    RCC_LTDCCLKDivConfig                     0x08000d67   Thumb Code    20  stm32f4xx_rcc.o(.text)
    RCC_TIMCLKPresConfig                     0x08000d7b   Thumb Code     6  stm32f4xx_rcc.o(.text)
    RCC_AHB1PeriphClockCmd                   0x08000d81   Thumb Code    34  stm32f4xx_rcc.o(.text)
    RCC_AHB2PeriphClockCmd                   0x08000da3   Thumb Code    78  stm32f4xx_rcc.o(.text)
    RCC_AHB3PeriphClockCmd                   0x08000df1   Thumb Code    34  stm32f4xx_rcc.o(.text)
    RCC_APB1PeriphClockCmd                   0x08000e13   Thumb Code    34  stm32f4xx_rcc.o(.text)
    RCC_APB2PeriphClockCmd                   0x08000e35   Thumb Code    34  stm32f4xx_rcc.o(.text)
    RCC_AHB1PeriphResetCmd                   0x08000e57   Thumb Code    34  stm32f4xx_rcc.o(.text)
    RCC_AHB2PeriphResetCmd                   0x08000e79   Thumb Code    34  stm32f4xx_rcc.o(.text)
    RCC_AHB3PeriphResetCmd                   0x08000e9b   Thumb Code    34  stm32f4xx_rcc.o(.text)
    RCC_APB1PeriphResetCmd                   0x08000ebd   Thumb Code    34  stm32f4xx_rcc.o(.text)
    RCC_APB2PeriphResetCmd                   0x08000edf   Thumb Code    34  stm32f4xx_rcc.o(.text)
    RCC_AHB1PeriphClockLPModeCmd             0x08000f01   Thumb Code    34  stm32f4xx_rcc.o(.text)
    RCC_AHB2PeriphClockLPModeCmd             0x08000f23   Thumb Code    34  stm32f4xx_rcc.o(.text)
    RCC_AHB3PeriphClockLPModeCmd             0x08000f45   Thumb Code    34  stm32f4xx_rcc.o(.text)
    RCC_APB1PeriphClockLPModeCmd             0x08000f67   Thumb Code    34  stm32f4xx_rcc.o(.text)
    RCC_APB2PeriphClockLPModeCmd             0x08000f89   Thumb Code    34  stm32f4xx_rcc.o(.text)
    RCC_LSEModeConfig                        0x08000fab   Thumb Code    40  stm32f4xx_rcc.o(.text)
    RCC_ITConfig                             0x08000fd3   Thumb Code    34  stm32f4xx_rcc.o(.text)
    RCC_ClearFlag                            0x08000ff5   Thumb Code    18  stm32f4xx_rcc.o(.text)
    RCC_GetITStatus                          0x08001007   Thumb Code    22  stm32f4xx_rcc.o(.text)
    RCC_ClearITPendingBit                    0x0800101d   Thumb Code     8  stm32f4xx_rcc.o(.text)
    USART_DeInit                             0x08001029   Thumb Code   206  stm32f4xx_usart.o(.text)
    USART_Init                               0x080010f7   Thumb Code   204  stm32f4xx_usart.o(.text)
    USART_StructInit                         0x080011c3   Thumb Code    24  stm32f4xx_usart.o(.text)
    USART_ClockInit                          0x080011db   Thumb Code    32  stm32f4xx_usart.o(.text)
    USART_ClockStructInit                    0x080011fb   Thumb Code    12  stm32f4xx_usart.o(.text)
    USART_Cmd                                0x08001207   Thumb Code    24  stm32f4xx_usart.o(.text)
    USART_SetPrescaler                       0x0800121f   Thumb Code    16  stm32f4xx_usart.o(.text)
    USART_OverSampling8Cmd                   0x0800122f   Thumb Code    22  stm32f4xx_usart.o(.text)
    USART_OneBitMethodCmd                    0x08001245   Thumb Code    24  stm32f4xx_usart.o(.text)
    USART_SendData                           0x0800125d   Thumb Code     8  stm32f4xx_usart.o(.text)
    USART_ReceiveData                        0x08001265   Thumb Code    10  stm32f4xx_usart.o(.text)
    USART_SetAddress                         0x0800126f   Thumb Code    18  stm32f4xx_usart.o(.text)
    USART_ReceiverWakeUpCmd                  0x08001281   Thumb Code    24  stm32f4xx_usart.o(.text)
    USART_WakeUpConfig                       0x08001299   Thumb Code    18  stm32f4xx_usart.o(.text)
    USART_LINBreakDetectLengthConfig         0x080012ab   Thumb Code    18  stm32f4xx_usart.o(.text)
    USART_LINCmd                             0x080012bd   Thumb Code    24  stm32f4xx_usart.o(.text)
    USART_SendBreak                          0x080012d5   Thumb Code    10  stm32f4xx_usart.o(.text)
    USART_HalfDuplexCmd                      0x080012df   Thumb Code    24  stm32f4xx_usart.o(.text)
    USART_SetGuardTime                       0x080012f7   Thumb Code    16  stm32f4xx_usart.o(.text)
    USART_SmartCardCmd                       0x08001307   Thumb Code    24  stm32f4xx_usart.o(.text)
    USART_SmartCardNACKCmd                   0x0800131f   Thumb Code    24  stm32f4xx_usart.o(.text)
    USART_IrDAConfig                         0x08001337   Thumb Code    18  stm32f4xx_usart.o(.text)
    USART_IrDACmd                            0x08001349   Thumb Code    24  stm32f4xx_usart.o(.text)
    USART_DMACmd                             0x08001361   Thumb Code    18  stm32f4xx_usart.o(.text)
    USART_ITConfig                           0x08001373   Thumb Code    74  stm32f4xx_usart.o(.text)
    USART_GetFlagStatus                      0x080013bd   Thumb Code    26  stm32f4xx_usart.o(.text)
    USART_ClearFlag                          0x080013d7   Thumb Code    18  stm32f4xx_usart.o(.text)
    USART_GetITStatus                        0x080013e9   Thumb Code   118  stm32f4xx_usart.o(.text)
    USART_ClearITPendingBit                  0x0800145f   Thumb Code    30  stm32f4xx_usart.o(.text)
    my_app_init                              0x0800147d   Thumb Code    14  my_app.o(.text)
    my_app                                   0x0800148b   Thumb Code    54  my_app.o(.text)
    lmt70_init                               0x0800152b   Thumb Code     2  lmt70.o(.text)
    lmt70_get_temp                           0x0800152d   Thumb Code   104  lmt70.o(.text)
    mcp3421_init                             0x080015a1   Thumb Code    30  mcp3421.o(.text)
    mcp3421_write_gain                       0x080015bf   Thumb Code     4  mcp3421.o(.text)
    mcp3421_write_rate                       0x080015c3   Thumb Code     4  mcp3421.o(.text)
    mcp3421_write_mode                       0x080015c7   Thumb Code     4  mcp3421.o(.text)
    mcp3421_write_flag                       0x080015cb   Thumb Code     4  mcp3421.o(.text)
    mcp3421_read_gain                        0x080015cf   Thumb Code     6  mcp3421.o(.text)
    mcp3421_read_rate                        0x080015d5   Thumb Code     6  mcp3421.o(.text)
    mcp3421_read_mode                        0x080015db   Thumb Code     6  mcp3421.o(.text)
    mcp3421_read_flag                        0x080015e1   Thumb Code     6  mcp3421.o(.text)
    mcp3421_one_conversion                   0x080015e7   Thumb Code   660  mcp3421.o(.text)
    fputc                                    0x080018a1   Thumb Code    22  port_debug.o(.text)
    fget                                     0x080018b7   Thumb Code     4  port_debug.o(.text)
    ferror                                   0x080018bb   Thumb Code     8  port_debug.o(.text)
    _ttywrch                                 0x080018c3   Thumb Code    14  port_debug.o(.text)
    __backspace                              0x080018d1   Thumb Code     4  port_debug.o(.text)
    _sys_exit                                0x080018d5   Thumb Code     4  port_debug.o(.text)
    pr                                       0x080018d9   Thumb Code    52  port_debug.o(.text)
    port_delay_us                            0x08001955   Thumb Code    92  port_delay.o(.text)
    port_delay_ms                            0x080019b1   Thumb Code    92  port_delay.o(.text)
    iic_init                                 0x08001c49   Thumb Code    50  port_iic.o(.text)
    iic_master_transmit                      0x08001c7b   Thumb Code   120  port_iic.o(.text)
    iic_master_receive                       0x08001cf3   Thumb Code   142  port_iic.o(.text)
    __I$use$semihosting                      0x08001d91   Thumb Code     0  use_no_semi.o(.text)
    __use_no_semihosting_swi                 0x08001d91   Thumb Code     2  use_no_semi.o(.text)
    __c89vprintf                             0x08001d95   Thumb Code     8  c89vprintf.o(.text)
    __2printf                                0x08001da1   Thumb Code    20  __2printf.o(.text)
    _printf_str                              0x08001db9   Thumb Code    82  _printf_str.o(.text)
    __printf                                 0x08001e0d   Thumb Code   388  __printf_flags_ss_wp.o(.text)
    __use_two_region_memory                  0x08001f95   Thumb Code     2  heapauxi.o(.text)
    __rt_heap_escrow$2region                 0x08001f97   Thumb Code     2  heapauxi.o(.text)
    __rt_heap_expand$2region                 0x08001f99   Thumb Code     2  heapauxi.o(.text)
    _printf_pre_padding                      0x08001f9b   Thumb Code    44  _printf_pad.o(.text)
    _printf_post_padding                     0x08001fc7   Thumb Code    34  _printf_pad.o(.text)
    _printf_truncate_signed                  0x08001fe9   Thumb Code    18  _printf_truncate.o(.text)
    _printf_truncate_unsigned                0x08001ffb   Thumb Code    18  _printf_truncate.o(.text)
    _printf_int_dec                          0x0800200d   Thumb Code   104  _printf_dec.o(.text)
    _printf_charcount                        0x08002085   Thumb Code    40  _printf_charcount.o(.text)
    _printf_cs_common                        0x080020ad   Thumb Code    20  _printf_char.o(.text)
    _printf_char                             0x080020c1   Thumb Code    16  _printf_char.o(.text)
    _printf_string                           0x080020d1   Thumb Code     8  _printf_char.o(.text)
    _printf_char_file                        0x080020d9   Thumb Code    32  _printf_char_file.o(.text)
    _printf_wctomb                           0x080020fd   Thumb Code   182  _printf_wctomb.o(.text)
    _printf_longlong_dec                     0x080021b9   Thumb Code   108  _printf_longlong_dec.o(.text)
    _printf_longlong_oct                     0x08002235   Thumb Code    66  _printf_oct_int_ll.o(.text)
    _printf_int_oct                          0x08002277   Thumb Code    24  _printf_oct_int_ll.o(.text)
    _printf_ll_oct                           0x0800228f   Thumb Code    12  _printf_oct_int_ll.o(.text)
    _printf_longlong_hex                     0x080022a5   Thumb Code    86  _printf_hex_int_ll_ptr.o(.text)
    _printf_int_hex                          0x080022fb   Thumb Code    28  _printf_hex_int_ll_ptr.o(.text)
    _printf_ll_hex                           0x08002317   Thumb Code    12  _printf_hex_int_ll_ptr.o(.text)
    _printf_hex_ptr                          0x08002323   Thumb Code    18  _printf_hex_int_ll_ptr.o(.text)
    _ll_udiv10                               0x08002339   Thumb Code   138  lludiv10.o(.text)
    _printf_int_common                       0x080023c3   Thumb Code   178  _printf_intcommon.o(.text)
    __lib_sel_fp_printf                      0x08002475   Thumb Code     2  _printf_fp_dec.o(.text)
    _printf_fp_dec_real                      0x08002627   Thumb Code   620  _printf_fp_dec.o(.text)
    _printf_char_common                      0x0800289f   Thumb Code    32  _printf_char_common.o(.text)
    _printf_lcs_common                       0x080028c5   Thumb Code    20  _printf_wchar.o(.text)
    _printf_wchar                            0x080028d9   Thumb Code    16  _printf_wchar.o(.text)
    _printf_wstring                          0x080028e9   Thumb Code     8  _printf_wchar.o(.text)
    _wcrtomb                                 0x080028f1   Thumb Code    64  _wcrtomb.o(.text)
    __user_setup_stackheap                   0x08002931   Thumb Code    74  sys_stackheap_outer.o(.text)
    __rt_ctype_table                         0x0800297d   Thumb Code    16  rt_ctype_table.o(.text)
    __rt_locale                              0x0800298d   Thumb Code     8  rt_locale_intlibspace.o(.text)
    _printf_fp_infnan                        0x08002995   Thumb Code   112  _printf_fp_infnan.o(.text)
    _btod_etento                             0x08002a15   Thumb Code   224  bigflt0.o(.text)
    exit                                     0x08002af9   Thumb Code    18  exit.o(.text)
    __user_libspace                          0x08002b0d   Thumb Code     8  libspace.o(.text)
    __user_perproc_libspace                  0x08002b0d   Thumb Code     0  libspace.o(.text)
    __user_perthread_libspace                0x08002b0d   Thumb Code     0  libspace.o(.text)
    strcmp                                   0x08002b15   Thumb Code   128  strcmpv7m.o(.text)
    _btod_d2e                                0x08002b95   Thumb Code    62  btod.o(CL$$btod_d2e)
    _d2e_denorm_low                          0x08002bd3   Thumb Code    70  btod.o(CL$$btod_d2e_denorm_low)
    _d2e_norm_op1                            0x08002c19   Thumb Code    96  btod.o(CL$$btod_d2e_norm_op1)
    __btod_div_common                        0x08002c79   Thumb Code   696  btod.o(CL$$btod_div_common)
    _e2e                                     0x08002fb1   Thumb Code   220  btod.o(CL$$btod_e2e)
    _btod_ediv                               0x0800308d   Thumb Code    42  btod.o(CL$$btod_ediv)
    _btod_emul                               0x080030b7   Thumb Code    42  btod.o(CL$$btod_emul)
    __btod_mult_common                       0x080030e1   Thumb Code   580  btod.o(CL$$btod_mult_common)
    __ARM_fpclassify                         0x08003325   Thumb Code    48  fpclassify.o(i.__ARM_fpclassify)
    _is_digit                                0x08003355   Thumb Code    14  __printf_wp.o(i._is_digit)
    _get_lc_numeric                          0x08003365   Thumb Code    44  lc_numeric_c.o(locale$$code)
    _get_lc_ctype                            0x08003391   Thumb Code    44  lc_ctype_c.o(locale$$code)
    __aeabi_d2f                              0x080033bd   Thumb Code     0  d2f.o(x$fpl$d2f)
    _d2f                                     0x080033bd   Thumb Code    98  d2f.o(x$fpl$d2f)
    __aeabi_ui2d                             0x0800341f   Thumb Code     0  dflt_clz.o(x$fpl$dfltu)
    _dfltu                                   0x0800341f   Thumb Code    38  dflt_clz.o(x$fpl$dfltu)
    __aeabi_dmul                             0x08003445   Thumb Code     0  dmul.o(x$fpl$dmul)
    _dmul                                    0x08003445   Thumb Code   332  dmul.o(x$fpl$dmul)
    __fpl_dnaninf                            0x08003599   Thumb Code   156  dnaninf.o(x$fpl$dnaninf)
    __fpl_dretinf                            0x08003635   Thumb Code    12  dretinf.o(x$fpl$dretinf)
    _fp_init                                 0x08003641   Thumb Code    10  fpinit.o(x$fpl$fpinit)
    __fplib_config_fpu_vfp                   0x08003649   Thumb Code     0  fpinit.o(x$fpl$fpinit)
    __fplib_config_pureend_doubles           0x08003649   Thumb Code     0  fpinit.o(x$fpl$fpinit)
    __fpl_fretinf                            0x0800364b   Thumb Code    10  fretinf.o(x$fpl$fretinf)
    _printf_fp_dec                           0x08003655   Thumb Code     4  printf1.o(x$fpl$printf1)
    __I$use$fp                               0x08003658   Number         0  usenofp.o(x$fpl$usenofp)
    Region$$Table$$Base                      0x08003730   Number         0  anon$$obj.o(Region$$Table)
    Region$$Table$$Limit                     0x08003750   Number         0  anon$$obj.o(Region$$Table)
    __ctype                                  0x08003779   Data           0  lc_ctype_c.o(locale$$data)
    SystemCoreClock                          0x20000000   Data           4  system_stm32f4xx.o(.data)
    AHBPrescTable                            0x20000004   Data          16  system_stm32f4xx.o(.data)
    USART_RX_STA                             0x20000014   Data           2  usart.o(.data)
    TAG                                      0x20000028   Data           4  my_app.o(.data)
    port_ad                                  0x2000002c   Data           4  my_app.o(.data)
    tep                                      0x20000030   Data           4  my_app.o(.data)
    voltage1                                 0x20000034   Data           4  my_app.o(.data)
    mcp                                      0x20000038   Data           5  my_app.o(.data)
    v2t_tabl                                 0x20000040   Data          84  lmt70.o(.data)
    slope_tabl                               0x20000094   Data          84  lmt70.o(.data)
    __stdout                                 0x200000e8   Data           4  port_debug.o(.data)
    __stdin                                  0x200000ec   Data           4  port_debug.o(.data)
    ITM_RxBuffer                             0x200000f0   Data           4  port_debug.o(.data)
    USART_RX_BUF                             0x200000fc   Data         200  usart.o(.bss)
    iic_txbuf                                0x200001c4   Data         256  port_iic.o(.bss)
    __libspace_start                         0x200002c4   Data          96  libspace.o(.bss)
    __temporary_stack_top$libspace           0x20000324   Data           0  libspace.o(.bss)



==============================================================================

Memory Map of the image

  Image Entry point : 0x08000189

  Load Region LR_IROM1 (Base: 0x08000000, Size: 0x00003978, Max: 0x00100000, ABSOLUTE)

    Execution Region ER_IROM1 (Exec base: 0x08000000, Load base: 0x08000000, Size: 0x0000387c, Max: 0x00100000, ABSOLUTE)

    Exec Addr    Load Addr    Size         Type   Attr      Idx    E Section Name        Object

    0x08000000   0x08000000   0x00000188   Data   RO          267    RESET               startup_stm32f40_41xxx.o
    0x08000188   0x08000188   0x00000008   Code   RO          604  * !!!main             c_w.l(__main.o)
    0x08000190   0x08000190   0x00000034   Code   RO          900    !!!scatter          c_w.l(__scatter.o)
    0x080001c4   0x080001c4   0x0000001a   Code   RO          902    !!handler_copy      c_w.l(__scatter_copy.o)
    0x080001de   0x080001de   0x00000002   PAD
    0x080001e0   0x080001e0   0x0000001c   Code   RO          904    !!handler_zi        c_w.l(__scatter_zi.o)
    0x080001fc   0x080001fc   0x00000000   Code   RO          601    .ARM.Collect$$_printf_percent$$00000000  c_w.l(_printf_percent.o)
    0x080001fc   0x080001fc   0x00000006   Code   RO          662    .ARM.Collect$$_printf_percent$$00000001  c_w.l(_printf_n.o)
    0x08000202   0x08000202   0x00000006   Code   RO          664    .ARM.Collect$$_printf_percent$$00000002  c_w.l(_printf_p.o)
    0x08000208   0x08000208   0x00000006   Code   RO          669    .ARM.Collect$$_printf_percent$$00000003  c_w.l(_printf_f.o)
    0x0800020e   0x0800020e   0x00000006   Code   RO          670    .ARM.Collect$$_printf_percent$$00000004  c_w.l(_printf_e.o)
    0x08000214   0x08000214   0x00000006   Code   RO          671    .ARM.Collect$$_printf_percent$$00000005  c_w.l(_printf_g.o)
    0x0800021a   0x0800021a   0x00000006   Code   RO          672    .ARM.Collect$$_printf_percent$$00000006  c_w.l(_printf_a.o)
    0x08000220   0x08000220   0x0000000a   Code   RO          677    .ARM.Collect$$_printf_percent$$00000007  c_w.l(_printf_ll.o)
    0x0800022a   0x0800022a   0x00000006   Code   RO          666    .ARM.Collect$$_printf_percent$$00000008  c_w.l(_printf_i.o)
    0x08000230   0x08000230   0x00000006   Code   RO          667    .ARM.Collect$$_printf_percent$$00000009  c_w.l(_printf_d.o)
    0x08000236   0x08000236   0x00000006   Code   RO          668    .ARM.Collect$$_printf_percent$$0000000A  c_w.l(_printf_u.o)
    0x0800023c   0x0800023c   0x00000006   Code   RO          665    .ARM.Collect$$_printf_percent$$0000000B  c_w.l(_printf_o.o)
    0x08000242   0x08000242   0x00000006   Code   RO          663    .ARM.Collect$$_printf_percent$$0000000C  c_w.l(_printf_x.o)
    0x08000248   0x08000248   0x00000006   Code   RO          674    .ARM.Collect$$_printf_percent$$0000000D  c_w.l(_printf_lli.o)
    0x0800024e   0x0800024e   0x00000006   Code   RO          675    .ARM.Collect$$_printf_percent$$0000000E  c_w.l(_printf_lld.o)
    0x08000254   0x08000254   0x00000006   Code   RO          676    .ARM.Collect$$_printf_percent$$0000000F  c_w.l(_printf_llu.o)
    0x0800025a   0x0800025a   0x00000006   Code   RO          681    .ARM.Collect$$_printf_percent$$00000010  c_w.l(_printf_llo.o)
    0x08000260   0x08000260   0x00000006   Code   RO          682    .ARM.Collect$$_printf_percent$$00000011  c_w.l(_printf_llx.o)
    0x08000266   0x08000266   0x0000000a   Code   RO          678    .ARM.Collect$$_printf_percent$$00000012  c_w.l(_printf_l.o)
    0x08000270   0x08000270   0x00000006   Code   RO          661    .ARM.Collect$$_printf_percent$$00000013  c_w.l(_printf_c.o)
    0x08000276   0x08000276   0x00000006   Code   RO          600    .ARM.Collect$$_printf_percent$$00000014  c_w.l(_printf_s.o)
    0x0800027c   0x0800027c   0x00000006   Code   RO          679    .ARM.Collect$$_printf_percent$$00000015  c_w.l(_printf_lc.o)
    0x08000282   0x08000282   0x00000006   Code   RO          680    .ARM.Collect$$_printf_percent$$00000016  c_w.l(_printf_ls.o)
    0x08000288   0x08000288   0x00000004   Code   RO          673    .ARM.Collect$$_printf_percent$$00000017  c_w.l(_printf_percent_end.o)
    0x0800028c   0x0800028c   0x00000002   Code   RO          767    .ARM.Collect$$libinit$$00000000  c_w.l(libinit.o)
    0x0800028e   0x0800028e   0x00000004   Code   RO          782    .ARM.Collect$$libinit$$00000001  c_w.l(libinit2.o)
    0x08000292   0x08000292   0x00000000   Code   RO          785    .ARM.Collect$$libinit$$00000004  c_w.l(libinit2.o)
    0x08000292   0x08000292   0x00000000   Code   RO          788    .ARM.Collect$$libinit$$0000000A  c_w.l(libinit2.o)
    0x08000292   0x08000292   0x00000000   Code   RO          790    .ARM.Collect$$libinit$$0000000C  c_w.l(libinit2.o)
    0x08000292   0x08000292   0x00000000   Code   RO          792    .ARM.Collect$$libinit$$0000000E  c_w.l(libinit2.o)
    0x08000292   0x08000292   0x00000006   Code   RO          793    .ARM.Collect$$libinit$$0000000F  c_w.l(libinit2.o)
    0x08000298   0x08000298   0x00000000   Code   RO          795    .ARM.Collect$$libinit$$00000011  c_w.l(libinit2.o)
    0x08000298   0x08000298   0x0000000c   Code   RO          796    .ARM.Collect$$libinit$$00000012  c_w.l(libinit2.o)
    0x080002a4   0x080002a4   0x00000000   Code   RO          797    .ARM.Collect$$libinit$$00000013  c_w.l(libinit2.o)
    0x080002a4   0x080002a4   0x00000000   Code   RO          799    .ARM.Collect$$libinit$$00000015  c_w.l(libinit2.o)
    0x080002a4   0x080002a4   0x0000000a   Code   RO          800    .ARM.Collect$$libinit$$00000016  c_w.l(libinit2.o)
    0x080002ae   0x080002ae   0x00000000   Code   RO          801    .ARM.Collect$$libinit$$00000017  c_w.l(libinit2.o)
    0x080002ae   0x080002ae   0x00000000   Code   RO          803    .ARM.Collect$$libinit$$00000019  c_w.l(libinit2.o)
    0x080002ae   0x080002ae   0x00000000   Code   RO          805    .ARM.Collect$$libinit$$0000001B  c_w.l(libinit2.o)
    0x080002ae   0x080002ae   0x00000000   Code   RO          807    .ARM.Collect$$libinit$$0000001D  c_w.l(libinit2.o)
    0x080002ae   0x080002ae   0x00000000   Code   RO          809    .ARM.Collect$$libinit$$0000001F  c_w.l(libinit2.o)
    0x080002ae   0x080002ae   0x00000000   Code   RO          811    .ARM.Collect$$libinit$$00000021  c_w.l(libinit2.o)
    0x080002ae   0x080002ae   0x00000000   Code   RO          813    .ARM.Collect$$libinit$$00000023  c_w.l(libinit2.o)
    0x080002ae   0x080002ae   0x00000000   Code   RO          815    .ARM.Collect$$libinit$$00000025  c_w.l(libinit2.o)
    0x080002ae   0x080002ae   0x00000000   Code   RO          819    .ARM.Collect$$libinit$$0000002C  c_w.l(libinit2.o)
    0x080002ae   0x080002ae   0x00000000   Code   RO          821    .ARM.Collect$$libinit$$0000002E  c_w.l(libinit2.o)
    0x080002ae   0x080002ae   0x00000000   Code   RO          823    .ARM.Collect$$libinit$$00000030  c_w.l(libinit2.o)
    0x080002ae   0x080002ae   0x00000000   Code   RO          825    .ARM.Collect$$libinit$$00000032  c_w.l(libinit2.o)
    0x080002ae   0x080002ae   0x00000002   Code   RO          826    .ARM.Collect$$libinit$$00000033  c_w.l(libinit2.o)
    0x080002b0   0x080002b0   0x00000002   Code   RO          844    .ARM.Collect$$libshutdown$$00000000  c_w.l(libshutdown.o)
    0x080002b2   0x080002b2   0x00000000   Code   RO          854    .ARM.Collect$$libshutdown$$00000002  c_w.l(libshutdown2.o)
    0x080002b2   0x080002b2   0x00000000   Code   RO          856    .ARM.Collect$$libshutdown$$00000004  c_w.l(libshutdown2.o)
    0x080002b2   0x080002b2   0x00000000   Code   RO          859    .ARM.Collect$$libshutdown$$00000007  c_w.l(libshutdown2.o)
    0x080002b2   0x080002b2   0x00000000   Code   RO          862    .ARM.Collect$$libshutdown$$0000000A  c_w.l(libshutdown2.o)
    0x080002b2   0x080002b2   0x00000000   Code   RO          864    .ARM.Collect$$libshutdown$$0000000C  c_w.l(libshutdown2.o)
    0x080002b2   0x080002b2   0x00000000   Code   RO          867    .ARM.Collect$$libshutdown$$0000000F  c_w.l(libshutdown2.o)
    0x080002b2   0x080002b2   0x00000002   Code   RO          868    .ARM.Collect$$libshutdown$$00000010  c_w.l(libshutdown2.o)
    0x080002b4   0x080002b4   0x00000000   Code   RO          616    .ARM.Collect$$rtentry$$00000000  c_w.l(__rtentry.o)
    0x080002b4   0x080002b4   0x00000000   Code   RO          693    .ARM.Collect$$rtentry$$00000002  c_w.l(__rtentry2.o)
    0x080002b4   0x080002b4   0x00000006   Code   RO          705    .ARM.Collect$$rtentry$$00000004  c_w.l(__rtentry4.o)
    0x080002ba   0x080002ba   0x00000000   Code   RO          695    .ARM.Collect$$rtentry$$00000009  c_w.l(__rtentry2.o)
    0x080002ba   0x080002ba   0x00000004   Code   RO          696    .ARM.Collect$$rtentry$$0000000A  c_w.l(__rtentry2.o)
    0x080002be   0x080002be   0x00000000   Code   RO          698    .ARM.Collect$$rtentry$$0000000C  c_w.l(__rtentry2.o)
    0x080002be   0x080002be   0x00000008   Code   RO          699    .ARM.Collect$$rtentry$$0000000D  c_w.l(__rtentry2.o)
    0x080002c6   0x080002c6   0x00000002   Code   RO          775    .ARM.Collect$$rtexit$$00000000  c_w.l(rtexit.o)
    0x080002c8   0x080002c8   0x00000000   Code   RO          828    .ARM.Collect$$rtexit$$00000002  c_w.l(rtexit2.o)
    0x080002c8   0x080002c8   0x00000004   Code   RO          829    .ARM.Collect$$rtexit$$00000003  c_w.l(rtexit2.o)
    0x080002cc   0x080002cc   0x00000006   Code   RO          830    .ARM.Collect$$rtexit$$00000004  c_w.l(rtexit2.o)
    0x080002d2   0x080002d2   0x00000014   Code   RO            3    .text               main.o
    0x080002e6   0x080002e6   0x0000001a   Code   RO          147    .text               stm32f4xx_it.o
    0x08000300   0x08000300   0x00000210   Code   RO          170    .text               system_stm32f4xx.o
    0x08000510   0x08000510   0x00000108   Code   RO          240    .text               usart.o
    0x08000618   0x08000618   0x00000040   Code   RO          268    .text               startup_stm32f40_41xxx.o
    0x08000658   0x08000658   0x000000e0   Code   RO          274    .text               misc.o
    0x08000738   0x08000738   0x00000294   Code   RO          294    .text               stm32f4xx_gpio.o
    0x080009cc   0x080009cc   0x0000065c   Code   RO          337    .text               stm32f4xx_rcc.o
    0x08001028   0x08001028   0x00000454   Code   RO          379    .text               stm32f4xx_usart.o
    0x0800147c   0x0800147c   0x00000064   Code   RO          399    .text               my_app.o
    0x080014e0   0x080014e0   0x000000c0   Code   RO          440    .text               lmt70.o
    0x080015a0   0x080015a0   0x00000300   Code   RO          463    .text               mcp3421.o
    0x080018a0   0x080018a0   0x00000080   Code   RO          486    .text               port_debug.o
    0x08001920   0x08001920   0x000000f8   Code   RO          523    .text               port_delay.o
    0x08001a18   0x08001a18   0x00000378   Code   RO          545    .text               port_iic.o
    0x08001d90   0x08001d90   0x00000002   Code   RO          568    .text               c_w.l(use_no_semi.o)
    0x08001d92   0x08001d92   0x00000002   PAD
    0x08001d94   0x08001d94   0x0000000c   Code   RO          570    .text               c_w.l(c89vprintf.o)
    0x08001da0   0x08001da0   0x00000018   Code   RO          572    .text               c_w.l(__2printf.o)
    0x08001db8   0x08001db8   0x00000052   Code   RO          578    .text               c_w.l(_printf_str.o)
    0x08001e0a   0x08001e0a   0x00000002   PAD
    0x08001e0c   0x08001e0c   0x00000188   Code   RO          597    .text               c_w.l(__printf_flags_ss_wp.o)
    0x08001f94   0x08001f94   0x00000006   Code   RO          602    .text               c_w.l(heapauxi.o)
    0x08001f9a   0x08001f9a   0x0000004e   Code   RO          617    .text               c_w.l(_printf_pad.o)
    0x08001fe8   0x08001fe8   0x00000024   Code   RO          619    .text               c_w.l(_printf_truncate.o)
    0x0800200c   0x0800200c   0x00000078   Code   RO          621    .text               c_w.l(_printf_dec.o)
    0x08002084   0x08002084   0x00000028   Code   RO          623    .text               c_w.l(_printf_charcount.o)
    0x080020ac   0x080020ac   0x0000002c   Code   RO          625    .text               c_w.l(_printf_char.o)
    0x080020d8   0x080020d8   0x00000024   Code   RO          627    .text               c_w.l(_printf_char_file.o)
    0x080020fc   0x080020fc   0x000000bc   Code   RO          629    .text               c_w.l(_printf_wctomb.o)
    0x080021b8   0x080021b8   0x0000007c   Code   RO          632    .text               c_w.l(_printf_longlong_dec.o)
    0x08002234   0x08002234   0x00000070   Code   RO          638    .text               c_w.l(_printf_oct_int_ll.o)
    0x080022a4   0x080022a4   0x00000094   Code   RO          658    .text               c_w.l(_printf_hex_int_ll_ptr.o)
    0x08002338   0x08002338   0x0000008a   Code   RO          707    .text               c_w.l(lludiv10.o)
    0x080023c2   0x080023c2   0x000000b2   Code   RO          709    .text               c_w.l(_printf_intcommon.o)
    0x08002474   0x08002474   0x0000041e   Code   RO          711    .text               c_w.l(_printf_fp_dec.o)
    0x08002892   0x08002892   0x00000002   PAD
    0x08002894   0x08002894   0x00000030   Code   RO          713    .text               c_w.l(_printf_char_common.o)
    0x080028c4   0x080028c4   0x0000002c   Code   RO          715    .text               c_w.l(_printf_wchar.o)
    0x080028f0   0x080028f0   0x00000040   Code   RO          717    .text               c_w.l(_wcrtomb.o)
    0x08002930   0x08002930   0x0000004a   Code   RO          719    .text               c_w.l(sys_stackheap_outer.o)
    0x0800297a   0x0800297a   0x00000002   PAD
    0x0800297c   0x0800297c   0x00000010   Code   RO          721    .text               c_w.l(rt_ctype_table.o)
    0x0800298c   0x0800298c   0x00000008   Code   RO          726    .text               c_w.l(rt_locale_intlibspace.o)
    0x08002994   0x08002994   0x00000080   Code   RO          728    .text               c_w.l(_printf_fp_infnan.o)
    0x08002a14   0x08002a14   0x000000e4   Code   RO          732    .text               c_w.l(bigflt0.o)
    0x08002af8   0x08002af8   0x00000012   Code   RO          760    .text               c_w.l(exit.o)
    0x08002b0a   0x08002b0a   0x00000002   PAD
    0x08002b0c   0x08002b0c   0x00000008   Code   RO          772    .text               c_w.l(libspace.o)
    0x08002b14   0x08002b14   0x00000080   Code   RO          780    .text               c_w.l(strcmpv7m.o)
    0x08002b94   0x08002b94   0x0000003e   Code   RO          735    CL$$btod_d2e        c_w.l(btod.o)
    0x08002bd2   0x08002bd2   0x00000046   Code   RO          737    CL$$btod_d2e_denorm_low  c_w.l(btod.o)
    0x08002c18   0x08002c18   0x00000060   Code   RO          736    CL$$btod_d2e_norm_op1  c_w.l(btod.o)
    0x08002c78   0x08002c78   0x00000338   Code   RO          745    CL$$btod_div_common  c_w.l(btod.o)
    0x08002fb0   0x08002fb0   0x000000dc   Code   RO          742    CL$$btod_e2e        c_w.l(btod.o)
    0x0800308c   0x0800308c   0x0000002a   Code   RO          739    CL$$btod_ediv       c_w.l(btod.o)
    0x080030b6   0x080030b6   0x0000002a   Code   RO          738    CL$$btod_emul       c_w.l(btod.o)
    0x080030e0   0x080030e0   0x00000244   Code   RO          744    CL$$btod_mult_common  c_w.l(btod.o)
    0x08003324   0x08003324   0x00000030   Code   RO          770    i.__ARM_fpclassify  m_wm.l(fpclassify.o)
    0x08003354   0x08003354   0x0000000e   Code   RO          590    i._is_digit         c_w.l(__printf_wp.o)
    0x08003362   0x08003362   0x00000002   PAD
    0x08003364   0x08003364   0x0000002c   Code   RO          758    locale$$code        c_w.l(lc_numeric_c.o)
    0x08003390   0x08003390   0x0000002c   Code   RO          778    locale$$code        c_w.l(lc_ctype_c.o)
    0x080033bc   0x080033bc   0x00000062   Code   RO          606    x$fpl$d2f           fz_wm.l(d2f.o)
    0x0800341e   0x0800341e   0x00000026   Code   RO          608    x$fpl$dfltu         fz_wm.l(dflt_clz.o)
    0x08003444   0x08003444   0x00000154   Code   RO          614    x$fpl$dmul          fz_wm.l(dmul.o)
    0x08003598   0x08003598   0x0000009c   Code   RO          683    x$fpl$dnaninf       fz_wm.l(dnaninf.o)
    0x08003634   0x08003634   0x0000000c   Code   RO          685    x$fpl$dretinf       fz_wm.l(dretinf.o)
    0x08003640   0x08003640   0x0000000a   Code   RO          836    x$fpl$fpinit        fz_wm.l(fpinit.o)
    0x0800364a   0x0800364a   0x0000000a   Code   RO          687    x$fpl$fretinf       fz_wm.l(fretinf.o)
    0x08003654   0x08003654   0x00000004   Code   RO          689    x$fpl$printf1       fz_wm.l(printf1.o)
    0x08003658   0x08003658   0x00000000   Code   RO          691    x$fpl$usenofp       fz_wm.l(usenofp.o)
    0x08003658   0x08003658   0x00000011   Data   RO          598    .constdata          c_w.l(__printf_flags_ss_wp.o)
    0x08003669   0x08003669   0x00000003   PAD
    0x0800366c   0x0800366c   0x00000008   Data   RO          630    .constdata          c_w.l(_printf_wctomb.o)
    0x08003674   0x08003674   0x00000028   Data   RO          659    .constdata          c_w.l(_printf_hex_int_ll_ptr.o)
    0x0800369c   0x0800369c   0x00000094   Data   RO          733    .constdata          c_w.l(bigflt0.o)
    0x08003730   0x08003730   0x00000020   Data   RO          898    Region$$Table       anon$$obj.o
    0x08003750   0x08003750   0x0000001c   Data   RO          757    locale$$data        c_w.l(lc_numeric_c.o)
    0x0800376c   0x0800376c   0x00000110   Data   RO          777    locale$$data        c_w.l(lc_ctype_c.o)


    Execution Region RW_IRAM1 (Exec base: 0x20000000, Load base: 0x0800387c, Size: 0x00000928, Max: 0x00020000, ABSOLUTE)

    Exec Addr    Load Addr    Size         Type   Attr      Idx    E Section Name        Object

    0x20000000   0x0800387c   0x00000014   Data   RW          171    .data               system_stm32f4xx.o
    0x20000014   0x08003890   0x00000002   Data   RW          242    .data               usart.o
    0x20000016   0x08003892   0x00000010   Data   RW          338    .data               stm32f4xx_rcc.o
    0x20000026   0x080038a2   0x00000002   PAD
    0x20000028   0x080038a4   0x00000015   Data   RW          400    .data               my_app.o
    0x2000003d   0x080038b9   0x00000003   PAD
    0x20000040   0x080038bc   0x000000a8   Data   RW          441    .data               lmt70.o
    0x200000e8   0x08003964   0x0000000c   Data   RW          487    .data               port_debug.o
    0x200000f4   0x08003970   0x00000005   Data   RW          524    .data               port_delay.o
    0x200000f9   0x08003975   0x00000003   PAD
    0x200000fc        -       0x000000c8   Zero   RW          241    .bss                usart.o
    0x200001c4        -       0x00000100   Zero   RW          546    .bss                port_iic.o
    0x200002c4        -       0x00000060   Zero   RW          773    .bss                c_w.l(libspace.o)
    0x20000324   0x08003975   0x00000004   PAD
    0x20000328        -       0x00000200   Zero   RW          266    HEAP                startup_stm32f40_41xxx.o
    0x20000528        -       0x00000400   Zero   RW          265    STACK               startup_stm32f40_41xxx.o


==============================================================================

Image component sizes


      Code (inc. data)   RO Data    RW Data    ZI Data      Debug   Object Name

       192         12          0        168          0       1910   lmt70.o
        20          0          0          0          0      33419   main.o
       768         38          0          0          0       3094   mcp3421.o
       224         20          0          0          0       1949   misc.o
       100         32          0         21          0       2328   my_app.o
       128         20          0         12          0       4477   port_debug.o
       248         12          0          5          0       1410   port_delay.o
       888         16          0          0        256       4158   port_iic.o
        64         26        392          0       1536        892   startup_stm32f40_41xxx.o
       660         44          0          0          0       4289   stm32f4xx_gpio.o
        26          0          0          0          0       1290   stm32f4xx_it.o
      1628         52          0         16          0      13232   stm32f4xx_rcc.o
      1108         34          0          0          0       8016   stm32f4xx_usart.o
         0          0          0          0          0     229276   sys.o
       528         46          0         20          0       1975   system_stm32f4xx.o
       264         18          0          2        200       1682   usart.o

    ----------------------------------------------------------------------
      6846        370        424        252       1992     313397   Object Totals
         0          0         32          0          0          0   (incl. Generated)
         0          0          0          8          0          0   (incl. Padding)

    ----------------------------------------------------------------------

      Code (inc. data)   RO Data    RW Data    ZI Data      Debug   Library Member Name

        24          4          0          0          0         84   __2printf.o
         8          0          0          0          0         68   __main.o
       392          4         17          0          0         92   __printf_flags_ss_wp.o
        14          0          0          0          0         68   __printf_wp.o
         0          0          0          0          0          0   __rtentry.o
        12          0          0          0          0          0   __rtentry2.o
         6          0          0          0          0          0   __rtentry4.o
        52          8          0          0          0          0   __scatter.o
        26          0          0          0          0          0   __scatter_copy.o
        28          0          0          0          0          0   __scatter_zi.o
         6          0          0          0          0          0   _printf_a.o
         6          0          0          0          0          0   _printf_c.o
        44          0          0          0          0        108   _printf_char.o
        48          6          0          0          0         96   _printf_char_common.o
        36          4          0          0          0         80   _printf_char_file.o
        40          0          0          0          0         68   _printf_charcount.o
         6          0          0          0          0          0   _printf_d.o
       120         16          0          0          0         92   _printf_dec.o
         6          0          0          0          0          0   _printf_e.o
         6          0          0          0          0          0   _printf_f.o
      1054          0          0          0          0        216   _printf_fp_dec.o
       128         16          0          0          0         84   _printf_fp_infnan.o
         6          0          0          0          0          0   _printf_g.o
       148          4         40          0          0        160   _printf_hex_int_ll_ptr.o
         6          0          0          0          0          0   _printf_i.o
       178          0          0          0          0         88   _printf_intcommon.o
        10          0          0          0          0          0   _printf_l.o
         6          0          0          0          0          0   _printf_lc.o
        10          0          0          0          0          0   _printf_ll.o
         6          0          0          0          0          0   _printf_lld.o
         6          0          0          0          0          0   _printf_lli.o
         6          0          0          0          0          0   _printf_llo.o
         6          0          0          0          0          0   _printf_llu.o
         6          0          0          0          0          0   _printf_llx.o
       124         16          0          0          0         92   _printf_longlong_dec.o
         6          0          0          0          0          0   _printf_ls.o
         6          0          0          0          0          0   _printf_n.o
         6          0          0          0          0          0   _printf_o.o
       112         10          0          0          0        124   _printf_oct_int_ll.o
         6          0          0          0          0          0   _printf_p.o
        78          0          0          0          0        108   _printf_pad.o
         0          0          0          0          0          0   _printf_percent.o
         4          0          0          0          0          0   _printf_percent_end.o
         6          0          0          0          0          0   _printf_s.o
        82          0          0          0          0         80   _printf_str.o
        36          0          0          0          0         84   _printf_truncate.o
         6          0          0          0          0          0   _printf_u.o
        44          0          0          0          0        108   _printf_wchar.o
       188          6          8          0          0         92   _printf_wctomb.o
         6          0          0          0          0          0   _printf_x.o
        64          0          0          0          0         92   _wcrtomb.o
       228          4        148          0          0         96   bigflt0.o
      1936        128          0          0          0        672   btod.o
        12          4          0          0          0         68   c89vprintf.o
        18          0          0          0          0         80   exit.o
         6          0          0          0          0        152   heapauxi.o
        44         10        272          0          0         76   lc_ctype_c.o
        44         10         28          0          0         76   lc_numeric_c.o
         2          0          0          0          0          0   libinit.o
        34          0          0          0          0          0   libinit2.o
         2          0          0          0          0          0   libshutdown.o
         2          0          0          0          0          0   libshutdown2.o
         8          4          0          0         96         68   libspace.o
       138          0          0          0          0         80   lludiv10.o
        16          4          0          0          0         76   rt_ctype_table.o
         8          4          0          0          0         68   rt_locale_intlibspace.o
         2          0          0          0          0          0   rtexit.o
        10          0          0          0          0          0   rtexit2.o
       128          0          0          0          0         68   strcmpv7m.o
        74          0          0          0          0         80   sys_stackheap_outer.o
         2          0          0          0          0         68   use_no_semi.o
        98          4          0          0          0        140   d2f.o
        38          0          0          0          0        116   dflt_clz.o
       340         12          0          0          0        152   dmul.o
       156          4          0          0          0        140   dnaninf.o
        12          0          0          0          0        116   dretinf.o
        10          0          0          0          0        116   fpinit.o
        10          0          0          0          0        116   fretinf.o
         4          0          0          0          0        116   printf1.o
         0          0          0          0          0          0   usenofp.o
        48          0          0          0          0        124   fpclassify.o

    ----------------------------------------------------------------------
      6674        282        516          0        100       4948   Library Totals
        14          0          3          0          4          0   (incl. Padding)

    ----------------------------------------------------------------------

      Code (inc. data)   RO Data    RW Data    ZI Data      Debug   Library Name

      5944        262        513          0         96       3812   c_w.l
       668         20          0          0          0       1012   fz_wm.l
        48          0          0          0          0        124   m_wm.l

    ----------------------------------------------------------------------
      6674        282        516          0        100       4948   Library Totals

    ----------------------------------------------------------------------

==============================================================================


      Code (inc. data)   RO Data    RW Data    ZI Data      Debug   

     13520        652        940        252       2092     313117   Grand Totals
     13520        652        940        252       2092     313117   ELF Image Totals
     13520        652        940        252          0          0   ROM Totals

==============================================================================

    Total RO  Size (Code + RO Data)                14460 (  14.12kB)
    Total RW  Size (RW Data + ZI Data)              2344 (   2.29kB)
    Total ROM Size (Code + RO Data + RW Data)      14712 (  14.37kB)

==============================================================================

