Component: ARM Compiler 5.05 update 2 (build 169) Tool: armlink [4d0f33]

==============================================================================

Section Cross References

    main.o(.text) refers to _printf_percent.o(.ARM.Collect$$_printf_percent$$00000000) for _printf_percent
    main.o(.text) refers to _printf_d.o(.ARM.Collect$$_printf_percent$$00000009) for _printf_d
    main.o(.text) refers to _printf_dec.o(.text) for _printf_int_dec
    main.o(.text) refers to _printf_x.o(.ARM.Collect$$_printf_percent$$0000000C) for _printf_x
    main.o(.text) refers to _printf_hex_int_ll_ptr.o(.text) for _printf_longlong_hex
    main.o(.text) refers to delay.o(.text) for delay_init
    main.o(.text) refers to usart.o(.text) for uart_init
    main.o(.text) refers to my_app.o(.text) for my_app_init
    main.o(.text) refers to misc.o(.text) for NVIC_PriorityGroupConfig
    main.o(.text) refers to timer.o(.text) for TIM3_Int_Init
    main.o(.text) refers to distimer.o(.text) for Trig_Init
    main.o(.text) refers to exti.o(.text) for EXTIX_Init
    main.o(.text) refers to oled.o(.text) for OLED_Init
    main.o(.text) refers to __2sprintf.o(.text) for __2sprintf
    main.o(.text) refers to stm32f4xx_usart.o(.text) for USART_ITConfig
    main.o(.text) refers to __2printf.o(.text) for __2printf
    main.o(.text) refers to llsdiv.o(.text) for __aeabi_ldivmod
    main.o(.text) refers to led.o(.text) for LED2_Init
    main.o(.text) refers to timer.o(.data) for lmt70flag
    main.o(.text) refers to main.o(.data) for b
    main.o(.text) refers to distimer.o(.data) for TIM5CH1_CAPTURE_STA
    system_stm32f4xx.o(.text) refers to system_stm32f4xx.o(.data) for SystemCoreClock
    usart.o(.text) refers to stm32f4xx_rcc.o(.text) for RCC_AHB1PeriphClockCmd
    usart.o(.text) refers to stm32f4xx_gpio.o(.text) for GPIO_PinAFConfig
    usart.o(.text) refers to stm32f4xx_usart.o(.text) for USART_Init
    usart.o(.text) refers to misc.o(.text) for NVIC_Init
    delay.o(.text) refers to misc.o(.text) for SysTick_CLKSourceConfig
    delay.o(.text) refers to delay.o(.data) for fac_us
    startup_stm32f40_41xxx.o(STACK) refers (Special) to heapauxi.o(.text) for __use_two_region_memory
    startup_stm32f40_41xxx.o(HEAP) refers (Special) to heapauxi.o(.text) for __use_two_region_memory
    startup_stm32f40_41xxx.o(RESET) refers (Special) to heapauxi.o(.text) for __use_two_region_memory
    startup_stm32f40_41xxx.o(RESET) refers to startup_stm32f40_41xxx.o(STACK) for __initial_sp
    startup_stm32f40_41xxx.o(RESET) refers to startup_stm32f40_41xxx.o(.text) for Reset_Handler
    startup_stm32f40_41xxx.o(RESET) refers to stm32f4xx_it.o(.text) for NMI_Handler
    startup_stm32f40_41xxx.o(RESET) refers to exti.o(.text) for EXTI2_IRQHandler
    startup_stm32f40_41xxx.o(RESET) refers to timer.o(.text) for TIM3_IRQHandler
    startup_stm32f40_41xxx.o(RESET) refers to usart.o(.text) for USART1_IRQHandler
    startup_stm32f40_41xxx.o(RESET) refers to distimer.o(.text) for TIM5_IRQHandler
    startup_stm32f40_41xxx.o(.text) refers (Special) to heapauxi.o(.text) for __use_two_region_memory
    startup_stm32f40_41xxx.o(.text) refers to system_stm32f4xx.o(.text) for SystemInit
    startup_stm32f40_41xxx.o(.text) refers to __main.o(!!!main) for __main
    startup_stm32f40_41xxx.o(.text) refers to startup_stm32f40_41xxx.o(HEAP) for Heap_Mem
    startup_stm32f40_41xxx.o(.text) refers to startup_stm32f40_41xxx.o(STACK) for Stack_Mem
    stm32f4xx_gpio.o(.text) refers to stm32f4xx_rcc.o(.text) for RCC_AHB1PeriphResetCmd
    stm32f4xx_fsmc.o(.text) refers to stm32f4xx_fsmc.o(.constdata) for FSMC_DefaultTimingStruct
    stm32f4xx_rcc.o(.text) refers to stm32f4xx_rcc.o(.data) for APBAHBPrescTable
    stm32f4xx_syscfg.o(.text) refers to stm32f4xx_rcc.o(.text) for RCC_APB2PeriphResetCmd
    stm32f4xx_usart.o(.text) refers to stm32f4xx_rcc.o(.text) for RCC_APB2PeriphResetCmd
    stm32f4xx_tim.o(.text) refers to stm32f4xx_rcc.o(.text) for RCC_APB2PeriphResetCmd
    my_app.o(.text) refers to mcp3421.o(.text) for mcp3421_init
    my_app.o(.text) refers to lmt70.o(.text) for lmt70_init
    my_app.o(.text) refers to my_app.o(.data) for mcp
    lmt70.o(.text) refers to lmt70.o(.data) for v2t_tabl
    mcp3421.o(.text) refers to port_iic.o(.text) for iic_init
    mcp3421.o(.text) refers to dflt_clz.o(x$fpl$dfltu) for __aeabi_ui2d
    mcp3421.o(.text) refers to dmul.o(x$fpl$dmul) for __aeabi_dmul
    mcp3421.o(.text) refers to d2f.o(x$fpl$d2f) for __aeabi_d2f
    port_debug.o(.rev16_text) refers (Special) to use_no_semi.o(.text) for __use_no_semihosting_swi
    port_debug.o(.revsh_text) refers (Special) to use_no_semi.o(.text) for __use_no_semihosting_swi
    port_debug.o(.text) refers (Special) to use_no_semi.o(.text) for __use_no_semihosting_swi
    port_debug.o(.text) refers to _printf_percent.o(.ARM.Collect$$_printf_percent$$00000000) for _printf_percent
    port_debug.o(.text) refers to _printf_s.o(.ARM.Collect$$_printf_percent$$00000014) for _printf_s
[...]
    x$fpl$printf1                            0x080054ec   Section        4  printf1.o(x$fpl$printf1)
    $v0                                      0x080054ec   Number         0  printf1.o(x$fpl$printf1)
    .constdata                               0x080054f0   Section     2072  oled.o(.constdata)
    x$fpl$usenofp                            0x080054f0   Section        0  usenofp.o(x$fpl$usenofp)
    .constdata                               0x08005d08   Section       40  _printf_hex_int_ll_ptr.o(.constdata)
    uc_hextab                                0x08005d08   Data          20  _printf_hex_int_ll_ptr.o(.constdata)
    lc_hextab                                0x08005d1c   Data          20  _printf_hex_int_ll_ptr.o(.constdata)
    .constdata                               0x08005d30   Section       17  __printf_flags_ss_wp.o(.constdata)
    maptable                                 0x08005d30   Data          17  __printf_flags_ss_wp.o(.constdata)
    .constdata                               0x08005d44   Section        8  _printf_wctomb.o(.constdata)
    initial_mbstate                          0x08005d44   Data           8  _printf_wctomb.o(.constdata)
    .constdata                               0x08005d4c   Section      148  bigflt0.o(.constdata)
    tenpwrs_x                                0x08005d4c   Data          60  bigflt0.o(.constdata)
    tenpwrs_i                                0x08005d88   Data          64  bigflt0.o(.constdata)
    locale$$data                             0x08005e00   Section       28  lc_numeric_c.o(locale$$data)
    __lcnum_c_name                           0x08005e04   Data           2  lc_numeric_c.o(locale$$data)
    __lcnum_c_start                          0x08005e0c   Data           0  lc_numeric_c.o(locale$$data)
    __lcnum_c_point                          0x08005e18   Data           0  lc_numeric_c.o(locale$$data)
    __lcnum_c_thousands                      0x08005e1a   Data           0  lc_numeric_c.o(locale$$data)
    __lcnum_c_grouping                       0x08005e1b   Data           0  lc_numeric_c.o(locale$$data)
    locale$$data                             0x08005e1c   Section      272  lc_ctype_c.o(locale$$data)
    __lcnum_c_end                            0x08005e1c   Data           0  lc_numeric_c.o(locale$$data)
    __lcctype_c_name                         0x08005e20   Data           2  lc_ctype_c.o(locale$$data)
    __lcctype_c_start                        0x08005e28   Data           0  lc_ctype_c.o(locale$$data)
    __lcctype_c_end                          0x08005f2c   Data           0  lc_ctype_c.o(locale$$data)
    .data                                    0x20000000   Section       16  main.o(.data)
    .data                                    0x20000010   Section       20  system_stm32f4xx.o(.data)
    .data                                    0x20000024   Section        4  delay.o(.data)
    fac_us                                   0x20000024   Data           1  delay.o(.data)
    fac_ms                                   0x20000026   Data           2  delay.o(.data)
    .data                                    0x20000028   Section       16  stm32f4xx_rcc.o(.data)
    APBAHBPrescTable                         0x20000028   Data          16  stm32f4xx_rcc.o(.data)
    .data                                    0x20000038   Section       21  my_app.o(.data)
    .data                                    0x20000050   Section       48  lmt70.o(.data)
    .data                                    0x20000080   Section       12  port_debug.o(.data)
    .data                                    0x2000008c   Section        5  port_delay.o(.data)
    fac_us                                   0x2000008c   Data           1  port_delay.o(.data)
    fac_ms                                   0x2000008e   Data           2  port_delay.o(.data)
    delay_init_flag                          0x20000090   Data           1  port_delay.o(.data)
    .data                                    0x20000094   Section        4  timer.o(.data)
    .data                                    0x20000098   Section     1600  oled.o(.data)
    .data                                    0x200006d8   Section        8  distimer.o(.data)
    .data                                    0x200006e0   Section       12  exti.o(.data)
    .data                                    0x200006ec   Section        1  key.o(.data)
    key_up                                   0x200006ec   Data           1  key.o(.data)
    .bss                                     0x200006f0   Section      256  port_iic.o(.bss)
    .bss                                     0x200007f0   Section       10  distimer.o(.bss)
    .bss                                     0x200007fc   Section       96  libspace.o(.bss)
    HEAP                                     0x20000860   Section      512  startup_stm32f40_41xxx.o(HEAP)
    Heap_Mem                                 0x20000860   Data         512  startup_stm32f40_41xxx.o(HEAP)
    STACK                                    0x20000a60   Section     1024  startup_stm32f40_41xxx.o(STACK)
    Stack_Mem                                0x20000a60   Data        1024  startup_stm32f40_41xxx.o(STACK)
    __initial_sp                             0x20000e60   Data           0  startup_stm32f40_41xxx.o(STACK)

    Global Symbols

    Symbol Name                              Value     Ov Type        Size  Object(Section)

    BuildAttributes$$THM_ISAv4$E$P$D$K$B$S$7EM$VFPi3$EXTD16$VFPS$VFMA$PE$A:L22UL41UL21$X:L11$S22US41US21$IEEE1$IW$USESV6$~STKCKD$USESV7$~SHL$OTIME$ROPI$IEEEJ$EBA8$UX$STANDARDLIB$REQ8$PRES8$EABIv2 0x00000000   Number         0  anon$$obj.o ABSOLUTE
    __ARM_use_no_argv                        0x00000000   Number         0  main.o ABSOLUTE
    _printf_flags                            0x00000000   Number         0  printf_stubs.o ABSOLUTE
    _printf_return_value                     0x00000000   Number         0  printf_stubs.o ABSOLUTE
    _printf_sizespec                         0x00000000   Number         0  printf_stubs.o ABSOLUTE
    _printf_widthprec                        0x00000000   Number         0  printf_stubs.o ABSOLUTE
    __ARM_exceptions_init                     - Undefined Weak Reference
    __alloca_initialize                       - Undefined Weak Reference
    __arm_preinit_                            - Undefined Weak Reference
    __cpp_initialize__aeabi_                  - Undefined Weak Reference
    __cxa_finalize                            - Undefined Weak Reference
    __sigvec_lookup                           - Undefined Weak Reference
    _atexit_init                              - Undefined Weak Reference
    _call_atexit_fns                          - Undefined Weak Reference
    _clock_init                               - Undefined Weak Reference
    _fp_trap_init                             - Undefined Weak Reference
    _fp_trap_shutdown                         - Undefined Weak Reference
    _get_lc_collate                           - Undefined Weak Reference
    _get_lc_monetary                          - Undefined Weak Reference
    _get_lc_time                              - Undefined Weak Reference
    _getenv_init                              - Undefined Weak Reference
    _handle_redirection                       - Undefined Weak Reference
    _init_alloc                               - Undefined Weak Reference
    _init_user_alloc                          - Undefined Weak Reference
    _initio                                   - Undefined Weak Reference
    _printf_fp_hex                            - Undefined Weak Reference
    _printf_mbtowc                            - Undefined Weak Reference
    _printf_wc                                - Undefined Weak Reference
    _rand_init                                - Undefined Weak Reference
    _signal_finish                            - Undefined Weak Reference
    _signal_init                              - Undefined Weak Reference
    _terminate_alloc                          - Undefined Weak Reference
    _terminate_user_alloc                     - Undefined Weak Reference
    _terminateio                              - Undefined Weak Reference
    __Vectors_Size                           0x00000188   Number         0  startup_stm32f40_41xxx.o ABSOLUTE
    __Vectors                                0x08000000   Data           4  startup_stm32f40_41xxx.o(RESET)
    __Vectors_End                            0x08000188   Data           0  startup_stm32f40_41xxx.o(RESET)
    __main                                   0x08000189   Thumb Code     8  __main.o(!!!main)
    __scatterload                            0x08000191   Thumb Code     0  __scatter.o(!!!scatter)
    __scatterload_rt2                        0x08000191   Thumb Code    44  __scatter.o(!!!scatter)
    __scatterload_rt2_thumb_only             0x08000191   Thumb Code     0  __scatter.o(!!!scatter)
    __scatterload_null                       0x0800019f   Thumb Code     0  __scatter.o(!!!scatter)
    __decompress                             0x080001c5   Thumb Code    90  __dczerorl2.o(!!dczerorl2)
    __decompress1                            0x080001c5   Thumb Code     0  __dczerorl2.o(!!dczerorl2)
    __scatterload_zeroinit                   0x08000221   Thumb Code    28  __scatter_zi.o(!!handler_zi)
    _printf_n                                0x0800023d   Thumb Code     0  _printf_n.o(.ARM.Collect$$_printf_percent$$00000001)
    _printf_percent                          0x0800023d   Thumb Code     0  _printf_percent.o(.ARM.Collect$$_printf_percent$$00000000)
    _printf_p                                0x08000243   Thumb Code     0  _printf_p.o(.ARM.Collect$$_printf_percent$$00000002)
    _printf_f                                0x08000249   Thumb Code     0  _printf_f.o(.ARM.Collect$$_printf_percent$$00000003)
    _printf_e                                0x0800024f   Thumb Code     0  _printf_e.o(.ARM.Collect$$_printf_percent$$00000004)
    _printf_g                                0x08000255   Thumb Code     0  _printf_g.o(.ARM.Collect$$_printf_percent$$00000005)
    _printf_a                                0x0800025b   Thumb Code     0  _printf_a.o(.ARM.Collect$$_printf_percent$$00000006)
    _printf_ll                               0x08000261   Thumb Code     0  _printf_ll.o(.ARM.Collect$$_printf_percent$$00000007)
    _printf_i                                0x0800026b   Thumb Code     0  _printf_i.o(.ARM.Collect$$_printf_percent$$00000008)
    _printf_d                                0x08000271   Thumb Code     0  _printf_d.o(.ARM.Collect$$_printf_percent$$00000009)
    _printf_u                                0x08000277   Thumb Code     0  _printf_u.o(.ARM.Collect$$_printf_percent$$0000000A)
    _printf_o                                0x0800027d   Thumb Code     0  _printf_o.o(.ARM.Collect$$_printf_percent$$0000000B)
    _printf_x                                0x08000283   Thumb Code     0  _printf_x.o(.ARM.Collect$$_printf_percent$$0000000C)
    _printf_lli                              0x08000289   Thumb Code     0  _printf_lli.o(.ARM.Collect$$_printf_percent$$0000000D)
    _printf_lld                              0x0800028f   Thumb Code     0  _printf_lld.o(.ARM.Collect$$_printf_percent$$0000000E)
    _printf_llu                              0x08000295   Thumb Code     0  _printf_llu.o(.ARM.Collect$$_printf_percent$$0000000F)
    _printf_llo                              0x0800029b   Thumb Code     0  _printf_llo.o(.ARM.Collect$$_printf_percent$$00000010)
    _printf_llx                              0x080002a1   Thumb Code     0  _printf_llx.o(.ARM.Collect$$_printf_percent$$00000011)
    _printf_l                                0x080002a7   Thumb Code     0  _printf_l.o(.ARM.Collect$$_printf_percent$$00000012)
    _printf_c                                0x080002b1   Thumb Code     0  _printf_c.o(.ARM.Collect$$_printf_percent$$00000013)
    _printf_s                                0x080002b7   Thumb Code     0  _printf_s.o(.ARM.Collect$$_printf_percent$$00000014)
    _printf_lc                               0x080002bd   Thumb Code     0  _printf_lc.o(.ARM.Collect$$_printf_percent$$00000015)
    _printf_ls                               0x080002c3   Thumb Code     0  _printf_ls.o(.ARM.Collect$$_printf_percent$$00000016)
    _printf_percent_end                      0x080002c9   Thumb Code     0  _printf_percent_end.o(.ARM.Collect$$_printf_percent$$00000017)
    __rt_lib_init                            0x080002cd   Thumb Code     0  libinit.o(.ARM.Collect$$libinit$$00000000)
    __rt_lib_init_fp_1                       0x080002cf   Thumb Code     0  libinit2.o(.ARM.Collect$$libinit$$00000001)
    __rt_lib_init_heap_1                     0x080002d3   Thumb Code     0  libinit2.o(.ARM.Collect$$libinit$$0000000A)
    __rt_lib_init_lc_common                  0x080002d3   Thumb Code     0  libinit2.o(.ARM.Collect$$libinit$$0000000F)
    __rt_lib_init_preinit_1                  0x080002d3   Thumb Code     0  libinit2.o(.ARM.Collect$$libinit$$00000004)
    __rt_lib_init_rand_1                     0x080002d3   Thumb Code     0  libinit2.o(.ARM.Collect$$libinit$$0000000E)
    __rt_lib_init_user_alloc_1               0x080002d3   Thumb Code     0  libinit2.o(.ARM.Collect$$libinit$$0000000C)
    __rt_lib_init_lc_collate_1               0x080002d9   Thumb Code     0  libinit2.o(.ARM.Collect$$libinit$$00000011)
    __rt_lib_init_lc_ctype_2                 0x080002d9   Thumb Code     0  libinit2.o(.ARM.Collect$$libinit$$00000012)
    __rt_lib_init_lc_ctype_1                 0x080002e5   Thumb Code     0  libinit2.o(.ARM.Collect$$libinit$$00000013)
    __rt_lib_init_lc_monetary_1              0x080002e5   Thumb Code     0  libinit2.o(.ARM.Collect$$libinit$$00000015)
    __rt_lib_init_lc_numeric_2               0x080002e5   Thumb Code     0  libinit2.o(.ARM.Collect$$libinit$$00000016)
    __rt_lib_init_alloca_1                   0x080002ef   Thumb Code     0  libinit2.o(.ARM.Collect$$libinit$$0000002E)
    __rt_lib_init_argv_1                     0x080002ef   Thumb Code     0  libinit2.o(.ARM.Collect$$libinit$$0000002C)
    __rt_lib_init_atexit_1                   0x080002ef   Thumb Code     0  libinit2.o(.ARM.Collect$$libinit$$0000001B)
    __rt_lib_init_clock_1                    0x080002ef   Thumb Code     0  libinit2.o(.ARM.Collect$$libinit$$00000021)
    __rt_lib_init_cpp_1                      0x080002ef   Thumb Code     0  libinit2.o(.ARM.Collect$$libinit$$00000032)
    __rt_lib_init_exceptions_1               0x080002ef   Thumb Code     0  libinit2.o(.ARM.Collect$$libinit$$00000030)
    __rt_lib_init_fp_trap_1                  0x080002ef   Thumb Code     0  libinit2.o(.ARM.Collect$$libinit$$0000001F)
    __rt_lib_init_getenv_1                   0x080002ef   Thumb Code     0  libinit2.o(.ARM.Collect$$libinit$$00000023)
    __rt_lib_init_lc_numeric_1               0x080002ef   Thumb Code     0  libinit2.o(.ARM.Collect$$libinit$$00000017)
    __rt_lib_init_lc_time_1                  0x080002ef   Thumb Code     0  libinit2.o(.ARM.Collect$$libinit$$00000019)
    __rt_lib_init_return                     0x080002ef   Thumb Code     0  libinit2.o(.ARM.Collect$$libinit$$00000033)
    __rt_lib_init_signal_1                   0x080002ef   Thumb Code     0  libinit2.o(.ARM.Collect$$libinit$$0000001D)
    __rt_lib_init_stdio_1                    0x080002ef   Thumb Code     0  libinit2.o(.ARM.Collect$$libinit$$00000025)
    __rt_lib_shutdown                        0x080002f1   Thumb Code     0  libshutdown.o(.ARM.Collect$$libshutdown$$00000000)
    __rt_lib_shutdown_fp_trap_1              0x080002f3   Thumb Code     0  libshutdown2.o(.ARM.Collect$$libshutdown$$00000006)
    __rt_lib_shutdown_heap_1                 0x080002f3   Thumb Code     0  libshutdown2.o(.ARM.Collect$$libshutdown$$0000000E)
    __rt_lib_shutdown_return                 0x080002f3   Thumb Code     0  libshutdown2.o(.ARM.Collect$$libshutdown$$0000000F)
    __rt_lib_shutdown_signal_1               0x080002f3   Thumb Code     0  libshutdown2.o(.ARM.Collect$$libshutdown$$00000009)
    __rt_lib_shutdown_stdio_1                0x080002f3   Thumb Code     0  libshutdown2.o(.ARM.Collect$$libshutdown$$00000003)
    __rt_lib_shutdown_user_alloc_1           0x080002f3   Thumb Code     0  libshutdown2.o(.ARM.Collect$$libshutdown$$0000000B)
    __rt_entry                               0x080002f5   Thumb Code     0  __rtentry.o(.ARM.Collect$$rtentry$$00000000)
    __rt_entry_presh_1                       0x080002f5   Thumb Code     0  __rtentry2.o(.ARM.Collect$$rtentry$$00000002)
    __rt_entry_sh                            0x080002f5   Thumb Code     0  __rtentry4.o(.ARM.Collect$$rtentry$$00000004)
    __rt_entry_li                            0x080002fb   Thumb Code     0  __rtentry2.o(.ARM.Collect$$rtentry$$0000000A)
    __rt_entry_postsh_1                      0x080002fb   Thumb Code     0  __rtentry2.o(.ARM.Collect$$rtentry$$00000009)
    __rt_entry_main                          0x080002ff   Thumb Code     0  __rtentry2.o(.ARM.Collect$$rtentry$$0000000D)
    __rt_entry_postli_1                      0x080002ff   Thumb Code     0  __rtentry2.o(.ARM.Collect$$rtentry$$0000000C)
    __rt_exit                                0x08000307   Thumb Code     0  rtexit.o(.ARM.Collect$$rtexit$$00000000)
    __rt_exit_ls                             0x08000309   Thumb Code     0  rtexit2.o(.ARM.Collect$$rtexit$$00000003)
    __rt_exit_prels_1                        0x08000309   Thumb Code     0  rtexit2.o(.ARM.Collect$$rtexit$$00000002)
    __rt_exit_exit                           0x0800030d   Thumb Code     0  rtexit2.o(.ARM.Collect$$rtexit$$00000004)
    main                                     0x08000315   Thumb Code   510  main.o(.text)
    NMI_Handler                              0x08000591   Thumb Code     2  stm32f4xx_it.o(.text)
    HardFault_Handler                        0x08000593   Thumb Code     4  stm32f4xx_it.o(.text)
    MemManage_Handler                        0x08000597   Thumb Code     4  stm32f4xx_it.o(.text)
    BusFault_Handler                         0x0800059b   Thumb Code     4  stm32f4xx_it.o(.text)
    UsageFault_Handler                       0x0800059f   Thumb Code     4  stm32f4xx_it.o(.text)
    SVC_Handler                              0x080005a3   Thumb Code     2  stm32f4xx_it.o(.text)
    DebugMon_Handler                         0x080005a5   Thumb Code     2  stm32f4xx_it.o(.text)
    PendSV_Handler                           0x080005a7   Thumb Code     2  stm32f4xx_it.o(.text)
    SysTick_Handler                          0x080005a9   Thumb Code     2  stm32f4xx_it.o(.text)
    SystemInit                               0x08000689   Thumb Code    88  system_stm32f4xx.o(.text)
    SystemCoreClockUpdate                    0x080006e1   Thumb Code   174  system_stm32f4xx.o(.text)
    uart_init                                0x080007bd   Thumb Code   164  usart.o(.text)
    USART1_IRQHandler                        0x08000861   Thumb Code    84  usart.o(.text)
    delay_init                               0x080008c1   Thumb Code    52  delay.o(.text)
    delay_us                                 0x080008f5   Thumb Code    72  delay.o(.text)
    delay_xms                                0x0800093d   Thumb Code    72  delay.o(.text)
    delay_ms                                 0x08000985   Thumb Code    56  delay.o(.text)
    Reset_Handler                            0x080009c5   Thumb Code     8  startup_stm32f40_41xxx.o(.text)
    ADC_IRQHandler                           0x080009df   Thumb Code     0  startup_stm32f40_41xxx.o(.text)
    CAN1_RX0_IRQHandler                      0x080009df   Thumb Code     0  startup_stm32f40_41xxx.o(.text)
    CAN1_RX1_IRQHandler                      0x080009df   Thumb Code     0  startup_stm32f40_41xxx.o(.text)
    CAN1_SCE_IRQHandler                      0x080009df   Thumb Code     0  startup_stm32f40_41xxx.o(.text)
    CAN1_TX_IRQHandler                       0x080009df   Thumb Code     0  startup_stm32f40_41xxx.o(.text)
    CAN2_RX0_IRQHandler                      0x080009df   Thumb Code     0  startup_stm32f40_41xxx.o(.text)
    CAN2_RX1_IRQHandler                      0x080009df   Thumb Code     0  startup_stm32f40_41xxx.o(.text)
    CAN2_SCE_IRQHandler                      0x080009df   Thumb Code     0  startup_stm32f40_41xxx.o(.text)
    CAN2_TX_IRQHandler                       0x080009df   Thumb Code     0  startup_stm32f40_41xxx.o(.text)
    CRYP_IRQHandler                          0x080009df   Thumb Code     0  startup_stm32f40_41xxx.o(.text)
    DCMI_IRQHandler                          0x080009df   Thumb Code     0  startup_stm32f40_41xxx.o(.text)
    DMA1_Stream0_IRQHandler                  0x080009df   Thumb Code     0  startup_stm32f40_41xxx.o(.text)
    DMA1_Stream1_IRQHandler                  0x080009df   Thumb Code     0  startup_stm32f40_41xxx.o(.text)
    DMA1_Stream2_IRQHandler                  0x080009df   Thumb Code     0  startup_stm32f40_41xxx.o(.text)
    DMA1_Stream3_IRQHandler                  0x080009df   Thumb Code     0  startup_stm32f40_41xxx.o(.text)
    DMA1_Stream4_IRQHandler                  0x080009df   Thumb Code     0  startup_stm32f40_41xxx.o(.text)
    DMA1_Stream5_IRQHandler                  0x080009df   Thumb Code     0  startup_stm32f40_41xxx.o(.text)
    DMA1_Stream6_IRQHandler                  0x080009df   Thumb Code     0  startup_stm32f40_41xxx.o(.text)
    DMA1_Stream7_IRQHandler                  0x080009df   Thumb Code     0  startup_stm32f40_41xxx.o(.text)
    DMA2_Stream0_IRQHandler                  0x080009df   Thumb Code     0  startup_stm32f40_41xxx.o(.text)
    DMA2_Stream1_IRQHandler                  0x080009df   Thumb Code     0  startup_stm32f40_41xxx.o(.text)
    DMA2_Stream2_IRQHandler                  0x080009df   Thumb Code     0  startup_stm32f40_41xxx.o(.text)
    DMA2_Stream3_IRQHandler                  0x080009df   Thumb Code     0  startup_stm32f40_41xxx.o(.text)
    DMA2_Stream4_IRQHandler                  0x080009df   Thumb Code     0  startup_stm32f40_41xxx.o(.text)
    DMA2_Stream5_IRQHandler                  0x080009df   Thumb Code     0  startup_stm32f40_41xxx.o(.text)
    DMA2_Stream6_IRQHandler                  0x080009df   Thumb Code     0  startup_stm32f40_41xxx.o(.text)
    DMA2_Stream7_IRQHandler                  0x080009df   Thumb Code     0  startup_stm32f40_41xxx.o(.text)
    ETH_IRQHandler                           0x080009df   Thumb Code     0  startup_stm32f40_41xxx.o(.text)
    ETH_WKUP_IRQHandler                      0x080009df   Thumb Code     0  startup_stm32f40_41xxx.o(.text)
    EXTI0_IRQHandler                         0x080009df   Thumb Code     0  startup_stm32f40_41xxx.o(.text)
    EXTI15_10_IRQHandler                     0x080009df   Thumb Code     0  startup_stm32f40_41xxx.o(.text)
    EXTI1_IRQHandler                         0x080009df   Thumb Code     0  startup_stm32f40_41xxx.o(.text)
    EXTI3_IRQHandler                         0x080009df   Thumb Code     0  startup_stm32f40_41xxx.o(.text)
    EXTI4_IRQHandler                         0x080009df   Thumb Code     0  startup_stm32f40_41xxx.o(.text)
    EXTI9_5_IRQHandler                       0x080009df   Thumb Code     0  startup_stm32f40_41xxx.o(.text)
    FLASH_IRQHandler                         0x080009df   Thumb Code     0  startup_stm32f40_41xxx.o(.text)
    FPU_IRQHandler                           0x080009df   Thumb Code     0  startup_stm32f40_41xxx.o(.text)
    FSMC_IRQHandler                          0x080009df   Thumb Code     0  startup_stm32f40_41xxx.o(.text)
    HASH_RNG_IRQHandler                      0x080009df   Thumb Code     0  startup_stm32f40_41xxx.o(.text)
    I2C1_ER_IRQHandler                       0x080009df   Thumb Code     0  startup_stm32f40_41xxx.o(.text)
    I2C1_EV_IRQHandler                       0x080009df   Thumb Code     0  startup_stm32f40_41xxx.o(.text)
    I2C2_ER_IRQHandler                       0x080009df   Thumb Code     0  startup_stm32f40_41xxx.o(.text)
    I2C2_EV_IRQHandler                       0x080009df   Thumb Code     0  startup_stm32f40_41xxx.o(.text)
    I2C3_ER_IRQHandler                       0x080009df   Thumb Code     0  startup_stm32f40_41xxx.o(.text)
    I2C3_EV_IRQHandler                       0x080009df   Thumb Code     0  startup_stm32f40_41xxx.o(.text)
    OTG_FS_IRQHandler                        0x080009df   Thumb Code     0  startup_stm32f40_41xxx.o(.text)
    OTG_FS_WKUP_IRQHandler                   0x080009df   Thumb Code     0  startup_stm32f40_41xxx.o(.text)
    OTG_HS_EP1_IN_IRQHandler                 0x080009df   Thumb Code     0  startup_stm32f40_41xxx.o(.text)
    OTG_HS_EP1_OUT_IRQHandler                0x080009df   Thumb Code     0  startup_stm32f40_41xxx.o(.text)
    OTG_HS_IRQHandler                        0x080009df   Thumb Code     0  startup_stm32f40_41xxx.o(.text)
    OTG_HS_WKUP_IRQHandler                   0x080009df   Thumb Code     0  startup_stm32f40_41xxx.o(.text)
    PVD_IRQHandler                           0x080009df   Thumb Code     0  startup_stm32f40_41xxx.o(.text)
    RCC_IRQHandler                           0x080009df   Thumb Code     0  startup_stm32f40_41xxx.o(.text)
    RTC_Alarm_IRQHandler                     0x080009df   Thumb Code     0  startup_stm32f40_41xxx.o(.text)
    RTC_WKUP_IRQHandler                      0x080009df   Thumb Code     0  startup_stm32f40_41xxx.o(.text)
    SDIO_IRQHandler                          0x080009df   Thumb Code     0  startup_stm32f40_41xxx.o(.text)
    SPI1_IRQHandler                          0x080009df   Thumb Code     0  startup_stm32f40_41xxx.o(.text)
    SPI2_IRQHandler                          0x080009df   Thumb Code     0  startup_stm32f40_41xxx.o(.text)
    SPI3_IRQHandler                          0x080009df   Thumb Code     0  startup_stm32f40_41xxx.o(.text)
    TAMP_STAMP_IRQHandler                    0x080009df   Thumb Code     0  startup_stm32f40_41xxx.o(.text)
    TIM1_BRK_TIM9_IRQHandler                 0x080009df   Thumb Code     0  startup_stm32f40_41xxx.o(.text)
    TIM1_CC_IRQHandler                       0x080009df   Thumb Code     0  startup_stm32f40_41xxx.o(.text)
    TIM1_TRG_COM_TIM11_IRQHandler            0x080009df   Thumb Code     0  startup_stm32f40_41xxx.o(.text)
    TIM1_UP_TIM10_IRQHandler                 0x080009df   Thumb Code     0  startup_stm32f40_41xxx.o(.text)
    TIM2_IRQHandler                          0x080009df   Thumb Code     0  startup_stm32f40_41xxx.o(.text)
    TIM4_IRQHandler                          0x080009df   Thumb Code     0  startup_stm32f40_41xxx.o(.text)
    TIM6_DAC_IRQHandler                      0x080009df   Thumb Code     0  startup_stm32f40_41xxx.o(.text)
    TIM7_IRQHandler                          0x080009df   Thumb Code     0  startup_stm32f40_41xxx.o(.text)
    TIM8_BRK_TIM12_IRQHandler                0x080009df   Thumb Code     0  startup_stm32f40_41xxx.o(.text)
    TIM8_CC_IRQHandler                       0x080009df   Thumb Code     0  startup_stm32f40_41xxx.o(.text)
    TIM8_TRG_COM_TIM14_IRQHandler            0x080009df   Thumb Code     0  startup_stm32f40_41xxx.o(.text)
    TIM8_UP_TIM13_IRQHandler                 0x080009df   Thumb Code     0  startup_stm32f40_41xxx.o(.text)
    UART4_IRQHandler                         0x080009df   Thumb Code     0  startup_stm32f40_41xxx.o(.text)
    UART5_IRQHandler                         0x080009df   Thumb Code     0  startup_stm32f40_41xxx.o(.text)
    USART2_IRQHandler                        0x080009df   Thumb Code     0  startup_stm32f40_41xxx.o(.text)
    USART3_IRQHandler                        0x080009df   Thumb Code     0  startup_stm32f40_41xxx.o(.text)
    USART6_IRQHandler                        0x080009df   Thumb Code     0  startup_stm32f40_41xxx.o(.text)
    WWDG_IRQHandler                          0x080009df   Thumb Code     0  startup_stm32f40_41xxx.o(.text)
    __user_initial_stackheap                 0x080009e1   Thumb Code     0  startup_stm32f40_41xxx.o(.text)
    NVIC_PriorityGroupConfig                 0x08000a05   Thumb Code    10  misc.o(.text)
    NVIC_Init                                0x08000a0f   Thumb Code   106  misc.o(.text)
    NVIC_SetVectorTable                      0x08000a79   Thumb Code    14  misc.o(.text)
    NVIC_SystemLPConfig                      0x08000a87   Thumb Code    34  misc.o(.text)
    SysTick_CLKSourceConfig                  0x08000aa9   Thumb Code    40  misc.o(.text)
    GPIO_DeInit                              0x08000ae5   Thumb Code   268  stm32f4xx_gpio.o(.text)
    GPIO_Init                                0x08000bf1   Thumb Code   144  stm32f4xx_gpio.o(.text)
    GPIO_StructInit                          0x08000c81   Thumb Code    18  stm32f4xx_gpio.o(.text)
    GPIO_PinLockConfig                       0x08000c93   Thumb Code    34  stm32f4xx_gpio.o(.text)
    GPIO_ReadInputDataBit                    0x08000cb5   Thumb Code    18  stm32f4xx_gpio.o(.text)
    GPIO_ReadInputData                       0x08000cc7   Thumb Code     8  stm32f4xx_gpio.o(.text)
    GPIO_ReadOutputDataBit                   0x08000ccf   Thumb Code    18  stm32f4xx_gpio.o(.text)
    GPIO_ReadOutputData                      0x08000ce1   Thumb Code     8  stm32f4xx_gpio.o(.text)
    GPIO_SetBits                             0x08000ce9   Thumb Code     4  stm32f4xx_gpio.o(.text)
    GPIO_ResetBits                           0x08000ced   Thumb Code     4  stm32f4xx_gpio.o(.text)
    GPIO_WriteBit                            0x08000cf1   Thumb Code    10  stm32f4xx_gpio.o(.text)
    GPIO_Write                               0x08000cfb   Thumb Code     4  stm32f4xx_gpio.o(.text)
    GPIO_ToggleBits                          0x08000cff   Thumb Code     8  stm32f4xx_gpio.o(.text)
    GPIO_PinAFConfig                         0x08000d07   Thumb Code    70  stm32f4xx_gpio.o(.text)
    RCC_DeInit                               0x08000d79   Thumb Code    82  stm32f4xx_rcc.o(.text)
    RCC_HSEConfig                            0x08000dcb   Thumb Code    14  stm32f4xx_rcc.o(.text)
    RCC_GetFlagStatus                        0x08000dd9   Thumb Code    60  stm32f4xx_rcc.o(.text)
    RCC_WaitForHSEStartUp                    0x08000e15   Thumb Code    56  stm32f4xx_rcc.o(.text)
    RCC_AdjustHSICalibrationValue            0x08000e4d   Thumb Code    20  stm32f4xx_rcc.o(.text)
    RCC_HSICmd                               0x08000e61   Thumb Code     6  stm32f4xx_rcc.o(.text)
    RCC_LSEConfig                            0x08000e67   Thumb Code    46  stm32f4xx_rcc.o(.text)
    RCC_LSICmd                               0x08000e95   Thumb Code     6  stm32f4xx_rcc.o(.text)
    RCC_PLLConfig                            0x08000e9b   Thumb Code    32  stm32f4xx_rcc.o(.text)
    RCC_PLLCmd                               0x08000ebb   Thumb Code     6  stm32f4xx_rcc.o(.text)
    RCC_PLLI2SConfig                         0x08000ec1   Thumb Code    14  stm32f4xx_rcc.o(.text)
    RCC_PLLI2SCmd                            0x08000ecf   Thumb Code     6  stm32f4xx_rcc.o(.text)
    RCC_PLLSAIConfig                         0x08000ed5   Thumb Code    20  stm32f4xx_rcc.o(.text)
    RCC_PLLSAICmd                            0x08000ee9   Thumb Code     6  stm32f4xx_rcc.o(.text)
    RCC_ClockSecuritySystemCmd               0x08000eef   Thumb Code     6  stm32f4xx_rcc.o(.text)
    RCC_MCO1Config                           0x08000ef5   Thumb Code    28  stm32f4xx_rcc.o(.text)
    RCC_MCO2Config                           0x08000f11   Thumb Code    28  stm32f4xx_rcc.o(.text)
    RCC_SYSCLKConfig                         0x08000f2d   Thumb Code    20  stm32f4xx_rcc.o(.text)
    RCC_GetSYSCLKSource                      0x08000f41   Thumb Code    12  stm32f4xx_rcc.o(.text)
    RCC_HCLKConfig                           0x08000f4d   Thumb Code    20  stm32f4xx_rcc.o(.text)
    RCC_PCLK1Config                          0x08000f61   Thumb Code    20  stm32f4xx_rcc.o(.text)
    RCC_PCLK2Config                          0x08000f75   Thumb Code    22  stm32f4xx_rcc.o(.text)
    RCC_GetClocksFreq                        0x08000f8b   Thumb Code   222  stm32f4xx_rcc.o(.text)
    RCC_RTCCLKConfig                         0x08001069   Thumb Code    54  stm32f4xx_rcc.o(.text)
    RCC_RTCCLKCmd                            0x0800109f   Thumb Code     8  stm32f4xx_rcc.o(.text)
    RCC_BackupResetCmd                       0x080010a7   Thumb Code     8  stm32f4xx_rcc.o(.text)
    RCC_I2SCLKConfig                         0x080010af   Thumb Code     6  stm32f4xx_rcc.o(.text)
    RCC_SAIPLLI2SClkDivConfig                0x080010b5   Thumb Code    26  stm32f4xx_rcc.o(.text)
    RCC_SAIPLLSAIClkDivConfig                0x080010cf   Thumb Code    28  stm32f4xx_rcc.o(.text)
    RCC_SAIBlockACLKConfig                   0x080010eb   Thumb Code    20  stm32f4xx_rcc.o(.text)
    RCC_SAIBlockBCLKConfig                   0x080010ff   Thumb Code    20  stm32f4xx_rcc.o(.text)
    RCC_LTDCCLKDivConfig                     0x08001113   Thumb Code    20  stm32f4xx_rcc.o(.text)
    RCC_TIMCLKPresConfig                     0x08001127   Thumb Code     6  stm32f4xx_rcc.o(.text)
    RCC_AHB1PeriphClockCmd                   0x0800112d   Thumb Code    34  stm32f4xx_rcc.o(.text)
    RCC_AHB2PeriphClockCmd                   0x0800114f   Thumb Code    78  stm32f4xx_rcc.o(.text)
    RCC_AHB3PeriphClockCmd                   0x0800119d   Thumb Code    34  stm32f4xx_rcc.o(.text)
    RCC_APB1PeriphClockCmd                   0x080011bf   Thumb Code    34  stm32f4xx_rcc.o(.text)
    RCC_APB2PeriphClockCmd                   0x080011e1   Thumb Code    34  stm32f4xx_rcc.o(.text)
    RCC_AHB1PeriphResetCmd                   0x08001203   Thumb Code    34  stm32f4xx_rcc.o(.text)
    RCC_AHB2PeriphResetCmd                   0x08001225   Thumb Code    34  stm32f4xx_rcc.o(.text)
    RCC_AHB3PeriphResetCmd                   0x08001247   Thumb Code    34  stm32f4xx_rcc.o(.text)
    RCC_APB1PeriphResetCmd                   0x08001269   Thumb Code    34  stm32f4xx_rcc.o(.text)
    RCC_APB2PeriphResetCmd                   0x0800128b   Thumb Code    34  stm32f4xx_rcc.o(.text)
    RCC_AHB1PeriphClockLPModeCmd             0x080012ad   Thumb Code    34  stm32f4xx_rcc.o(.text)
    RCC_AHB2PeriphClockLPModeCmd             0x080012cf   Thumb Code    34  stm32f4xx_rcc.o(.text)
    RCC_AHB3PeriphClockLPModeCmd             0x080012f1   Thumb Code    34  stm32f4xx_rcc.o(.text)
    RCC_APB1PeriphClockLPModeCmd             0x08001313   Thumb Code    34  stm32f4xx_rcc.o(.text)
    RCC_APB2PeriphClockLPModeCmd             0x08001335   Thumb Code    34  stm32f4xx_rcc.o(.text)
    RCC_LSEModeConfig                        0x08001357   Thumb Code    40  stm32f4xx_rcc.o(.text)
    RCC_ITConfig                             0x0800137f   Thumb Code    34  stm32f4xx_rcc.o(.text)
    RCC_ClearFlag                            0x080013a1   Thumb Code    18  stm32f4xx_rcc.o(.text)
    RCC_GetITStatus                          0x080013b3   Thumb Code    22  stm32f4xx_rcc.o(.text)
    RCC_ClearITPendingBit                    0x080013c9   Thumb Code     8  stm32f4xx_rcc.o(.text)
    SYSCFG_DeInit                            0x080013d5   Thumb Code    22  stm32f4xx_syscfg.o(.text)
    SYSCFG_MemoryRemapConfig                 0x080013eb   Thumb Code     6  stm32f4xx_syscfg.o(.text)
    SYSCFG_MemorySwappingBank                0x080013f1   Thumb Code     6  stm32f4xx_syscfg.o(.text)
    SYSCFG_EXTILineConfig                    0x080013f7   Thumb Code    66  stm32f4xx_syscfg.o(.text)
    SYSCFG_ETH_MediaInterfaceConfig          0x08001439   Thumb Code     8  stm32f4xx_syscfg.o(.text)
    SYSCFG_CompensationCellCmd               0x08001441   Thumb Code     6  stm32f4xx_syscfg.o(.text)
    SYSCFG_GetCompensationCellStatus         0x08001447   Thumb Code    22  stm32f4xx_syscfg.o(.text)
    USART_DeInit                             0x08001469   Thumb Code   206  stm32f4xx_usart.o(.text)
    USART_Init                               0x08001537   Thumb Code   204  stm32f4xx_usart.o(.text)
    USART_StructInit                         0x08001603   Thumb Code    24  stm32f4xx_usart.o(.text)
    USART_ClockInit                          0x0800161b   Thumb Code    32  stm32f4xx_usart.o(.text)
    USART_ClockStructInit                    0x0800163b   Thumb Code    12  stm32f4xx_usart.o(.text)
    USART_Cmd                                0x08001647   Thumb Code    24  stm32f4xx_usart.o(.text)
    USART_SetPrescaler                       0x0800165f   Thumb Code    16  stm32f4xx_usart.o(.text)
    USART_OverSampling8Cmd                   0x0800166f   Thumb Code    22  stm32f4xx_usart.o(.text)
    USART_OneBitMethodCmd                    0x08001685   Thumb Code    24  stm32f4xx_usart.o(.text)
    USART_SendData                           0x0800169d   Thumb Code     8  stm32f4xx_usart.o(.text)
    USART_ReceiveData                        0x080016a5   Thumb Code    10  stm32f4xx_usart.o(.text)
    USART_SetAddress                         0x080016af   Thumb Code    18  stm32f4xx_usart.o(.text)
    USART_ReceiverWakeUpCmd                  0x080016c1   Thumb Code    24  stm32f4xx_usart.o(.text)
    USART_WakeUpConfig                       0x080016d9   Thumb Code    18  stm32f4xx_usart.o(.text)
    USART_LINBreakDetectLengthConfig         0x080016eb   Thumb Code    18  stm32f4xx_usart.o(.text)
    USART_LINCmd                             0x080016fd   Thumb Code    24  stm32f4xx_usart.o(.text)
    USART_SendBreak                          0x08001715   Thumb Code    10  stm32f4xx_usart.o(.text)
    USART_HalfDuplexCmd                      0x0800171f   Thumb Code    24  stm32f4xx_usart.o(.text)
    USART_SetGuardTime                       0x08001737   Thumb Code    16  stm32f4xx_usart.o(.text)
    USART_SmartCardCmd                       0x08001747   Thumb Code    24  stm32f4xx_usart.o(.text)
    USART_SmartCardNACKCmd                   0x0800175f   Thumb Code    24  stm32f4xx_usart.o(.text)
    USART_IrDAConfig                         0x08001777   Thumb Code    18  stm32f4xx_usart.o(.text)
    USART_IrDACmd                            0x08001789   Thumb Code    24  stm32f4xx_usart.o(.text)
    USART_DMACmd                             0x080017a1   Thumb Code    18  stm32f4xx_usart.o(.text)
    USART_ITConfig                           0x080017b3   Thumb Code    74  stm32f4xx_usart.o(.text)
    USART_GetFlagStatus                      0x080017fd   Thumb Code    26  stm32f4xx_usart.o(.text)
    USART_ClearFlag                          0x08001817   Thumb Code    18  stm32f4xx_usart.o(.text)
    USART_GetITStatus                        0x08001829   Thumb Code   118  stm32f4xx_usart.o(.text)
    USART_ClearITPendingBit                  0x0800189f   Thumb Code    30  stm32f4xx_usart.o(.text)
    TIM_DeInit                               0x080018bd   Thumb Code   346  stm32f4xx_tim.o(.text)
    TIM_TimeBaseInit                         0x08001a17   Thumb Code   104  stm32f4xx_tim.o(.text)
    TIM_TimeBaseStructInit                   0x08001a7f   Thumb Code    18  stm32f4xx_tim.o(.text)
    TIM_PrescalerConfig                      0x08001a91   Thumb Code     6  stm32f4xx_tim.o(.text)
    TIM_CounterModeConfig                    0x08001a97   Thumb Code    18  stm32f4xx_tim.o(.text)
    TIM_SetCounter                           0x08001aa9   Thumb Code     4  stm32f4xx_tim.o(.text)
    TIM_SetAutoreload                        0x08001aad   Thumb Code     4  stm32f4xx_tim.o(.text)
    TIM_GetCounter                           0x08001ab1   Thumb Code     6  stm32f4xx_tim.o(.text)
    TIM_GetPrescaler                         0x08001ab7   Thumb Code     6  stm32f4xx_tim.o(.text)
    TIM_UpdateDisableConfig                  0x08001abd   Thumb Code    24  stm32f4xx_tim.o(.text)
    TIM_UpdateRequestConfig                  0x08001ad5   Thumb Code    24  stm32f4xx_tim.o(.text)
    TIM_ARRPreloadConfig                     0x08001aed   Thumb Code    24  stm32f4xx_tim.o(.text)
    TIM_SelectOnePulseMode                   0x08001b05   Thumb Code    18  stm32f4xx_tim.o(.text)
    TIM_SetClockDivision                     0x08001b17   Thumb Code    18  stm32f4xx_tim.o(.text)
    TIM_Cmd                                  0x08001b29   Thumb Code    24  stm32f4xx_tim.o(.text)
    TIM_OC1Init                              0x08001b41   Thumb Code   114  stm32f4xx_tim.o(.text)
    TIM_OC2Init                              0x08001bb3   Thumb Code   154  stm32f4xx_tim.o(.text)
    TIM_OC3Init                              0x08001c4d   Thumb Code   204  stm32f4xx_tim.o(.text)
    TIM_OC4Init                              0x08001d19   Thumb Code   112  stm32f4xx_tim.o(.text)
    TIM_OCStructInit                         0x08001d89   Thumb Code    20  stm32f4xx_tim.o(.text)
    TIM_SelectOCxM                           0x08001d9d   Thumb Code    86  stm32f4xx_tim.o(.text)
    TIM_SetCompare1                          0x08001df3   Thumb Code     4  stm32f4xx_tim.o(.text)
    TIM_SetCompare2                          0x08001df7   Thumb Code     4  stm32f4xx_tim.o(.text)
    TIM_SetCompare3                          0x08001dfb   Thumb Code     4  stm32f4xx_tim.o(.text)
    TIM_SetCompare4                          0x08001dff   Thumb Code     4  stm32f4xx_tim.o(.text)
    TIM_ForcedOC1Config                      0x08001e03   Thumb Code    18  stm32f4xx_tim.o(.text)
    TIM_ForcedOC2Config                      0x08001e15   Thumb Code    26  stm32f4xx_tim.o(.text)
    TIM_ForcedOC3Config                      0x08001e2f   Thumb Code    18  stm32f4xx_tim.o(.text)
    TIM_ForcedOC4Config                      0x08001e41   Thumb Code    26  stm32f4xx_tim.o(.text)
    TIM_OC1PreloadConfig                     0x08001e5b   Thumb Code    18  stm32f4xx_tim.o(.text)
    TIM_OC2PreloadConfig                     0x08001e6d   Thumb Code    26  stm32f4xx_tim.o(.text)
    TIM_OC3PreloadConfig                     0x08001e87   Thumb Code    18  stm32f4xx_tim.o(.text)
    TIM_OC4PreloadConfig                     0x08001e99   Thumb Code    26  stm32f4xx_tim.o(.text)
    TIM_OC1FastConfig                        0x08001eb3   Thumb Code    18  stm32f4xx_tim.o(.text)
    TIM_OC2FastConfig                        0x08001ec5   Thumb Code    26  stm32f4xx_tim.o(.text)
    TIM_OC3FastConfig                        0x08001edf   Thumb Code    18  stm32f4xx_tim.o(.text)
    TIM_OC4FastConfig                        0x08001ef1   Thumb Code    26  stm32f4xx_tim.o(.text)
    TIM_ClearOC1Ref                          0x08001f0b   Thumb Code    18  stm32f4xx_tim.o(.text)
    TIM_ClearOC2Ref                          0x08001f1d   Thumb Code    24  stm32f4xx_tim.o(.text)
    TIM_ClearOC3Ref                          0x08001f35   Thumb Code    18  stm32f4xx_tim.o(.text)
    TIM_ClearOC4Ref                          0x08001f47   Thumb Code    24  stm32f4xx_tim.o(.text)
    TIM_OC1PolarityConfig                    0x08001f5f   Thumb Code    18  stm32f4xx_tim.o(.text)
    TIM_OC1NPolarityConfig                   0x08001f71   Thumb Code    18  stm32f4xx_tim.o(.text)
    TIM_OC2PolarityConfig                    0x08001f83   Thumb Code    26  stm32f4xx_tim.o(.text)
    TIM_OC2NPolarityConfig                   0x08001f9d   Thumb Code    26  stm32f4xx_tim.o(.text)
    TIM_OC3PolarityConfig                    0x08001fb7   Thumb Code    26  stm32f4xx_tim.o(.text)
    TIM_OC3NPolarityConfig                   0x08001fd1   Thumb Code    26  stm32f4xx_tim.o(.text)
    TIM_OC4PolarityConfig                    0x08001feb   Thumb Code    26  stm32f4xx_tim.o(.text)
    TIM_CCxCmd                               0x08002005   Thumb Code    30  stm32f4xx_tim.o(.text)
    TIM_CCxNCmd                              0x08002023   Thumb Code    30  stm32f4xx_tim.o(.text)
    TIM_SetIC4Prescaler                      0x08002041   Thumb Code    26  stm32f4xx_tim.o(.text)
    TIM_SetIC3Prescaler                      0x080020ab   Thumb Code    18  stm32f4xx_tim.o(.text)
    TIM_SetIC2Prescaler                      0x08002105   Thumb Code    26  stm32f4xx_tim.o(.text)
    TIM_SetIC1Prescaler                      0x08002179   Thumb Code    18  stm32f4xx_tim.o(.text)
    TIM_ICInit                               0x080021c5   Thumb Code   110  stm32f4xx_tim.o(.text)
    TIM_ICStructInit                         0x08002233   Thumb Code    18  stm32f4xx_tim.o(.text)
    TIM_PWMIConfig                           0x08002245   Thumb Code   124  stm32f4xx_tim.o(.text)
    TIM_GetCapture1                          0x080022c1   Thumb Code     6  stm32f4xx_tim.o(.text)
    TIM_GetCapture2                          0x080022c7   Thumb Code     6  stm32f4xx_tim.o(.text)
    TIM_GetCapture3                          0x080022cd   Thumb Code     6  stm32f4xx_tim.o(.text)
    TIM_GetCapture4                          0x080022d3   Thumb Code     6  stm32f4xx_tim.o(.text)
    TIM_BDTRConfig                           0x080022d9   Thumb Code    32  stm32f4xx_tim.o(.text)
    TIM_BDTRStructInit                       0x080022f9   Thumb Code    18  stm32f4xx_tim.o(.text)
    TIM_CtrlPWMOutputs                       0x0800230b   Thumb Code    30  stm32f4xx_tim.o(.text)
    TIM_SelectCOM                            0x08002329   Thumb Code    24  stm32f4xx_tim.o(.text)
    TIM_CCPreloadControl                     0x08002341   Thumb Code    24  stm32f4xx_tim.o(.text)
    TIM_ITConfig                             0x08002359   Thumb Code    18  stm32f4xx_tim.o(.text)
    TIM_GenerateEvent                        0x0800236b   Thumb Code     4  stm32f4xx_tim.o(.text)
    TIM_GetFlagStatus                        0x0800236f   Thumb Code    18  stm32f4xx_tim.o(.text)
    TIM_ClearFlag                            0x08002381   Thumb Code     6  stm32f4xx_tim.o(.text)
    TIM_GetITStatus                          0x08002387   Thumb Code    34  stm32f4xx_tim.o(.text)
    TIM_ClearITPendingBit                    0x080023a9   Thumb Code     6  stm32f4xx_tim.o(.text)
    TIM_DMAConfig                            0x080023af   Thumb Code    10  stm32f4xx_tim.o(.text)
    TIM_DMACmd                               0x080023b9   Thumb Code    18  stm32f4xx_tim.o(.text)
    TIM_SelectCCDMA                          0x080023cb   Thumb Code    24  stm32f4xx_tim.o(.text)
    TIM_InternalClockConfig                  0x080023e3   Thumb Code    12  stm32f4xx_tim.o(.text)
    TIM_SelectInputTrigger                   0x080023ef   Thumb Code    18  stm32f4xx_tim.o(.text)
    TIM_ITRxExternalClockConfig              0x08002401   Thumb Code    24  stm32f4xx_tim.o(.text)
    TIM_TIxExternalClockConfig               0x08002419   Thumb Code    62  stm32f4xx_tim.o(.text)
    TIM_ETRConfig                            0x08002457   Thumb Code    28  stm32f4xx_tim.o(.text)
    TIM_ETRClockMode1Config                  0x08002473   Thumb Code    54  stm32f4xx_tim.o(.text)
    TIM_ETRClockMode2Config                  0x080024a9   Thumb Code    32  stm32f4xx_tim.o(.text)
    TIM_SelectOutputTrigger                  0x080024c9   Thumb Code    18  stm32f4xx_tim.o(.text)
    TIM_SelectSlaveMode                      0x080024db   Thumb Code    18  stm32f4xx_tim.o(.text)
    TIM_SelectMasterSlaveMode                0x080024ed   Thumb Code    18  stm32f4xx_tim.o(.text)
    TIM_EncoderInterfaceConfig               0x080024ff   Thumb Code    66  stm32f4xx_tim.o(.text)
    TIM_SelectHallSensor                     0x08002541   Thumb Code    24  stm32f4xx_tim.o(.text)
    TIM_RemapConfig                          0x08002559   Thumb Code     6  stm32f4xx_tim.o(.text)
    EXTI_DeInit                              0x08002561   Thumb Code    28  stm32f4xx_exti.o(.text)
    EXTI_Init                                0x0800257d   Thumb Code   142  stm32f4xx_exti.o(.text)
    EXTI_StructInit                          0x0800260b   Thumb Code    16  stm32f4xx_exti.o(.text)
    EXTI_GenerateSWInterrupt                 0x0800261b   Thumb Code    16  stm32f4xx_exti.o(.text)
    EXTI_GetFlagStatus                       0x0800262b   Thumb Code    22  stm32f4xx_exti.o(.text)
    EXTI_ClearFlag                           0x08002641   Thumb Code     8  stm32f4xx_exti.o(.text)
    EXTI_GetITStatus                         0x08002649   Thumb Code    22  stm32f4xx_exti.o(.text)
    EXTI_ClearITPendingBit                   0x0800265f   Thumb Code     8  stm32f4xx_exti.o(.text)
    my_app_init                              0x08002671   Thumb Code    14  my_app.o(.text)
    my_app                                   0x0800267f   Thumb Code    34  my_app.o(.text)
    lmt70_init                               0x080026f7   Thumb Code     2  lmt70.o(.text)
    lmt70_get_temp                           0x080026f9   Thumb Code    92  lmt70.o(.text)
    mcp3421_init                             0x08002761   Thumb Code    30  mcp3421.o(.text)
    mcp3421_write_gain                       0x0800277f   Thumb Code     4  mcp3421.o(.text)
    mcp3421_write_rate                       0x08002783   Thumb Code     4  mcp3421.o(.text)
    mcp3421_write_mode                       0x08002787   Thumb Code     4  mcp3421.o(.text)
    mcp3421_write_flag                       0x0800278b   Thumb Code     4  mcp3421.o(.text)
    mcp3421_read_gain                        0x0800278f   Thumb Code     6  mcp3421.o(.text)
    mcp3421_read_rate                        0x08002795   Thumb Code     6  mcp3421.o(.text)
    mcp3421_read_mode                        0x0800279b   Thumb Code     6  mcp3421.o(.text)
    mcp3421_read_flag                        0x080027a1   Thumb Code     6  mcp3421.o(.text)
    mcp3421_one_conversion                   0x080027a7   Thumb Code   660  mcp3421.o(.text)
    fputc                                    0x08002a61   Thumb Code    22  port_debug.o(.text)
    fget                                     0x08002a77   Thumb Code     4  port_debug.o(.text)
    ferror                                   0x08002a7b   Thumb Code     8  port_debug.o(.text)
    _ttywrch                                 0x08002a83   Thumb Code    14  port_debug.o(.text)
    __backspace                              0x08002a91   Thumb Code     4  port_debug.o(.text)
    _sys_exit                                0x08002a95   Thumb Code     4  port_debug.o(.text)
    pr                                       0x08002a99   Thumb Code    52  port_debug.o(.text)
    port_delay_us                            0x08002b15   Thumb Code    92  port_delay.o(.text)
    port_delay_ms                            0x08002b71   Thumb Code    92  port_delay.o(.text)
    iic_init                                 0x08002e09   Thumb Code    50  port_iic.o(.text)
    iic_master_transmit                      0x08002e3b   Thumb Code   120  port_iic.o(.text)
    iic_master_receive                       0x08002eb3   Thumb Code   142  port_iic.o(.text)
    TIM3_Int_Init                            0x08002f51   Thumb Code    88  timer.o(.text)
    TIM3_IRQHandler                          0x08002fa9   Thumb Code    34  timer.o(.text)
    IIC_Start                                0x08002fd5   Thumb Code    48  oled.o(.text)
    IIC_Stop                                 0x08003005   Thumb Code    48  oled.o(.text)
    IIC_Ack                                  0x08003035   Thumb Code    48  oled.o(.text)
    Write_IIC_Byte                           0x08003065   Thumb Code   106  oled.o(.text)
    WriteDat                                 0x080030cf   Thumb Code    44  oled.o(.text)
    WriteCmd                                 0x080030fb   Thumb Code    44  oled.o(.text)
    OLED_WR_Byte                             0x08003127   Thumb Code    24  oled.o(.text)
    OLED_Clear                               0x0800313f   Thumb Code    62  oled.o(.text)
    OLED_Init                                0x0800317d   Thumb Code   256  oled.o(.text)
    OLED_SetPos                              0x0800327d   Thumb Code    40  oled.o(.text)
    OLED_Fill                                0x080032a5   Thumb Code    58  oled.o(.text)
    OLED_CLS                                 0x080032df   Thumb Code    10  oled.o(.text)
    OLED_ON                                  0x080032e9   Thumb Code    22  oled.o(.text)
    OLED_OFF                                 0x080032ff   Thumb Code    22  oled.o(.text)
    OLED_ShowStr                             0x08003315   Thumb Code   242  oled.o(.text)
    OLED_ShowCN                              0x08003407   Thumb Code    80  oled.o(.text)
    OLED_DrawBMP                             0x08003457   Thumb Code   116  oled.o(.text)
    OLED_ShowChar                            0x080034cb   Thumb Code   148  oled.o(.text)
    oled_pow                                 0x0800355f   Thumb Code    22  oled.o(.text)
    OLED_ShowNum                             0x08003575   Thumb Code   136  oled.o(.text)
    OLED_All                                 0x080035fd   Thumb Code    58  oled.o(.text)
    OLED_Set_Pos                             0x08003637   Thumb Code    40  oled.o(.text)
    OLED_P8x16Str                            0x0800365f   Thumb Code   130  oled.o(.text)
    Trig_Init                                0x080036ed   Thumb Code    54  distimer.o(.text)
    TIM5_CH1_Cap_Init                        0x08003723   Thumb Code   172  distimer.o(.text)
    TIM5_IRQHandler                          0x080037cf   Thumb Code   194  distimer.o(.text)
    EXTI2_IRQHandler                         0x080038ad   Thumb Code    82  exti.o(.text)
    EXTIX_Init                               0x080038ff   Thumb Code    80  exti.o(.text)
    KEY_Init                                 0x08003979   Thumb Code    42  key.o(.text)
    KEY_Scan                                 0x080039a3   Thumb Code   188  key.o(.text)
    LED1_Init                                0x08003a71   Thumb Code    60  led.o(.text)
    LED2_Init                                0x08003aad   Thumb Code    60  led.o(.text)
    __I$use$semihosting                      0x08003aed   Thumb Code     0  use_no_semi.o(.text)
    __use_no_semihosting_swi                 0x08003aed   Thumb Code     2  use_no_semi.o(.text)
    __aeabi_ldivmod                          0x08003aef   Thumb Code     0  llsdiv.o(.text)
    _ll_sdiv                                 0x08003aef   Thumb Code    72  llsdiv.o(.text)
    __c89vprintf                             0x08003b39   Thumb Code     8  c89vprintf.o(.text)
    __2printf                                0x08003b45   Thumb Code    20  __2printf.o(.text)
    __2sprintf                               0x08003b5d   Thumb Code    38  __2sprintf.o(.text)
    _printf_str                              0x08003b89   Thumb Code    82  _printf_str.o(.text)
    _printf_int_dec                          0x08003bdd   Thumb Code   104  _printf_dec.o(.text)
    _printf_longlong_hex                     0x08003c55   Thumb Code    86  _printf_hex_int_ll_ptr.o(.text)
    _printf_int_hex                          0x08003cab   Thumb Code    28  _printf_hex_int_ll_ptr.o(.text)
    _printf_ll_hex                           0x08003cc7   Thumb Code    12  _printf_hex_int_ll_ptr.o(.text)
    _printf_hex_ptr                          0x08003cd3   Thumb Code    18  _printf_hex_int_ll_ptr.o(.text)
    __printf                                 0x08003ce9   Thumb Code   388  __printf_flags_ss_wp.o(.text)
    __use_two_region_memory                  0x08003e71   Thumb Code     2  heapauxi.o(.text)
    __rt_heap_escrow$2region                 0x08003e73   Thumb Code     2  heapauxi.o(.text)
    __rt_heap_expand$2region                 0x08003e75   Thumb Code     2  heapauxi.o(.text)
    __aeabi_uldivmod                         0x08003e77   Thumb Code     0  lludivv7m.o(.text)
    _ll_udiv                                 0x08003e77   Thumb Code   238  lludivv7m.o(.text)
    _printf_pre_padding                      0x08003f65   Thumb Code    44  _printf_pad.o(.text)
    _printf_post_padding                     0x08003f91   Thumb Code    34  _printf_pad.o(.text)
    _printf_truncate_signed                  0x08003fb3   Thumb Code    18  _printf_truncate.o(.text)
    _printf_truncate_unsigned                0x08003fc5   Thumb Code    18  _printf_truncate.o(.text)
    _printf_int_common                       0x08003fd7   Thumb Code   178  _printf_intcommon.o(.text)
    _printf_charcount                        0x08004089   Thumb Code    40  _printf_charcount.o(.text)
    _printf_char_common                      0x080040bb   Thumb Code    32  _printf_char_common.o(.text)
    _sputc                                   0x080040e1   Thumb Code    10  _sputc.o(.text)
    _printf_cs_common                        0x080040eb   Thumb Code    20  _printf_char.o(.text)
    _printf_char                             0x080040ff   Thumb Code    16  _printf_char.o(.text)
    _printf_string                           0x0800410f   Thumb Code     8  _printf_char.o(.text)
    _printf_char_file                        0x08004119   Thumb Code    32  _printf_char_file.o(.text)
    _printf_wctomb                           0x0800413d   Thumb Code   182  _printf_wctomb.o(.text)
    _printf_longlong_dec                     0x080041f9   Thumb Code   108  _printf_longlong_dec.o(.text)
    _printf_longlong_oct                     0x08004275   Thumb Code    68  _printf_oct_int_ll.o(.text)
    _printf_int_oct                          0x080042b9   Thumb Code    24  _printf_oct_int_ll.o(.text)
    _printf_ll_oct                           0x080042d1   Thumb Code    12  _printf_oct_int_ll.o(.text)
    _ll_udiv10                               0x080042e5   Thumb Code   138  lludiv10.o(.text)
    __lib_sel_fp_printf                      0x0800436f   Thumb Code     2  _printf_fp_dec.o(.text)
    _printf_fp_dec_real                      0x0800451d   Thumb Code   620  _printf_fp_dec.o(.text)
    _printf_lcs_common                       0x08004789   Thumb Code    20  _printf_wchar.o(.text)
    _printf_wchar                            0x0800479d   Thumb Code    16  _printf_wchar.o(.text)
    _printf_wstring                          0x080047ad   Thumb Code     8  _printf_wchar.o(.text)
    _wcrtomb                                 0x080047b5   Thumb Code    64  _wcrtomb.o(.text)
    __user_setup_stackheap                   0x080047f5   Thumb Code    74  sys_stackheap_outer.o(.text)
    __rt_ctype_table                         0x08004841   Thumb Code    16  rt_ctype_table.o(.text)
    __rt_locale                              0x08004851   Thumb Code     8  rt_locale_intlibspace.o(.text)
    _printf_fp_infnan                        0x08004859   Thumb Code   112  _printf_fp_infnan.o(.text)
    _btod_etento                             0x080048d9   Thumb Code   216  bigflt0.o(.text)
    exit                                     0x080049b5   Thumb Code    12  exit.o(.text)
    __user_libspace                          0x080049c1   Thumb Code     8  libspace.o(.text)
    __user_perproc_libspace                  0x080049c1   Thumb Code     0  libspace.o(.text)
    __user_perthread_libspace                0x080049c1   Thumb Code     0  libspace.o(.text)
    strcmp                                   0x080049c9   Thumb Code   128  strcmpv7m.o(.text)
    _btod_d2e                                0x08004a49   Thumb Code    62  btod.o(CL$$btod_d2e)
    _d2e_denorm_low                          0x08004a87   Thumb Code    70  btod.o(CL$$btod_d2e_denorm_low)
    _d2e_norm_op1                            0x08004acd   Thumb Code    96  btod.o(CL$$btod_d2e_norm_op1)
    __btod_div_common                        0x08004b2d   Thumb Code   696  btod.o(CL$$btod_div_common)
    _e2e                                     0x08004e65   Thumb Code   198  btod.o(CL$$btod_e2e)
    _btod_ediv                               0x08004f2b   Thumb Code    40  btod.o(CL$$btod_ediv)
    _btod_emul                               0x08004f53   Thumb Code    40  btod.o(CL$$btod_emul)
    __btod_mult_common                       0x08004f7b   Thumb Code   580  btod.o(CL$$btod_mult_common)
    __ARM_fpclassify                         0x080051bf   Thumb Code    48  fpclassify.o(i.__ARM_fpclassify)
    _is_digit                                0x080051ef   Thumb Code    14  __printf_wp.o(i._is_digit)
    _get_lc_numeric                          0x080051fd   Thumb Code    44  lc_numeric_c.o(locale$$code)
    _get_lc_ctype                            0x08005229   Thumb Code    44  lc_ctype_c.o(locale$$code)
    __aeabi_d2f                              0x08005255   Thumb Code     0  d2f.o(x$fpl$d2f)
    _d2f                                     0x08005255   Thumb Code    98  d2f.o(x$fpl$d2f)
    __aeabi_ui2d                             0x080052b7   Thumb Code     0  dflt_clz.o(x$fpl$dfltu)
    _dfltu                                   0x080052b7   Thumb Code    38  dflt_clz.o(x$fpl$dfltu)
    __aeabi_dmul                             0x080052dd   Thumb Code     0  dmul.o(x$fpl$dmul)
    _dmul                                    0x080052dd   Thumb Code   332  dmul.o(x$fpl$dmul)
    __fpl_dnaninf                            0x08005431   Thumb Code   156  dnaninf.o(x$fpl$dnaninf)
    __fpl_dretinf                            0x080054cd   Thumb Code    12  dretinf.o(x$fpl$dretinf)
    _fp_init                                 0x080054d9   Thumb Code    10  fpinit.o(x$fpl$fpinit)
    __fplib_config_fpu_vfp                   0x080054e1   Thumb Code     0  fpinit.o(x$fpl$fpinit)
    __fplib_config_pureend_doubles           0x080054e1   Thumb Code     0  fpinit.o(x$fpl$fpinit)
    __fpl_fretinf                            0x080054e3   Thumb Code    10  fretinf.o(x$fpl$fretinf)
    _printf_fp_dec                           0x080054ed   Thumb Code     4  printf1.o(x$fpl$printf1)
    F6x8                                     0x080054f0   Data         552  oled.o(.constdata)
    __I$use$fp                               0x080054f0   Number         0  usenofp.o(x$fpl$usenofp)
    F8X16                                    0x08005718   Data        1520  oled.o(.constdata)
    Region$$Table$$Base                      0x08005de0   Number         0  anon$$obj.o(Region$$Table)
    Region$$Table$$Limit                     0x08005e00   Number         0  anon$$obj.o(Region$$Table)
    __ctype                                  0x08005e29   Data           0  lc_ctype_c.o(locale$$data)
    b                                        0x20000000   Data           5  main.o(.data)
    b2                                       0x20000005   Data           6  main.o(.data)
    distancetime                             0x2000000c   Data           4  main.o(.data)
    SystemCoreClock                          0x20000010   Data           4  system_stm32f4xx.o(.data)
    AHBPrescTable                            0x20000014   Data          16  system_stm32f4xx.o(.data)
    TAG                                      0x20000038   Data           4  my_app.o(.data)
    port_ad                                  0x2000003c   Data           4  my_app.o(.data)
    tep                                      0x20000040   Data           4  my_app.o(.data)
    voltage1                                 0x20000044   Data           4  my_app.o(.data)
    mcp                                      0x20000048   Data           5  my_app.o(.data)
    v2t_tabl                                 0x20000050   Data          24  lmt70.o(.data)
    slope_tabl                               0x20000068   Data          24  lmt70.o(.data)
    __stdout                                 0x20000080   Data           4  port_debug.o(.data)
    __stdin                                  0x20000084   Data           4  port_debug.o(.data)
    ITM_RxBuffer                             0x20000088   Data           4  port_debug.o(.data)
    lmt70flag                                0x20000094   Data           4  timer.o(.data)
    F16x16                                   0x20000098   Data         576  oled.o(.data)
    BMP1                                     0x200002d8   Data        1024  oled.o(.data)
    TIM5CH1_CAPTURE_STA                      0x200006d8   Data           1  distimer.o(.data)
    TIM5CH1_CAPTURE_VAL                      0x200006dc   Data           4  distimer.o(.data)
    strx                                     0x200006e0   Data           4  exti.o(.data)
    extstrx                                  0x200006e4   Data           4  exti.o(.data)
    ledtime                                  0x200006e8   Data           4  exti.o(.data)
    iic_txbuf                                0x200006f0   Data         256  port_iic.o(.bss)
    TIM5_ICInitStructure                     0x200007f0   Data          10  distimer.o(.bss)
    __libspace_start                         0x200007fc   Data          96  libspace.o(.bss)
    __temporary_stack_top$libspace           0x2000085c   Data           0  libspace.o(.bss)



==============================================================================

Memory Map of the image

  Image Entry point : 0x08000189

  Load Region LR_IROM1 (Base: 0x08000000, Size: 0x0000661c, Max: 0x00100000, ABSOLUTE, COMPRESSED[0x00006268])

    Execution Region ER_IROM1 (Base: 0x08000000, Size: 0x00005f2c, Max: 0x00100000, ABSOLUTE)

    Base Addr    Size         Type   Attr      Idx    E Section Name        Object

    0x08000000   0x00000188   Data   RO          312    RESET               startup_stm32f40_41xxx.o
    0x08000188   0x00000008   Code   RO          867  * !!!main             c_w.l(__main.o)
    0x08000190   0x00000034   Code   RO         1153    !!!scatter          c_w.l(__scatter.o)
    0x080001c4   0x0000005a   Code   RO         1151    !!dczerorl2         c_w.l(__dczerorl2.o)
    0x0800021e   0x00000002   PAD
    0x08000220   0x0000001c   Code   RO         1155    !!handler_zi        c_w.l(__scatter_zi.o)
    0x0800023c   0x00000000   Code   RO          864    .ARM.Collect$$_printf_percent$$00000000  c_w.l(_printf_percent.o)
    0x0800023c   0x00000006   Code   RO          910    .ARM.Collect$$_printf_percent$$00000001  c_w.l(_printf_n.o)
    0x08000242   0x00000006   Code   RO          911    .ARM.Collect$$_printf_percent$$00000002  c_w.l(_printf_p.o)
    0x08000248   0x00000006   Code   RO          915    .ARM.Collect$$_printf_percent$$00000003  c_w.l(_printf_f.o)
    0x0800024e   0x00000006   Code   RO          916    .ARM.Collect$$_printf_percent$$00000004  c_w.l(_printf_e.o)
    0x08000254   0x00000006   Code   RO          917    .ARM.Collect$$_printf_percent$$00000005  c_w.l(_printf_g.o)
    0x0800025a   0x00000006   Code   RO          918    .ARM.Collect$$_printf_percent$$00000006  c_w.l(_printf_a.o)
    0x08000260   0x0000000a   Code   RO          923    .ARM.Collect$$_printf_percent$$00000007  c_w.l(_printf_ll.o)
    0x0800026a   0x00000006   Code   RO          913    .ARM.Collect$$_printf_percent$$00000008  c_w.l(_printf_i.o)
    0x08000270   0x00000006   Code   RO          863    .ARM.Collect$$_printf_percent$$00000009  c_w.l(_printf_d.o)
    0x08000276   0x00000006   Code   RO          914    .ARM.Collect$$_printf_percent$$0000000A  c_w.l(_printf_u.o)
    0x0800027c   0x00000006   Code   RO          912    .ARM.Collect$$_printf_percent$$0000000B  c_w.l(_printf_o.o)
    0x08000282   0x00000006   Code   RO          862    .ARM.Collect$$_printf_percent$$0000000C  c_w.l(_printf_x.o)
    0x08000288   0x00000006   Code   RO          920    .ARM.Collect$$_printf_percent$$0000000D  c_w.l(_printf_lli.o)
    0x0800028e   0x00000006   Code   RO          921    .ARM.Collect$$_printf_percent$$0000000E  c_w.l(_printf_lld.o)
    0x08000294   0x00000006   Code   RO          922    .ARM.Collect$$_printf_percent$$0000000F  c_w.l(_printf_llu.o)
    0x0800029a   0x00000006   Code   RO          927    .ARM.Collect$$_printf_percent$$00000010  c_w.l(_printf_llo.o)
    0x080002a0   0x00000006   Code   RO          928    .ARM.Collect$$_printf_percent$$00000011  c_w.l(_printf_llx.o)
    0x080002a6   0x0000000a   Code   RO          924    .ARM.Collect$$_printf_percent$$00000012  c_w.l(_printf_l.o)
    0x080002b0   0x00000006   Code   RO          909    .ARM.Collect$$_printf_percent$$00000013  c_w.l(_printf_c.o)
    0x080002b6   0x00000006   Code   RO          861    .ARM.Collect$$_printf_percent$$00000014  c_w.l(_printf_s.o)
    0x080002bc   0x00000006   Code   RO          925    .ARM.Collect$$_printf_percent$$00000015  c_w.l(_printf_lc.o)
    0x080002c2   0x00000006   Code   RO          926    .ARM.Collect$$_printf_percent$$00000016  c_w.l(_printf_ls.o)
    0x080002c8   0x00000004   Code   RO          919    .ARM.Collect$$_printf_percent$$00000017  c_w.l(_printf_percent_end.o)
    0x080002cc   0x00000002   Code   RO         1015    .ARM.Collect$$libinit$$00000000  c_w.l(libinit.o)
    0x080002ce   0x00000004   Code   RO         1034    .ARM.Collect$$libinit$$00000001  c_w.l(libinit2.o)
    0x080002d2   0x00000000   Code   RO         1037    .ARM.Collect$$libinit$$00000004  c_w.l(libinit2.o)
    0x080002d2   0x00000000   Code   RO         1040    .ARM.Collect$$libinit$$0000000A  c_w.l(libinit2.o)
    0x080002d2   0x00000000   Code   RO         1042    .ARM.Collect$$libinit$$0000000C  c_w.l(libinit2.o)
    0x080002d2   0x00000000   Code   RO         1044    .ARM.Collect$$libinit$$0000000E  c_w.l(libinit2.o)
    0x080002d2   0x00000006   Code   RO         1045    .ARM.Collect$$libinit$$0000000F  c_w.l(libinit2.o)
    0x080002d8   0x00000000   Code   RO         1047    .ARM.Collect$$libinit$$00000011  c_w.l(libinit2.o)
    0x080002d8   0x0000000c   Code   RO         1048    .ARM.Collect$$libinit$$00000012  c_w.l(libinit2.o)
    0x080002e4   0x00000000   Code   RO         1049    .ARM.Collect$$libinit$$00000013  c_w.l(libinit2.o)
    0x080002e4   0x00000000   Code   RO         1051    .ARM.Collect$$libinit$$00000015  c_w.l(libinit2.o)
    0x080002e4   0x0000000a   Code   RO         1052    .ARM.Collect$$libinit$$00000016  c_w.l(libinit2.o)
    0x080002ee   0x00000000   Code   RO         1053    .ARM.Collect$$libinit$$00000017  c_w.l(libinit2.o)
    0x080002ee   0x00000000   Code   RO         1055    .ARM.Collect$$libinit$$00000019  c_w.l(libinit2.o)
    0x080002ee   0x00000000   Code   RO         1057    .ARM.Collect$$libinit$$0000001B  c_w.l(libinit2.o)
    0x080002ee   0x00000000   Code   RO         1059    .ARM.Collect$$libinit$$0000001D  c_w.l(libinit2.o)
    0x080002ee   0x00000000   Code   RO         1061    .ARM.Collect$$libinit$$0000001F  c_w.l(libinit2.o)
    0x080002ee   0x00000000   Code   RO         1063    .ARM.Collect$$libinit$$00000021  c_w.l(libinit2.o)
    0x080002ee   0x00000000   Code   RO         1065    .ARM.Collect$$libinit$$00000023  c_w.l(libinit2.o)
    0x080002ee   0x00000000   Code   RO         1067    .ARM.Collect$$libinit$$00000025  c_w.l(libinit2.o)
    0x080002ee   0x00000000   Code   RO         1071    .ARM.Collect$$libinit$$0000002C  c_w.l(libinit2.o)
    0x080002ee   0x00000000   Code   RO         1073    .ARM.Collect$$libinit$$0000002E  c_w.l(libinit2.o)
    0x080002ee   0x00000000   Code   RO         1075    .ARM.Collect$$libinit$$00000030  c_w.l(libinit2.o)
    0x080002ee   0x00000000   Code   RO         1077    .ARM.Collect$$libinit$$00000032  c_w.l(libinit2.o)
    0x080002ee   0x00000002   Code   RO         1078    .ARM.Collect$$libinit$$00000033  c_w.l(libinit2.o)
    0x080002f0   0x00000002   Code   RO         1106    .ARM.Collect$$libshutdown$$00000000  c_w.l(libshutdown.o)
    0x080002f2   0x00000000   Code   RO         1119    .ARM.Collect$$libshutdown$$00000003  c_w.l(libshutdown2.o)
    0x080002f2   0x00000000   Code   RO         1122    .ARM.Collect$$libshutdown$$00000006  c_w.l(libshutdown2.o)
    0x080002f2   0x00000000   Code   RO         1125    .ARM.Collect$$libshutdown$$00000009  c_w.l(libshutdown2.o)
    0x080002f2   0x00000000   Code   RO         1127    .ARM.Collect$$libshutdown$$0000000B  c_w.l(libshutdown2.o)
    0x080002f2   0x00000000   Code   RO         1130    .ARM.Collect$$libshutdown$$0000000E  c_w.l(libshutdown2.o)
    0x080002f2   0x00000002   Code   RO         1131    .ARM.Collect$$libshutdown$$0000000F  c_w.l(libshutdown2.o)
    0x080002f4   0x00000000   Code   RO          879    .ARM.Collect$$rtentry$$00000000  c_w.l(__rtentry.o)
    0x080002f4   0x00000000   Code   RO          939    .ARM.Collect$$rtentry$$00000002  c_w.l(__rtentry2.o)
    0x080002f4   0x00000006   Code   RO          951    .ARM.Collect$$rtentry$$00000004  c_w.l(__rtentry4.o)
    0x080002fa   0x00000000   Code   RO          941    .ARM.Collect$$rtentry$$00000009  c_w.l(__rtentry2.o)
    0x080002fa   0x00000004   Code   RO          942    .ARM.Collect$$rtentry$$0000000A  c_w.l(__rtentry2.o)
    0x080002fe   0x00000000   Code   RO          944    .ARM.Collect$$rtentry$$0000000C  c_w.l(__rtentry2.o)
    0x080002fe   0x00000008   Code   RO          945    .ARM.Collect$$rtentry$$0000000D  c_w.l(__rtentry2.o)
    0x08000306   0x00000002   Code   RO         1023    .ARM.Collect$$rtexit$$00000000  c_w.l(rtexit.o)
    0x08000308   0x00000000   Code   RO         1080    .ARM.Collect$$rtexit$$00000002  c_w.l(rtexit2.o)
    0x08000308   0x00000004   Code   RO         1081    .ARM.Collect$$rtexit$$00000003  c_w.l(rtexit2.o)
    0x0800030c   0x00000006   Code   RO         1082    .ARM.Collect$$rtexit$$00000004  c_w.l(rtexit2.o)
    0x08000312   0x00000002   PAD
    0x08000314   0x0000027c   Code   RO            3    .text               main.o
    0x08000590   0x0000001a   Code   RO          170    .text               stm32f4xx_it.o
    0x080005aa   0x00000002   PAD
    0x080005ac   0x00000210   Code   RO          193    .text               system_stm32f4xx.o
    0x080007bc   0x00000104   Code   RO          263    .text               usart.o
    0x080008c0   0x00000104   Code   RO          290    .text               delay.o
    0x080009c4   0x00000040   Code   RO          313    .text               startup_stm32f40_41xxx.o
    0x08000a04   0x000000e0   Code   RO          319    .text               misc.o
    0x08000ae4   0x00000294   Code   RO          339    .text               stm32f4xx_gpio.o
    0x08000d78   0x0000065c   Code   RO          382    .text               stm32f4xx_rcc.o
    0x080013d4   0x00000094   Code   RO          404    .text               stm32f4xx_syscfg.o
    0x08001468   0x00000454   Code   RO          424    .text               stm32f4xx_usart.o
    0x080018bc   0x00000ca2   Code   RO          444    .text               stm32f4xx_tim.o
    0x0800255e   0x00000002   PAD
    0x08002560   0x00000110   Code   RO          464    .text               stm32f4xx_exti.o
    0x08002670   0x0000003c   Code   RO          484    .text               my_app.o
    0x080026ac   0x000000b4   Code   RO          525    .text               lmt70.o
    0x08002760   0x00000300   Code   RO          548    .text               mcp3421.o
    0x08002a60   0x00000080   Code   RO          571    .text               port_debug.o
    0x08002ae0   0x000000f8   Code   RO          608    .text               port_delay.o
    0x08002bd8   0x00000378   Code   RO          630    .text               port_iic.o
    0x08002f50   0x00000084   Code   RO          653    .text               timer.o
    0x08002fd4   0x00000718   Code   RO          679    .text               oled.o
    0x080036ec   0x000001c0   Code   RO          706    .text               distimer.o
    0x080038ac   0x000000cc   Code   RO          730    .text               exti.o
    0x08003978   0x000000f8   Code   RO          759    .text               key.o
    0x08003a70   0x0000007c   Code   RO          780    .text               led.o
    0x08003aec   0x00000002   Code   RO          800    .text               c_w.l(use_no_semi.o)
    0x08003aee   0x00000048   Code   RO          802    .text               c_w.l(llsdiv.o)
    0x08003b36   0x00000002   PAD
    0x08003b38   0x0000000c   Code   RO          804    .text               c_w.l(c89vprintf.o)
    0x08003b44   0x00000018   Code   RO          806    .text               c_w.l(__2printf.o)
    0x08003b5c   0x0000002c   Code   RO          808    .text               c_w.l(__2sprintf.o)
    0x08003b88   0x00000052   Code   RO          816    .text               c_w.l(_printf_str.o)
    0x08003bda   0x00000002   PAD
    0x08003bdc   0x00000078   Code   RO          818    .text               c_w.l(_printf_dec.o)
    0x08003c54   0x00000094   Code   RO          838    .text               c_w.l(_printf_hex_int_ll_ptr.o)
    0x08003ce8   0x00000188   Code   RO          858    .text               c_w.l(__printf_flags_ss_wp.o)
    0x08003e70   0x00000006   Code   RO          865    .text               c_w.l(heapauxi.o)
    0x08003e76   0x000000ee   Code   RO          880    .text               c_w.l(lludivv7m.o)
    0x08003f64   0x0000004e   Code   RO          882    .text               c_w.l(_printf_pad.o)
    0x08003fb2   0x00000024   Code   RO          884    .text               c_w.l(_printf_truncate.o)
    0x08003fd6   0x000000b2   Code   RO          886    .text               c_w.l(_printf_intcommon.o)
    0x08004088   0x00000028   Code   RO          888    .text               c_w.l(_printf_charcount.o)
    0x080040b0   0x00000030   Code   RO          890    .text               c_w.l(_printf_char_common.o)
    0x080040e0   0x0000000a   Code   RO          892    .text               c_w.l(_sputc.o)
    0x080040ea   0x0000002c   Code   RO          894    .text               c_w.l(_printf_char.o)
    0x08004116   0x00000002   PAD
    0x08004118   0x00000024   Code   RO          896    .text               c_w.l(_printf_char_file.o)
    0x0800413c   0x000000bc   Code   RO          898    .text               c_w.l(_printf_wctomb.o)
    0x080041f8   0x0000007c   Code   RO          901    .text               c_w.l(_printf_longlong_dec.o)
    0x08004274   0x00000070   Code   RO          907    .text               c_w.l(_printf_oct_int_ll.o)
    0x080042e4   0x0000008a   Code   RO          957    .text               c_w.l(lludiv10.o)
    0x0800436e   0x0000041a   Code   RO          959    .text               c_w.l(_printf_fp_dec.o)
    0x08004788   0x0000002c   Code   RO          963    .text               c_w.l(_printf_wchar.o)
    0x080047b4   0x00000040   Code   RO          965    .text               c_w.l(_wcrtomb.o)
    0x080047f4   0x0000004a   Code   RO          967    .text               c_w.l(sys_stackheap_outer.o)
    0x0800483e   0x00000002   PAD
    0x08004840   0x00000010   Code   RO          969    .text               c_w.l(rt_ctype_table.o)
    0x08004850   0x00000008   Code   RO          976    .text               c_w.l(rt_locale_intlibspace.o)
    0x08004858   0x00000080   Code   RO          978    .text               c_w.l(_printf_fp_infnan.o)
    0x080048d8   0x000000dc   Code   RO          980    .text               c_w.l(bigflt0.o)
    0x080049b4   0x0000000c   Code   RO         1008    .text               c_w.l(exit.o)
    0x080049c0   0x00000008   Code   RO         1020    .text               c_w.l(libspace.o)
    0x080049c8   0x00000080   Code   RO         1032    .text               c_w.l(strcmpv7m.o)
    0x08004a48   0x0000003e   Code   RO          983    CL$$btod_d2e        c_w.l(btod.o)
    0x08004a86   0x00000046   Code   RO          985    CL$$btod_d2e_denorm_low  c_w.l(btod.o)
    0x08004acc   0x00000060   Code   RO          984    CL$$btod_d2e_norm_op1  c_w.l(btod.o)
    0x08004b2c   0x00000338   Code   RO          993    CL$$btod_div_common  c_w.l(btod.o)
    0x08004e64   0x000000c6   Code   RO          990    CL$$btod_e2e        c_w.l(btod.o)
    0x08004f2a   0x00000028   Code   RO          987    CL$$btod_ediv       c_w.l(btod.o)
    0x08004f52   0x00000028   Code   RO          986    CL$$btod_emul       c_w.l(btod.o)
    0x08004f7a   0x00000244   Code   RO          992    CL$$btod_mult_common  c_w.l(btod.o)
    0x080051be   0x00000030   Code   RO         1018    i.__ARM_fpclassify  m_wm.l(fpclassify.o)
    0x080051ee   0x0000000e   Code   RO          851    i._is_digit         c_w.l(__printf_wp.o)
    0x080051fc   0x0000002c   Code   RO         1006    locale$$code        c_w.l(lc_numeric_c.o)
    0x08005228   0x0000002c   Code   RO         1026    locale$$code        c_w.l(lc_ctype_c.o)
    0x08005254   0x00000062   Code   RO          869    x$fpl$d2f           fz_wm.l(d2f.o)
    0x080052b6   0x00000026   Code   RO          871    x$fpl$dfltu         fz_wm.l(dflt_clz.o)
    0x080052dc   0x00000154   Code   RO          877    x$fpl$dmul          fz_wm.l(dmul.o)
    0x08005430   0x0000009c   Code   RO          929    x$fpl$dnaninf       fz_wm.l(dnaninf.o)
    0x080054cc   0x0000000c   Code   RO          931    x$fpl$dretinf       fz_wm.l(dretinf.o)
    0x080054d8   0x0000000a   Code   RO         1094    x$fpl$fpinit        fz_wm.l(fpinit.o)
    0x080054e2   0x0000000a   Code   RO          933    x$fpl$fretinf       fz_wm.l(fretinf.o)
    0x080054ec   0x00000004   Code   RO          935    x$fpl$printf1       fz_wm.l(printf1.o)
    0x080054f0   0x00000000   Code   RO          937    x$fpl$usenofp       fz_wm.l(usenofp.o)
    0x080054f0   0x00000818   Data   RO          680    .constdata          oled.o
    0x08005d08   0x00000028   Data   RO          839    .constdata          c_w.l(_printf_hex_int_ll_ptr.o)
    0x08005d30   0x00000011   Data   RO          859    .constdata          c_w.l(__printf_flags_ss_wp.o)
    0x08005d41   0x00000003   PAD
    0x08005d44   0x00000008   Data   RO          899    .constdata          c_w.l(_printf_wctomb.o)
    0x08005d4c   0x00000094   Data   RO          981    .constdata          c_w.l(bigflt0.o)
    0x08005de0   0x00000020   Data   RO         1149    Region$$Table       anon$$obj.o
    0x08005e00   0x0000001c   Data   RO         1005    locale$$data        c_w.l(lc_numeric_c.o)
    0x08005e1c   0x00000110   Data   RO         1025    locale$$data        c_w.l(lc_ctype_c.o)


    Execution Region RW_IRAM1 (Base: 0x20000000, Size: 0x00000e60, Max: 0x00020000, ABSOLUTE, COMPRESSED[0x0000033c])

    Base Addr    Size         Type   Attr      Idx    E Section Name        Object

    0x20000000   0x00000010   Data   RW            4    .data               main.o
    0x20000010   0x00000014   Data   RW          194    .data               system_stm32f4xx.o
    0x20000024   0x00000004   Data   RW          291    .data               delay.o
    0x20000028   0x00000010   Data   RW          383    .data               stm32f4xx_rcc.o
    0x20000038   0x00000015   Data   RW          485    .data               my_app.o
    0x2000004d   0x00000003   PAD
    0x20000050   0x00000030   Data   RW          526    .data               lmt70.o
    0x20000080   0x0000000c   Data   RW          572    .data               port_debug.o
    0x2000008c   0x00000005   Data   RW          609    .data               port_delay.o
    0x20000091   0x00000003   PAD
    0x20000094   0x00000004   Data   RW          654    .data               timer.o
    0x20000098   0x00000640   Data   RW          681    .data               oled.o
    0x200006d8   0x00000008   Data   RW          708    .data               distimer.o
    0x200006e0   0x0000000c   Data   RW          731    .data               exti.o
    0x200006ec   0x00000001   Data   RW          760    .data               key.o
    0x200006ed   0x00000003   PAD
    0x200006f0   0x00000100   Zero   RW          631    .bss                port_iic.o
    0x200007f0   0x0000000a   Zero   RW          707    .bss                distimer.o
    0x200007fa   0x00000002   PAD
    0x200007fc   0x00000060   Zero   RW         1021    .bss                c_w.l(libspace.o)
    0x2000085c   0x00000004   PAD
    0x20000860   0x00000200   Zero   RW          311    HEAP                startup_stm32f40_41xxx.o
    0x20000a60   0x00000400   Zero   RW          310    STACK               startup_stm32f40_41xxx.o


==============================================================================

Image component sizes


      Code (inc. data)   RO Data    RW Data    ZI Data      Debug   Object Name

       260          8          0          4          0       1509   delay.o
       448         28          0          8         10       1601   distimer.o
       204         42          0         12          0       1097   exti.o
       248         18          0          1          0        872   key.o
       124          4          0          0          0        718   led.o
       180         12          0         48          0       1798   lmt70.o
       636        126          0         16          0     282081   main.o
       768         38          0          0          0       2966   mcp3421.o
       224         20          0          0          0       1889   misc.o
        60         12          0         21          0       2208   my_app.o
      1816         26       2072       1600          0       7035   oled.o
       128         20          0         12          0       4317   port_debug.o
       248         12          0          5          0       1318   port_delay.o
       888         16          0          0        256       3970   port_iic.o
        64         26        392          0       1536        864   startup_stm32f40_41xxx.o
       272         10          0          0          0       2335   stm32f4xx_exti.o
       660         44          0          0          0       4169   stm32f4xx_gpio.o
        26          0          0          0          0       1258   stm32f4xx_it.o
      1628         52          0         16          0      12988   stm32f4xx_rcc.o
       148         12          0          0          0       1881   stm32f4xx_syscfg.o
      3234         60          0          0          0      22372   stm32f4xx_tim.o
      1108         34          0          0          0       7868   stm32f4xx_usart.o
         0          0          0          0          0     231580   sys.o
       528         46          0         20          0       1887   system_stm32f4xx.o
       132         10          0          4          0       1072   timer.o
       260         12          0          0          0        974   usart.o

    ----------------------------------------------------------------------
     14296        688       2496       1776       1804     602627   Object Totals
         0          0         32          0          0          0   (incl. Generated)
         4          0          0          9          2          0   (incl. Padding)

    ----------------------------------------------------------------------

      Code (inc. data)   RO Data    RW Data    ZI Data      Debug   Library Member Name

        24          4          0          0          0         84   __2printf.o
        44          6          0          0          0         84   __2sprintf.o
        90          0          0          0          0          0   __dczerorl2.o
         8          0          0          0          0         68   __main.o
       392          4         17          0          0         92   __printf_flags_ss_wp.o
        14          0          0          0          0         68   __printf_wp.o
         0          0          0          0          0          0   __rtentry.o
        12          0          0          0          0          0   __rtentry2.o
         6          0          0          0          0          0   __rtentry4.o
        52          8          0          0          0          0   __scatter.o
        28          0          0          0          0          0   __scatter_zi.o
         6          0          0          0          0          0   _printf_a.o
         6          0          0          0          0          0   _printf_c.o
        44          0          0          0          0        108   _printf_char.o
        48          6          0          0          0         96   _printf_char_common.o
        36          4          0          0          0         80   _printf_char_file.o
        40          0          0          0          0         68   _printf_charcount.o
         6          0          0          0          0          0   _printf_d.o
       120         16          0          0          0         92   _printf_dec.o
         6          0          0          0          0          0   _printf_e.o
         6          0          0          0          0          0   _printf_f.o
      1050          0          0          0          0        216   _printf_fp_dec.o
       128         16          0          0          0         84   _printf_fp_infnan.o
         6          0          0          0          0          0   _printf_g.o
       148          4         40          0          0        160   _printf_hex_int_ll_ptr.o
         6          0          0          0          0          0   _printf_i.o
       178          0          0          0          0         88   _printf_intcommon.o
        10          0          0          0          0          0   _printf_l.o
         6          0          0          0          0          0   _printf_lc.o
        10          0          0          0          0          0   _printf_ll.o
         6          0          0          0          0          0   _printf_lld.o
         6          0          0          0          0          0   _printf_lli.o
         6          0          0          0          0          0   _printf_llo.o
         6          0          0          0          0          0   _printf_llu.o
         6          0          0          0          0          0   _printf_llx.o
       124         16          0          0          0         92   _printf_longlong_dec.o
         6          0          0          0          0          0   _printf_ls.o
         6          0          0          0          0          0   _printf_n.o
         6          0          0          0          0          0   _printf_o.o
       112          8          0          0          0        124   _printf_oct_int_ll.o
         6          0          0          0          0          0   _printf_p.o
        78          0          0          0          0        108   _printf_pad.o
         0          0          0          0          0          0   _printf_percent.o
         4          0          0          0          0          0   _printf_percent_end.o
         6          0          0          0          0          0   _printf_s.o
        82          0          0          0          0         80   _printf_str.o
        36          0          0          0          0         84   _printf_truncate.o
         6          0          0          0          0          0   _printf_u.o
        44          0          0          0          0        108   _printf_wchar.o
       188          6          8          0          0         92   _printf_wctomb.o
         6          0          0          0          0          0   _printf_x.o
        10          0          0          0          0         68   _sputc.o
        64          0          0          0          0         92   _wcrtomb.o
       220          4        148          0          0         96   bigflt0.o
      1910        128          0          0          0        672   btod.o
        12          4          0          0          0         68   c89vprintf.o
        12          0          0          0          0         72   exit.o
         6          0          0          0          0        152   heapauxi.o
        44         10        272          0          0         76   lc_ctype_c.o
        44         10         28          0          0         76   lc_numeric_c.o
         2          0          0          0          0          0   libinit.o
        34          0          0          0          0          0   libinit2.o
         2          0          0          0          0          0   libshutdown.o
         2          0          0          0          0          0   libshutdown2.o
         8          4          0          0         96         68   libspace.o
        72          0          0          0          0         76   llsdiv.o
       138          0          0          0          0         80   lludiv10.o
       238          0          0          0          0        100   lludivv7m.o
        16          4          0          0          0         76   rt_ctype_table.o
         8          4          0          0          0         68   rt_locale_intlibspace.o
         2          0          0          0          0          0   rtexit.o
        10          0          0          0          0          0   rtexit2.o
       128          0          0          0          0         68   strcmpv7m.o
        74          0          0          0          0         80   sys_stackheap_outer.o
         2          0          0          0          0         68   use_no_semi.o
        98          4          0          0          0        140   d2f.o
        38          0          0          0          0        116   dflt_clz.o
       340         12          0          0          0        152   dmul.o
       156          4          0          0          0        140   dnaninf.o
        12          0          0          0          0        116   dretinf.o
        10          0          0          0          0        116   fpinit.o
        10          0          0          0          0        116   fretinf.o
         4          0          0          0          0        116   printf1.o
         0          0          0          0          0          0   usenofp.o
        48          0          0          0          0        124   fpclassify.o

    ----------------------------------------------------------------------
      7056        286        516          0        100       5268   Library Totals
        12          0          3          0          4          0   (incl. Padding)

    ----------------------------------------------------------------------

      Code (inc. data)   RO Data    RW Data    ZI Data      Debug   Library Name

      6328        266        513          0         96       4132   c_w.l
       668         20          0          0          0       1012   fz_wm.l
        48          0          0          0          0        124   m_wm.l

    ----------------------------------------------------------------------
      7056        286        516          0        100       5268   Library Totals

    ----------------------------------------------------------------------

==============================================================================


      Code (inc. data)   RO Data    RW Data    ZI Data      Debug   

     21352        974       3012       1776       1904     600559   Grand Totals
     21352        974       3012        828       1904     600559   ELF Image Totals (compressed)
     21352        974       3012        828          0          0   ROM Totals

==============================================================================

    Total RO  Size (Code + RO Data)                24364 (  23.79kB)
    Total RW  Size (RW Data + ZI Data)              3680 (   3.59kB)
    Total ROM Size (Code + RO Data + RW Data)      25192 (  24.60kB)

==============================================================================

