<html>
<body>
<pre>
<h1>礦ision Build Log</h1>
<h2>Tool Versions:</h2>
IDE-Version: μVision V5.15
Copyright (C) 2015 ARM Ltd and ARM Germany GmbH. All rights reserved.
License Information: jj jjj, jjj, LIC=P6FVE-5HPX8-KSQYM-XTHSR-K9DMI-Y1G5U
 
Tool Versions:
Toolchain:       MDK-ARM Professional  Version: 5.15.0
Toolchain Path:  C:\mdk\ARM\ARMCC\Bin
C Compiler:      Armcc.exe V5.05 update 2 (build 169)
Assembler:       Armasm.exe V5.05 update 2 (build 169)
Linker/Locator:  ArmLink.exe V5.05 update 2 (build 169)
Library Manager: ArmAr.exe V5.05 update 2 (build 169)
Hex Converter:   FromElf.exe V5.05 update 2 (build 169)
CPU DLL:         SARMCM3.DLL V5.15.0
Dialog DLL:      DCM.DLL V1.13.2.0
Target DLL:      CMSIS_AGDI.dll V1.21.12.0
Dialog DLL:      TCM.DLL V1.14.5.0
 
<h2>Project:</h2>
C:\Users\certainly\Desktop\麦格米特\麦格米特lmt70\lmt70_ext_adc_f4lib\USER\IIC.uvprojx
Project File Date:  12/06/2020

<h2>Output:</h2>
*** Using Compiler 'V5.05 update 2 (build 169)', folder: 'C:\mdk\ARM\ARMCC\Bin'
Rebuild target 'Pragram'
compiling main.c...
main.c(59): warning:  #167-D: argument of type "char *" is incompatible with parameter of type "u8 *"
          OLED_P8x16Str(70,0,b);
main.c(60): warning:  #167-D: argument of type "char *" is incompatible with parameter of type "u8 *"
                OLED_P8x16Str(80,0,b2);
main.c(20): warning:  #177-D: variable "xiaoshu" was declared but never referenced
        int xiaoshu;
main.c: 3 warnings, 0 errors
compiling stm32f4xx_it.c...
compiling system_stm32f4xx.c...
compiling sys.c...
compiling usart.c...
compiling delay.c...
assembling startup_stm32f40_41xxx.s...
compiling misc.c...
compiling stm32f4xx_gpio.c...
compiling stm32f4xx_fsmc.c...
compiling stm32f4xx_rcc.c...
compiling stm32f4xx_syscfg.c...
compiling stm32f4xx_usart.c...
compiling stm32f4xx_tim.c...
compiling stm32f4xx_exti.c...
compiling my_app.c...
compiling lmt70.c...
compiling mcp3421.c...
compiling port_debug.c...
compiling port_delay.c...
compiling port_iic.c...
compiling timer.c...
compiling oled.c...
compiling distimer.c...
compiling exti.c...
compiling key.c...
compiling led.c...
linking...
Program Size: Code=21352 RO-data=3012 RW-data=1776 ZI-data=1904  
FromELF: creating hex file...
"..\OBJ\Pargram.axf" - 0 Error(s), 3 Warning(s).

<h2>Collection of Component include folders:</h2>
  C:\Users\certainly\Desktop\麦格米特\麦格米特lmt70\lmt70_ext_adc_f4lib\USER\RTE
  C:\mdk\ARM\PACK\Keil\STM32F4xx_DFP\2.5.0\Drivers\CMSIS\Device\ST\STM32F4xx\Include

<h2>Collection of Component Files used:</h2>
</pre>
</body>
</html>
