<html>
<body>
<pre>
<h1>礦ision Build Log</h1>
<h2>Tool Versions:</h2>
IDE-Version: μVision V5.21.1.0
Copyright (C) 2016 ARM Ltd and ARM Germany GmbH. All rights reserved.
License Information: 11 Administrator, 1, LIC=V85FW-Q0Y0U-TLECD-8XJW2-Z9PMH-YMG87
 
Tool Versions:
Toolchain:       MDK-ARM Professional  Version: 5.21a
Toolchain Path:  D:\Program Files\keil_v5\ARM\ARMCC\Bin
C Compiler:      Armcc.exe V5.06 update 3 (build 300)
Assembler:       Armasm.exe V5.06 update 3 (build 300)
Linker/Locator:  ArmLink.exe V5.06 update 3 (build 300)
Library Manager: ArmAr.exe V5.06 update 3 (build 300)
Hex Converter:   FromElf.exe V5.06 update 3 (build 300)
CPU DLL:         SARMCM3.DLL V5.21a
Dialog DLL:      DCM.DLL V1.13.8.0
Target DLL:      CMSIS_AGDI.dll V1.26.5.0
Dialog DLL:      TCM.DLL V1.14.14.0
 
<h2>Project:</h2>
C:\Users\Administrator\Desktop\麦格米特最终代码\OpenMVdrawline - 副本\MDK-ARM\OpenMVdrawline.uvprojx
Project File Date:  12/13/2020

<h2>Output:</h2>
*** Using Compiler 'V5.06 update 3 (build 300)', folder: 'D:\Program Files\keil_v5\ARM\ARMCC\Bin'
Rebuild target 'OpenMVdrawline'
assembling startup_stm32f407xx.s...
compiling stm32f4xx_hal_tim_ex.c...
compiling main.c...
../Core/Src/main.c(107): warning:  #223-D: function "printf" declared implicitly
  		printf("AT+NMGS=1,00\r\n\r\n");
../Core/Src/main.c(112): warning:  #223-D: function "printf" declared implicitly
  		printf("AT+NMGS=1,01\r\n\r\n");
../Core/Src/main.c(173): warning:  #223-D: function "printf" declared implicitly
  				printf("AT+NMGS=1,01\r\n\r\n");
../Core/Src/main.c(179): warning:  #223-D: function "memset" declared implicitly
          memset(aRxbuffer,0x00,sizeof(aRxbuffer)); //娓?绌?鏁?缁?
../Core/Src/main.c: 4 warnings, 0 errors
compiling stm32f4xx_hal_uart.c...
compiling stm32f4xx_hal_tim.c...
compiling gpio.c...
compiling stm32f4xx_hal_rcc.c...
compiling stm32f4xx_hal_rcc_ex.c...
compiling usart.c...
compiling stm32f4xx_it.c...
compiling stm32f4xx_hal_msp.c...
compiling stm32f4xx_hal_flash.c...
compiling stm32f4xx_hal_flash_ramfunc.c...
compiling stm32f4xx_hal.c...
compiling stm32f4xx_hal_pwr_ex.c...
compiling stm32f4xx_hal_gpio.c...
compiling stm32f4xx_hal_cortex.c...
compiling stm32f4xx_hal_dma.c...
compiling stm32f4xx_hal_flash_ex.c...
compiling system_stm32f4xx.c...
compiling stm32f4xx_hal_pwr.c...
compiling stm32f4xx_hal_exti.c...
compiling stm32f4xx_hal_dma_ex.c...
linking...
Program Size: Code=5020 RO-data=448 RW-data=28 ZI-data=1476  
FromELF: creating hex file...
"OpenMVdrawline\OpenMVdrawline.axf" - 0 Error(s), 4 Warning(s).

<h2>Software Packages used:</h2>

Package Vendor: ARM
                http://www.keil.com/pack/ARM.CMSIS.4.5.0.pack
                ARM::CMSIS:CORE:4.3.0
                CMSIS (Cortex Microcontroller Software Interface Standard)
   * Component: CORE Version: 4.3.0

<h2>Collection of Component include folders:</h2>
  C:\Users\Administrator\Desktop\麦格米特最终代码\OpenMVdrawline - 副本\MDK-ARM\RTE
  D:\Program Files\keil_v5\ARM\PACK\ARM\CMSIS\4.5.0\CMSIS\Include
  D:\Program Files\keil_v5\ARM\PACK\Keil\STM32F4xx_DFP\2.9.0\Drivers\CMSIS\Device\ST\STM32F4xx\Include

<h2>Collection of Component Files used:</h2>

   * Component: ARM::CMSIS:CORE:4.3.0
Build Time Elapsed:  00:00:42
</pre>
</body>
</html>
